[    0.000000] Initializing cgroup subsys cpuset
[    0.000000] Initializing cgroup subsys cpu
[    0.000000] Initializing cgroup subsys cpuacct
[    0.000000] Linux version 3.10.0-693.2.2.el7.x86_64 (builder@kbuilder.dev.centos.org) (gcc version 4.8.5 20150623 (Red Hat 4.8.5-16) (GCC) ) #1 SMP Tue Sep 12 22:26:13 UTC 2017
[    0.000000] Command line: BOOT_IMAGE=/boot/vmlinuz-3.10.0-693.2.2.el7.x86_64 root=UUID=eb448abb-3012-4d8d-bcde-94434d586a31 ro crashkernel=auto rhgb quiet net.ifnames=0 console=tty0 console=ttyS0,115200n8
[    0.000000] e820: BIOS-provided physical RAM map:
[    0.000000] BIOS-e820: [mem 0x0000000000000000-0x000000000009fbff] usable
[    0.000000] BIOS-e820: [mem 0x000000000009fc00-0x000000000009ffff] reserved
[    0.000000] BIOS-e820: [mem 0x00000000000f0000-0x00000000000fffff] reserved
[    0.000000] BIOS-e820: [mem 0x0000000000100000-0x00000000bffdffff] usable
[    0.000000] BIOS-e820: [mem 0x00000000bffe0000-0x00000000bfffffff] reserved
[    0.000000] BIOS-e820: [mem 0x00000000feffc000-0x00000000feffffff] reserved
[    0.000000] BIOS-e820: [mem 0x00000000fffc0000-0x00000000ffffffff] reserved
[    0.000000] BIOS-e820: [mem 0x0000000100000000-0x000000043fffffff] usable
[    0.000000] NX (Execute Disable) protection: active
[    0.000000] SMBIOS 2.8 present.
[    0.000000] DMI: Alibaba Cloud Alibaba Cloud ECS, BIOS rel-1.7.5-0-ge51488c-20140602_164612-nilsson.home.kraxel.org 04/01/2014
[    0.000000] Hypervisor detected: KVM
[    0.000000] e820: update [mem 0x00000000-0x00000fff] usable ==> reserved
[    0.000000] e820: remove [mem 0x000a0000-0x000fffff] usable
[    0.000000] e820: last_pfn = 0x440000 max_arch_pfn = 0x400000000
[    0.000000] MTRR default type: write-back
[    0.000000] MTRR fixed ranges enabled:
[    0.000000]   00000-9FFFF write-back
[    0.000000]   A0000-BFFFF uncachable
[    0.000000]   C0000-FFFFF write-protect
[    0.000000] MTRR variable ranges enabled:
[    0.000000]   0 base 0000C0000000 mask 3FFFC0000000 uncachable
[    0.000000]   1 disabled
[    0.000000]   2 disabled
[    0.000000]   3 disabled
[    0.000000]   4 disabled
[    0.000000]   5 disabled
[    0.000000]   6 disabled
[    0.000000]   7 disabled
[    0.000000] x86 PAT enabled: cpu 0, old 0x7040600070406, new 0x7010600070106
[    0.000000] e820: last_pfn = 0xbffe0 max_arch_pfn = 0x400000000
[    0.000000] found SMP MP-table at [mem 0x000f0e80-0x000f0e8f] mapped at [ffff8800000f0e80]
[    0.000000] Base memory trampoline at [ffff880000099000] 99000 size 24576
[    0.000000] Using GB pages for direct mapping
[    0.000000] BRK [0x01fe9000, 0x01fe9fff] PGTABLE
[    0.000000] BRK [0x01fea000, 0x01feafff] PGTABLE
[    0.000000] BRK [0x01feb000, 0x01febfff] PGTABLE
[    0.000000] RAMDISK: [mem 0x35e41000-0x36f18fff]
[    0.000000] Early table checksum verification disabled
[    0.000000] ACPI: RSDP 00000000000f0c20 00014 (v00 BOCHS )
[    0.000000] ACPI: RSDT 00000000bffe1a5a 00034 (v01 BOCHS  BXPCRSDT 00000001 BXPC 00000001)
[    0.000000] ACPI: FACP 00000000bffe0b52 00074 (v01 BOCHS  BXPCFACP 00000001 BXPC 00000001)
[    0.000000] ACPI: DSDT 00000000bffe0040 00B12 (v01 BOCHS  BXPCDSDT 00000001 BXPC 00000001)
[    0.000000] ACPI: FACS 00000000bffe0000 00040
[    0.000000] ACPI: SSDT 00000000bffe0bc6 00D1C (v01 BOCHS  BXPCSSDT 00000001 BXPC 00000001)
[    0.000000] ACPI: APIC 00000000bffe18e2 00090 (v01 BOCHS  BXPCAPIC 00000001 BXPC 00000001)
[    0.000000] ACPI: SRAT 00000000bffe1972 000E8 (v01 BOCHS  BXPCSRAT 00000001 BXPC 00000001)
[    0.000000] ACPI: Local APIC address 0xfee00000
[    0.000000] SRAT: PXM 0 -> APIC 0x00 -> Node 0
[    0.000000] SRAT: PXM 0 -> APIC 0x01 -> Node 0
[    0.000000] SRAT: PXM 0 -> APIC 0x02 -> Node 0
[    0.000000] SRAT: PXM 0 -> APIC 0x03 -> Node 0
[    0.000000] SRAT: Node 0 PXM 0 [mem 0x00000000-0x0009ffff]
[    0.000000] SRAT: Node 0 PXM 0 [mem 0x00100000-0xbfffffff]
[    0.000000] SRAT: Node 0 PXM 0 [mem 0x100000000-0x43fffffff]
[    0.000000] NUMA: Node 0 [mem 0x00000000-0x0009ffff] + [mem 0x00100000-0xbfffffff] -> [mem 0x00000000-0xbfffffff]
[    0.000000] NUMA: Node 0 [mem 0x00000000-0xbfffffff] + [mem 0x100000000-0x43fffffff] -> [mem 0x00000000-0x43fffffff]
[    0.000000] NODE_DATA(0) allocated [mem 0x43ffd7000-0x43fffdfff]
[    0.000000] Reserving 161MB of memory at 688MB for crashkernel (System RAM: 16383MB)
[    0.000000] kvm-clock: Using msrs 4b564d01 and 4b564d00
[    0.000000] kvm-clock: cpu 0, msr 4:3ff87001, primary cpu clock
[    0.000000] kvm-clock: using sched offset of 6848890947 cycles
[    0.000000] Zone ranges:
[    0.000000]   DMA      [mem 0x00001000-0x00ffffff]
[    0.000000]   DMA32    [mem 0x01000000-0xffffffff]
[    0.000000]   Normal   [mem 0x100000000-0x43fffffff]
[    0.000000] Movable zone start for each node
[    0.000000] Early memory node ranges
[    0.000000]   node   0: [mem 0x00001000-0x0009efff]
[    0.000000]   node   0: [mem 0x00100000-0xbffdffff]
[    0.000000]   node   0: [mem 0x100000000-0x43fffffff]
[    0.000000] Initmem setup node 0 [mem 0x00001000-0x43fffffff]
[    0.000000] On node 0 totalpages: 4194174
[    0.000000]   DMA zone: 64 pages used for memmap
[    0.000000]   DMA zone: 21 pages reserved
[    0.000000]   DMA zone: 3998 pages, LIFO batch:0
[    0.000000]   DMA32 zone: 12224 pages used for memmap
[    0.000000]   DMA32 zone: 782304 pages, LIFO batch:31
[    0.000000]   Normal zone: 53248 pages used for memmap
[    0.000000]   Normal zone: 3407872 pages, LIFO batch:31
[    0.000000] ACPI: PM-Timer IO Port: 0x608
[    0.000000] ACPI: Local APIC address 0xfee00000
[    0.000000] ACPI: LAPIC (acpi_id[0x00] lapic_id[0x00] enabled)
[    0.000000] ACPI: LAPIC (acpi_id[0x01] lapic_id[0x01] enabled)
[    0.000000] ACPI: LAPIC (acpi_id[0x02] lapic_id[0x02] enabled)
[    0.000000] ACPI: LAPIC (acpi_id[0x03] lapic_id[0x03] enabled)
[    0.000000] ACPI: LAPIC_NMI (acpi_id[0xff] dfl dfl lint[0x1])
[    0.000000] ACPI: IOAPIC (id[0x00] address[0xfec00000] gsi_base[0])
[    0.000000] IOAPIC[0]: apic_id 0, version 17, address 0xfec00000, GSI 0-23
[    0.000000] ACPI: INT_SRC_OVR (bus 0 bus_irq 0 global_irq 2 dfl dfl)
[    0.000000] ACPI: INT_SRC_OVR (bus 0 bus_irq 5 global_irq 5 high level)
[    0.000000] ACPI: INT_SRC_OVR (bus 0 bus_irq 9 global_irq 9 high level)
[    0.000000] ACPI: INT_SRC_OVR (bus 0 bus_irq 10 global_irq 10 high level)
[    0.000000] ACPI: INT_SRC_OVR (bus 0 bus_irq 11 global_irq 11 high level)
[    0.000000] ACPI: IRQ0 used by override.
[    0.000000] ACPI: IRQ5 used by override.
[    0.000000] ACPI: IRQ9 used by override.
[    0.000000] ACPI: IRQ10 used by override.
[    0.000000] ACPI: IRQ11 used by override.
[    0.000000] Using ACPI (MADT) for SMP configuration information
[    0.000000] smpboot: Allowing 4 CPUs, 0 hotplug CPUs
[    0.000000] PM: Registered nosave memory: [mem 0x0009f000-0x0009ffff]
[    0.000000] PM: Registered nosave memory: [mem 0x000a0000-0x000effff]
[    0.000000] PM: Registered nosave memory: [mem 0x000f0000-0x000fffff]
[    0.000000] PM: Registered nosave memory: [mem 0xbffe0000-0xbfffffff]
[    0.000000] PM: Registered nosave memory: [mem 0xc0000000-0xfeffbfff]
[    0.000000] PM: Registered nosave memory: [mem 0xfeffc000-0xfeffffff]
[    0.000000] PM: Registered nosave memory: [mem 0xff000000-0xfffbffff]
[    0.000000] PM: Registered nosave memory: [mem 0xfffc0000-0xffffffff]
[    0.000000] e820: [mem 0xc0000000-0xfeffbfff] available for PCI devices
[    0.000000] Booting paravirtualized kernel on KVM
[    0.000000] setup_percpu: NR_CPUS:5120 nr_cpumask_bits:4 nr_cpu_ids:4 nr_node_ids:1
[    0.000000] PERCPU: Embedded 33 pages/cpu @ffff88043fc00000 s97048 r8192 d29928 u524288
[    0.000000] pcpu-alloc: s97048 r8192 d29928 u524288 alloc=1*2097152
[    0.000000] pcpu-alloc: [0] 0 1 2 3 
[    0.000000] KVM setup async PF for cpu 0
[    0.000000] kvm-stealtime: cpu 0, msr 43fc0f440
[    0.000000] PV qspinlock hash table entries: 256 (order: 0, 4096 bytes)
[    0.000000] Built 1 zonelists in Zone order, mobility grouping on.  Total pages: 4128617
[    0.000000] Policy zone: Normal
[    0.000000] Kernel command line: BOOT_IMAGE=/boot/vmlinuz-3.10.0-693.2.2.el7.x86_64 root=UUID=eb448abb-3012-4d8d-bcde-94434d586a31 ro crashkernel=auto rhgb quiet net.ifnames=0 console=tty0 console=ttyS0,115200n8
[    0.000000] PID hash table entries: 4096 (order: 3, 32768 bytes)
[    0.000000] x86/fpu: xstate_offset[2]: 0240, xstate_sizes[2]: 0100
[    0.000000] xsave: enabled xstate_bv 0x7, cntxt size 0x340 using standard form
[    0.000000] Memory: 4978256k/17825792k available (6886k kernel code, 1049096k absent, 528004k reserved, 4545k data, 1764k init)
[    0.000000] SLUB: HWalign=64, Order=0-3, MinObjects=0, CPUs=4, Nodes=1
[    0.000000] Hierarchical RCU implementation.
[    0.000000] 	RCU restricting CPUs from NR_CPUS=5120 to nr_cpu_ids=4.
[    0.000000] NR_IRQS:327936 nr_irqs:456 0
[    0.000000] Console: colour VGA+ 80x25
[    0.000000] console [tty0] enabled
[    0.000000] console [ttyS0] enabled
[    0.000000] allocated 67108864 bytes of page_cgroup
[    0.000000] please try 'cgroup_disable=memory' option if you don't want memory cgroups
[    0.000000] tsc: Detected 2494.224 MHz processor
[    0.199936] Calibrating delay loop (skipped) preset value.. 4988.44 BogoMIPS (lpj=2494224)
[    0.199940] pid_max: default: 32768 minimum: 301
[    0.199961] Security Framework initialized
[    0.199969] SELinux:  Initializing.
[    0.199980] SELinux:  Starting in permissive mode
[    0.199981] Yama: becoming mindful.
[    0.201545] Dentry cache hash table entries: 2097152 (order: 12, 16777216 bytes)
[    0.208683] Inode-cache hash table entries: 1048576 (order: 11, 8388608 bytes)
[    0.211363] Mount-cache hash table entries: 32768 (order: 6, 262144 bytes)
[    0.211380] Mountpoint-cache hash table entries: 32768 (order: 6, 262144 bytes)
[    0.211572] Initializing cgroup subsys memory
[    0.211578] Initializing cgroup subsys devices
[    0.211580] Initializing cgroup subsys freezer
[    0.211581] Initializing cgroup subsys net_cls
[    0.211583] Initializing cgroup subsys blkio
[    0.211584] Initializing cgroup subsys perf_event
[    0.211586] Initializing cgroup subsys hugetlb
[    0.211587] Initializing cgroup subsys pids
[    0.211589] Initializing cgroup subsys net_prio
[    0.211665] CPU: Physical Processor ID: 0
[    0.211666] CPU: Processor Core ID: 0
[    0.212447] mce: CPU supports 10 MCE banks
[    0.212493] Last level iTLB entries: 4KB 0, 2MB 0, 4MB 0
[    0.212495] Last level dTLB entries: 4KB 64, 2MB 0, 4MB 0
[    0.212496] tlb_flushall_shift: 6
[    0.213949] Freeing SMP alternatives: 24k freed
[    0.219923] ACPI: Core revision 20130517
[    0.220577] ACPI: All ACPI Tables successfully acquired
[    0.220622] ftrace: allocating 26586 entries in 104 pages
[    0.246945] smpboot: Max logical packages: 2
[    0.247161] Enabling x2apic
[    0.247167] Enabled x2apic
[    0.247363] Switched APIC routing to physical x2apic.
[    0.248423] ..TIMER: vector=0x30 apic1=0 pin1=2 apic2=-1 pin2=-1
[    0.248426] smpboot: CPU0: Intel(R) Xeon(R) CPU E5-2682 v4 @ 2.50GHz (fam: 06, model: 4f, stepping: 01)
[    0.248447] TSC deadline timer enabled
[    0.248458] Performance Events: unsupported p6 CPU model 79 no PMU driver, software events only.
[    0.248481] KVM setup paravirtual spinlock
[    0.255612] kvm-clock: cpu 1, msr 4:3ff87041, secondary cpu clock
[    0.258629] KVM setup async PF for cpu 1
[    0.258635] kvm-stealtime: cpu 1, msr 43fc8f440
[    0.264113] kvm-clock: cpu 2, msr 4:3ff87081, secondary cpu clock
[    0.267126] KVM setup async PF for cpu 2
[    0.267131] kvm-stealtime: cpu 2, msr 43fd0f440
[    0.250191] smpboot: Booting Node   0, Processors  #1 #2 #3 OK
[    0.272599] kvm-clock: cpu 3, msr 4:3ff870c1, secondary cpu clock
[    0.275611] Brought up 4 CPUs
[    0.275613] smpboot: Total of 4 processors activated (19953.79 BogoMIPS)
[    0.275615] KVM setup async PF for cpu 3
[    0.275620] kvm-stealtime: cpu 3, msr 43fd8f440
[    0.327801] node 0 initialised, 2817609 pages in 51ms
[    0.328131] devtmpfs: initialized
[    0.330348] EVM: security.selinux
[    0.330350] EVM: security.ima
[    0.330351] EVM: security.capability
[    0.331398] atomic64 test passed for x86-64 platform with CX8 and with SSE
[    0.331400] pinctrl core: initialized pinctrl subsystem
[    0.331503] RTC time: 19:26:56, date: 04/12/18
[    0.331596] NET: Registered protocol family 16
[    0.331901] ACPI: bus type PCI registered
[    0.331903] acpiphp: ACPI Hot Plug PCI Controller Driver version: 0.5
[    0.332004] PCI: Using configuration type 1 for base access
[    0.336935] ACPI: Added _OSI(Module Device)
[    0.336937] ACPI: Added _OSI(Processor Device)
[    0.336938] ACPI: Added _OSI(3.0 _SCP Extensions)
[    0.336939] ACPI: Added _OSI(Processor Aggregator Device)
[    0.337461] ACPI: EC: Look up EC in DSDT
[    0.338171] ACPI: Interpreter enabled
[    0.338180] ACPI: (supports S0 S5)
[    0.338181] ACPI: Using IOAPIC for interrupt routing
[    0.338191] PCI: Using host bridge windows from ACPI; if necessary, use "pci=nocrs" and report a bug
[    0.340281] ACPI: PCI Root Bridge [PCI0] (domain 0000 [bus 00-ff])
[    0.340286] acpi PNP0A03:00: _OSC: OS supports [ASPM ClockPM Segments MSI]
[    0.340290] acpi PNP0A03:00: _OSC failed (AE_NOT_FOUND); disabling ASPM
[    0.340323] acpi PNP0A03:00: fail to add MMCONFIG information, can't access extended PCI configuration space under this bridge.
[    0.340544] acpiphp: Slot [3] registered
[    0.340563] acpiphp: Slot [4] registered
[    0.340577] acpiphp: Slot [5] registered
[    0.340590] acpiphp: Slot [6] registered
[    0.340604] acpiphp: Slot [7] registered
[    0.340617] acpiphp: Slot [8] registered
[    0.340631] acpiphp: Slot [9] registered
[    0.340648] acpiphp: Slot [10] registered
[    0.340662] acpiphp: Slot [11] registered
[    0.340676] acpiphp: Slot [12] registered
[    0.340689] acpiphp: Slot [13] registered
[    0.340702] acpiphp: Slot [14] registered
[    0.340715] acpiphp: Slot [15] registered
[    0.340728] acpiphp: Slot [16] registered
[    0.340742] acpiphp: Slot [17] registered
[    0.340755] acpiphp: Slot [18] registered
[    0.340768] acpiphp: Slot [19] registered
[    0.340781] acpiphp: Slot [20] registered
[    0.340794] acpiphp: Slot [21] registered
[    0.340807] acpiphp: Slot [22] registered
[    0.340821] acpiphp: Slot [23] registered
[    0.340834] acpiphp: Slot [24] registered
[    0.340851] acpiphp: Slot [25] registered
[    0.340864] acpiphp: Slot [26] registered
[    0.340877] acpiphp: Slot [27] registered
[    0.340890] acpiphp: Slot [28] registered
[    0.340903] acpiphp: Slot [29] registered
[    0.340916] acpiphp: Slot [30] registered
[    0.340929] acpiphp: Slot [31] registered
[    0.340939] PCI host bridge to bus 0000:00
[    0.340941] pci_bus 0000:00: root bus resource [bus 00-ff]
[    0.340943] pci_bus 0000:00: root bus resource [io  0x0000-0x0cf7 window]
[    0.340945] pci_bus 0000:00: root bus resource [io  0x0d00-0xadff window]
[    0.340947] pci_bus 0000:00: root bus resource [io  0xae0f-0xaeff window]
[    0.340948] pci_bus 0000:00: root bus resource [io  0xaf20-0xafdf window]
[    0.340950] pci_bus 0000:00: root bus resource [io  0xafe4-0xffff window]
[    0.340952] pci_bus 0000:00: root bus resource [mem 0x000a0000-0x000bffff window]
[    0.340953] pci_bus 0000:00: root bus resource [mem 0xc0000000-0xfebfffff window]
[    0.340982] pci 0000:00:00.0: [8086:1237] type 00 class 0x060000
[    0.341271] pci 0000:00:01.0: [8086:7000] type 00 class 0x060100
[    0.341659] pci 0000:00:01.1: [8086:7010] type 00 class 0x010180
[    0.348207] pci 0000:00:01.1: reg 0x20: [io  0xc140-0xc14f]
[    0.350646] pci 0000:00:01.1: legacy IDE quirk: reg 0x10: [io  0x01f0-0x01f7]
[    0.350648] pci 0000:00:01.1: legacy IDE quirk: reg 0x14: [io  0x03f6]
[    0.350650] pci 0000:00:01.1: legacy IDE quirk: reg 0x18: [io  0x0170-0x0177]
[    0.350651] pci 0000:00:01.1: legacy IDE quirk: reg 0x1c: [io  0x0376]
[    0.350771] pci 0000:00:01.2: [8086:7020] type 00 class 0x0c0300
[    0.356892] pci 0000:00:01.2: reg 0x20: [io  0xc0c0-0xc0df]
[    0.359457] pci 0000:00:01.3: [8086:7113] type 00 class 0x068000
[    0.359745] pci 0000:00:01.3: quirk: [io  0x0600-0x063f] claimed by PIIX4 ACPI
[    0.359753] pci 0000:00:01.3: quirk: [io  0x0700-0x070f] claimed by PIIX4 SMB
[    0.359920] pci 0000:00:02.0: [1013:00b8] type 00 class 0x030000
[    0.362582] pci 0000:00:02.0: reg 0x10: [mem 0xfc000000-0xfdffffff pref]
[    0.365107] pci 0000:00:02.0: reg 0x14: [mem 0xfebd0000-0xfebd0fff]
[    0.377713] pci 0000:00:02.0: reg 0x30: [mem 0xfebc0000-0xfebcffff pref]
[    0.377879] pci 0000:00:03.0: [1af4:1000] type 00 class 0x020000
[    0.380253] pci 0000:00:03.0: reg 0x10: [io  0xc0e0-0xc0ff]
[    0.382613] pci 0000:00:03.0: reg 0x14: [mem 0xfebd1000-0xfebd1fff]
[    0.394258] pci 0000:00:03.0: reg 0x30: [mem 0xfeb80000-0xfebbffff pref]
[    0.394503] pci 0000:00:04.0: [1af4:1003] type 00 class 0x078000
[    0.396851] pci 0000:00:04.0: reg 0x10: [io  0xc100-0xc11f]
[    0.399174] pci 0000:00:04.0: reg 0x14: [mem 0xfebd2000-0xfebd2fff]
[    0.411120] pci 0000:00:05.0: [1af4:1001] type 00 class 0x010000
[    0.413505] pci 0000:00:05.0: reg 0x10: [io  0xc000-0xc03f]
[    0.415860] pci 0000:00:05.0: reg 0x14: [mem 0xfebd3000-0xfebd3fff]
[    0.427808] pci 0000:00:06.0: [1af4:1001] type 00 class 0x010000
[    0.430192] pci 0000:00:06.0: reg 0x10: [io  0xc040-0xc07f]
[    0.432552] pci 0000:00:06.0: reg 0x14: [mem 0xfebd4000-0xfebd4fff]
[    0.444475] pci 0000:00:07.0: [1af4:1001] type 00 class 0x010000
[    0.446875] pci 0000:00:07.0: reg 0x10: [io  0xc080-0xc0bf]
[    0.449207] pci 0000:00:07.0: reg 0x14: [mem 0xfebd5000-0xfebd5fff]
[    0.461013] pci 0000:00:08.0: [1af4:1002] type 00 class 0x00ff00
[    0.462247] pci 0000:00:08.0: reg 0x10: [io  0xc120-0xc13f]
[    0.470074] ACPI: PCI Interrupt Link [LNKA] (IRQs 5 *10 11)
[    0.470149] ACPI: PCI Interrupt Link [LNKB] (IRQs 5 *10 11)
[    0.470209] ACPI: PCI Interrupt Link [LNKC] (IRQs 5 10 *11)
[    0.470268] ACPI: PCI Interrupt Link [LNKD] (IRQs 5 10 *11)
[    0.470301] ACPI: PCI Interrupt Link [LNKS] (IRQs *9)
[    0.470658] ACPI: Enabled 16 GPEs in block 00 to 0F
[    0.470841] vgaarb: device added: PCI:0000:00:02.0,decodes=io+mem,owns=io+mem,locks=none
[    0.470845] vgaarb: loaded
[    0.470846] vgaarb: bridge control possible 0000:00:02.0
[    0.470925] SCSI subsystem initialized
[    0.470956] ACPI: bus type USB registered
[    0.470980] usbcore: registered new interface driver usbfs
[    0.470989] usbcore: registered new interface driver hub
[    0.471047] usbcore: registered new device driver usb
[    0.471231] PCI: Using ACPI for IRQ routing
[    0.471233] PCI: pci_cache_line_size set to 64 bytes
[    0.471383] e820: reserve RAM buffer [mem 0x0009fc00-0x0009ffff]
[    0.471385] e820: reserve RAM buffer [mem 0xbffe0000-0xbfffffff]
[    0.471500] NetLabel: Initializing
[    0.471501] NetLabel:  domain hash size = 128
[    0.471502] NetLabel:  protocols = UNLABELED CIPSOv4
[    0.471513] NetLabel:  unlabeled traffic allowed by default
[    0.471551] amd_nb: Cannot enumerate AMD northbridges
[    0.471589] Switched to clocksource kvm-clock
[    0.476537] pnp: PnP ACPI init
[    0.476552] ACPI: bus type PNP registered
[    0.476622] pnp 00:00: Plug and Play ACPI device, IDs PNP0b00 (active)
[    0.476669] pnp 00:01: Plug and Play ACPI device, IDs PNP0303 (active)
[    0.476700] pnp 00:02: Plug and Play ACPI device, IDs PNP0f13 (active)
[    0.476733] pnp 00:03: [dma 2]
[    0.476746] pnp 00:03: Plug and Play ACPI device, IDs PNP0700 (active)
[    0.476821] pnp 00:04: Plug and Play ACPI device, IDs PNP0501 (active)
[    0.476965] pnp: PnP ACPI: found 5 devices
[    0.476966] ACPI: bus type PNP unregistered
[    0.484611] pci_bus 0000:00: resource 4 [io  0x0000-0x0cf7 window]
[    0.484614] pci_bus 0000:00: resource 5 [io  0x0d00-0xadff window]
[    0.484615] pci_bus 0000:00: resource 6 [io  0xae0f-0xaeff window]
[    0.484617] pci_bus 0000:00: resource 7 [io  0xaf20-0xafdf window]
[    0.484618] pci_bus 0000:00: resource 8 [io  0xafe4-0xffff window]
[    0.484620] pci_bus 0000:00: resource 9 [mem 0x000a0000-0x000bffff window]
[    0.484622] pci_bus 0000:00: resource 10 [mem 0xc0000000-0xfebfffff window]
[    0.484655] NET: Registered protocol family 2
[    0.484905] TCP established hash table entries: 131072 (order: 8, 1048576 bytes)
[    0.485135] TCP bind hash table entries: 65536 (order: 8, 1048576 bytes)
[    0.485312] TCP: Hash tables configured (established 131072 bind 65536)
[    0.485350] TCP: reno registered
[    0.485366] UDP hash table entries: 8192 (order: 6, 262144 bytes)
[    0.485426] UDP-Lite hash table entries: 8192 (order: 6, 262144 bytes)
[    0.485531] NET: Registered protocol family 1
[    0.485550] pci 0000:00:00.0: Limiting direct PCI/PCI transfers
[    0.485566] pci 0000:00:01.0: PIIX3: Enabling Passive Release
[    0.485581] pci 0000:00:01.0: Activating ISA DMA hang workarounds
[    0.509292] ACPI: PCI Interrupt Link [LNKD] enabled at IRQ 11
[    0.533794] pci 0000:00:02.0: Boot video device
[    0.533842] PCI: CLS 0 bytes, default 64
[    0.533897] Unpacking initramfs...
[    0.740778] Freeing initrd memory: 17248k freed
[    0.745751] PCI-DMA: Using software bounce buffering for IO (SWIOTLB)
[    0.745756] software IO TLB [mem 0xbbfe0000-0xbffe0000] (64MB) mapped at [ffff8800bbfe0000-ffff8800bffdffff]
[    0.746543] sha1_ssse3: Using AVX optimized SHA-1 implementation
[    0.746649] sha256_ssse3: Using AVX2 optimized SHA-256 implementation
[    0.746980] futex hash table entries: 1024 (order: 4, 65536 bytes)
[    0.746995] Initialise system trusted keyring
[    0.747013] audit: initializing netlink socket (disabled)
[    0.747032] type=2000 audit(1523532416.554:1): initialized
[    0.766430] HugeTLB registered 1 GB page size, pre-allocated 0 pages
[    0.766439] HugeTLB registered 2 MB page size, pre-allocated 0 pages
[    0.767303] zpool: loaded
[    0.767306] zbud: loaded
[    0.767442] VFS: Disk quotas dquot_6.5.2
[    0.767466] Dquot-cache hash table entries: 512 (order 0, 4096 bytes)
[    0.767641] msgmni has been set to 31769
[    0.767687] Key type big_key registered
[    0.767691] SELinux:  Registering netfilter hooks
[    0.769725] NET: Registered protocol family 38
[    0.769731] Key type asymmetric registered
[    0.769733] Asymmetric key parser 'x509' registered
[    0.769758] Block layer SCSI generic (bsg) driver version 0.4 loaded (major 250)
[    0.769826] io scheduler noop registered
[    0.769830] io scheduler deadline registered (default)
[    0.769859] io scheduler cfq registered
[    0.769962] pci_hotplug: PCI Hot Plug PCI Core version: 0.5
[    0.769969] pciehp: PCI Express Hot Plug Controller Driver version: 0.4
[    0.770029] intel_idle: does not run on family 6 model 79
[    0.770082] input: Power Button as /devices/LNXSYSTM:00/LNXPWRBN:00/input/input0
[    0.770085] ACPI: Power Button [PWRF]
[    0.770250] GHES: HEST is not enabled!
[    0.770345] Serial: 8250/16550 driver, 4 ports, IRQ sharing enabled
[    0.793966] 00:04: ttyS0 at I/O 0x3f8 (irq = 4) is a 16550A
[    0.794437] Non-volatile memory driver v1.3
[    0.794474] Linux agpgart interface v0.103
[    0.794613] crash memory driver: version 1.1
[    0.794665] rdac: device handler registered
[    0.794731] hp_sw: device handler registered
[    0.794735] emc: device handler registered
[    0.794738] alua: device handler registered
[    0.794768] libphy: Fixed MDIO Bus: probed
[    0.794817] ehci_hcd: USB 2.0 'Enhanced' Host Controller (EHCI) Driver
[    0.794822] ehci-pci: EHCI PCI platform driver
[    0.794830] ohci_hcd: USB 1.1 'Open' Host Controller (OHCI) Driver
[    0.794834] ohci-pci: OHCI PCI platform driver
[    0.794841] uhci_hcd: USB Universal Host Controller Interface driver
[    0.819747] uhci_hcd 0000:00:01.2: UHCI Host Controller
[    0.819809] uhci_hcd 0000:00:01.2: new USB bus registered, assigned bus number 1
[    0.819829] uhci_hcd 0000:00:01.2: detected 2 ports
[    0.819914] uhci_hcd 0000:00:01.2: irq 11, io base 0x0000c0c0
[    0.819991] usb usb1: New USB device found, idVendor=1d6b, idProduct=0001
[    0.819993] usb usb1: New USB device strings: Mfr=3, Product=2, SerialNumber=1
[    0.819994] usb usb1: Product: UHCI Host Controller
[    0.819996] usb usb1: Manufacturer: Linux 3.10.0-693.2.2.el7.x86_64 uhci_hcd
[    0.819997] usb usb1: SerialNumber: 0000:00:01.2
[    0.820095] hub 1-0:1.0: USB hub found
[    0.820100] hub 1-0:1.0: 2 ports detected
[    0.820223] usbcore: registered new interface driver usbserial
[    0.820228] usbcore: registered new interface driver usbserial_generic
[    0.820233] usbserial: USB Serial support registered for generic
[    0.820255] i8042: PNP: PS/2 Controller [PNP0303:KBD,PNP0f13:MOU] at 0x60,0x64 irq 1,12
[    0.820889] serio: i8042 KBD port at 0x60,0x64 irq 1
[    0.820895] serio: i8042 AUX port at 0x60,0x64 irq 12
[    0.821007] mousedev: PS/2 mouse device common for all mice
[    0.821252] input: AT Translated Set 2 keyboard as /devices/platform/i8042/serio0/input/input1
[    0.821844] input: VirtualPS/2 VMware VMMouse as /devices/platform/i8042/serio1/input/input2
[    0.821931] rtc_cmos 00:00: RTC can wake from S4
[    0.822248] input: VirtualPS/2 VMware VMMouse as /devices/platform/i8042/serio1/input/input3
[    0.822376] rtc_cmos 00:00: rtc core: registered rtc_cmos as rtc0
[    0.822486] rtc_cmos 00:00: alarms up to one day, 114 bytes nvram
[    0.822546] cpuidle: using governor menu
[    0.822645] hidraw: raw HID events driver (C) Jiri Kosina
[    0.822726] usbcore: registered new interface driver usbhid
[    0.822728] usbhid: USB HID core driver
[    0.822798] drop_monitor: Initializing network drop monitor service
[    0.822872] TCP: cubic registered
[    0.822877] Initializing XFRM netlink socket
[    0.822967] NET: Registered protocol family 10
[    0.823218] NET: Registered protocol family 17
[    0.823406] microcode: CPU0 sig=0x406f1, pf=0x1, revision=0x1
[    0.823423] microcode: CPU1 sig=0x406f1, pf=0x1, revision=0x1
[    0.823428] microcode: CPU2 sig=0x406f1, pf=0x1, revision=0x1
[    0.823452] microcode: CPU3 sig=0x406f1, pf=0x1, revision=0x1
[    0.823501] microcode: Microcode Update Driver: v2.01 <tigran@aivazian.fsnet.co.uk>, Peter Oruba
[    0.823670] PM: Hibernation image not present or could not be loaded.
[    0.823673] Loading compiled-in X.509 certificates
[    0.823692] Loaded X.509 cert 'CentOS Linux kpatch signing key: ea0413152cde1d98ebdca3fe6f0230904c9ef717'
[    0.823704] Loaded X.509 cert 'CentOS Linux Driver update signing key: 7f421ee0ab69461574bb358861dbe77762a4201b'
[    0.824084] Loaded X.509 cert 'CentOS Linux kernel signing key: c08b355341760f030a64e3c550e113cd47771ea9'
[    0.824102] registered taskstats version 1
[    0.826546] Key type trusted registered
[    0.828105] Key type encrypted registered
[    0.829638] IMA: No TPM chip found, activating TPM-bypass!
[    0.829954]   Magic number: 14:279:445
[    0.830105] rtc_cmos 00:00: setting system clock to 2018-04-12 19:26:56 UTC (1523561216)
[    0.830926] Freeing unused kernel memory: 1764k freed
[    0.833790] random: systemd: uninitialized urandom read (16 bytes read)
[    0.834309] random: systemd: uninitialized urandom read (16 bytes read)
[    0.834320] random: systemd: uninitialized urandom read (16 bytes read)
[    0.835273] systemd[1]: systemd 219 running in system mode. (+PAM +AUDIT +SELINUX +IMA -APPARMOR +SMACK +SYSVINIT +UTMP +LIBCRYPTSETUP +GCRYPT +GNUTLS +ACL +XZ -LZ4 -SECCOMP +BLKID +ELFUTILS +KMOD +IDN)
[    0.835292] systemd[1]: Detected virtualization kvm.
[    0.835295] systemd[1]: Detected architecture x86-64.
[    0.835297] systemd[1]: Running in initial RAM disk.
[    0.835321] systemd[1]: Set hostname to <localhost.localdomain>.
[    0.859480] random: systemd: uninitialized urandom read (16 bytes read)
[    0.859501] random: systemd: uninitialized urandom read (16 bytes read)
[    0.859533] random: systemd: uninitialized urandom read (16 bytes read)
[    0.859610] random: systemd: uninitialized urandom read (16 bytes read)
[    0.860100] random: systemd: uninitialized urandom read (16 bytes read)
[    0.860212] random: systemd: uninitialized urandom read (16 bytes read)
[    0.860369] random: systemd: uninitialized urandom read (16 bytes read)
[    0.863689] systemd[1]: Reached target Swap.
[    0.863698] systemd[1]: Starting Swap.
[    0.863708] systemd[1]: Reached target Timers.
[    0.863714] systemd[1]: Starting Timers.
[    0.863721] systemd[1]: Reached target Local File Systems.
[    0.863726] systemd[1]: Starting Local File Systems.
[    0.863860] systemd[1]: Created slice Root Slice.
[    0.863867] systemd[1]: Starting Root Slice.
[    0.863915] systemd[1]: Listening on Journal Socket.
[    0.863922] systemd[1]: Starting Journal Socket.
[    0.863994] systemd[1]: Created slice System Slice.
[    0.864001] systemd[1]: Starting System Slice.
[    0.864417] systemd[1]: Starting Create list of required static device nodes for the current kernel...
[    0.864827] systemd[1]: Starting Setup Virtual Console...
[    0.865306] systemd[1]: Starting Journal Service...
[    0.865993] systemd[1]: Starting dracut cmdline hook...
[    0.866686] systemd[1]: Starting Apply Kernel Variables...
[    0.866755] systemd[1]: Listening on udev Control Socket.
[    0.866774] systemd[1]: Starting udev Control Socket.
[    0.866811] systemd[1]: Listening on udev Kernel Socket.
[    0.866821] systemd[1]: Starting udev Kernel Socket.
[    0.866837] systemd[1]: Reached target Sockets.
[    0.866851] systemd[1]: Starting Sockets.
[    0.866873] systemd[1]: Reached target Slices.
[    0.866881] systemd[1]: Starting Slices.
[    0.867344] systemd[1]: Started Create list of required static device nodes for the current kernel.
[    0.868804] systemd[1]: Starting Create Static Device Nodes in /dev...
[    0.872052] systemd[1]: Started Apply Kernel Variables.
[    0.873103] systemd[1]: Started Create Static Device Nodes in /dev.
[    0.880023] systemd[1]: Started Journal Service.
[    1.010852] FDC 0 is a S82078B
[    1.024724] [drm] Initialized
[    1.027653] libata version 3.00 loaded.
[    1.054715] ACPI: PCI Interrupt Link [LNKC] enabled at IRQ 10
[    1.054798] virtio-pci 0000:00:03.0: virtio_pci: leaving for legacy driver
[    1.056534] ata_piix 0000:00:01.1: version 2.13
[    1.058344] scsi host0: ata_piix
[    1.058529] scsi host1: ata_piix
[    1.058565] ata1: PATA max MWDMA2 cmd 0x1f0 ctl 0x3f6 bmdma 0xc140 irq 14
[    1.058567] ata2: PATA max MWDMA2 cmd 0x170 ctl 0x376 bmdma 0xc148 irq 15
[    1.058924] [TTM] Zone  kernel: Available graphics memory: 8133864 kiB
[    1.058927] [TTM] Zone   dma32: Available graphics memory: 2097152 kiB
[    1.058928] [TTM] Initializing pool allocator
[    1.058933] [TTM] Initializing DMA pool allocator
[    1.059895] [drm] fb mappable at 0xFC000000
[    1.059897] [drm] vram aper at 0xFC000000
[    1.059899] [drm] size 33554432
[    1.059900] [drm] fb depth is 24
[    1.059901] [drm]    pitch is 3072
[    1.060019] fbcon: cirrusdrmfb (fb0) is primary device
[    1.082958] Console: switching to colour frame buffer device 128x48
[    1.092437] cirrus 0000:00:02.0: fb0: cirrusdrmfb frame buffer device
[    1.113625] [drm] Initialized cirrus 1.0.0 20110418 for 0000:00:02.0 on minor 0
[    1.122606] usb 1-1: new full-speed USB device number 2 using uhci_hcd
[    1.138623] virtio-pci 0000:00:04.0: virtio_pci: leaving for legacy driver
[    1.163659] ACPI: PCI Interrupt Link [LNKA] enabled at IRQ 10
[    1.163694] virtio-pci 0000:00:05.0: virtio_pci: leaving for legacy driver
[    1.187821] ACPI: PCI Interrupt Link [LNKB] enabled at IRQ 11
[    1.187855] virtio-pci 0000:00:06.0: virtio_pci: leaving for legacy driver
[    1.214123] virtio-pci 0000:00:07.0: virtio_pci: leaving for legacy driver
[    1.239762] virtio-pci 0000:00:08.0: virtio_pci: leaving for legacy driver
[    1.244166] virtio-pci 0000:00:05.0: irq 24 for MSI/MSI-X
[    1.244191] virtio-pci 0000:00:05.0: irq 25 for MSI/MSI-X
[    1.245047] virtio-pci 0000:00:04.0: irq 26 for MSI/MSI-X
[    1.245073] virtio-pci 0000:00:04.0: irq 27 for MSI/MSI-X
[    1.245513] virtio-pci 0000:00:03.0: irq 28 for MSI/MSI-X
[    1.245770] virtio-pci 0000:00:03.0: irq 29 for MSI/MSI-X
[    1.245798] virtio-pci 0000:00:03.0: irq 30 for MSI/MSI-X
[    1.247214]  vda: vda1
[    1.247544] virtio-pci 0000:00:06.0: irq 31 for MSI/MSI-X
[    1.247568] virtio-pci 0000:00:06.0: irq 32 for MSI/MSI-X
[    1.251879] virtio-pci 0000:00:07.0: irq 33 for MSI/MSI-X
[    1.251896] virtio-pci 0000:00:07.0: irq 34 for MSI/MSI-X
[    1.275517] usb 1-1: New USB device found, idVendor=0627, idProduct=0001
[    1.275522] usb 1-1: New USB device strings: Mfr=1, Product=3, SerialNumber=5
[    1.275524] usb 1-1: Product: QEMU USB Tablet
[    1.275526] usb 1-1: Manufacturer: QEMU
[    1.275528] usb 1-1: SerialNumber: 42
[    1.284616] input: QEMU QEMU USB Tablet as /devices/pci0000:00/0000:00:01.2/usb1/1-1/1-1:1.0/input/input4
[    1.284833] hid-generic 0003:0627:0001.0001: input,hidraw0: USB HID v0.01 Pointer [QEMU QEMU USB Tablet] on usb-0000:00:01.2-1/input0
[    1.312628] random: fast init done
[    1.748644] tsc: Refined TSC clocksource calibration: 2494.201 MHz
[    2.256178] EXT4-fs (vda1): mounted filesystem with ordered data mode. Opts: (null)
[    2.460190] systemd-journald[105]: Received SIGTERM from PID 1 (systemd).
[    2.618115] SELinux:  Disabled at runtime.
[    2.618138] SELinux:  Unregistering netfilter hooks
[    2.659608] type=1404 audit(1523561218.329:2): selinux=0 auid=4294967295 ses=4294967295
[    2.673141] systemd[1]: RTC configured in localtime, applying delta of 480 minutes to system time.
[    2.712058] ip_tables: (C) 2000-2006 Netfilter Core Team
[    2.712132] systemd[1]: Inserted module 'ip_tables'
[    3.062364] EXT4-fs (vda1): re-mounted. Opts: (null)
[    3.162299] systemd-journald[349]: Received request to flush runtime journal from PID 1
[    3.463070] piix4_smbus 0000:00:01.3: SMBus Host Controller at 0x700, revision 0
[    3.464557] type=1305 audit(1523532419.133:3): audit_pid=414 old=0 auid=4294967295 ses=4294967295 res=1
[    3.472768] input: PC Speaker as /devices/platform/pcspkr/input/input5
[    3.553236] ppdev: user-space parallel port driver
[    3.573040] AES CTR mode by8 optimization enabled
[    3.580688] alg: No test for __gcm-aes-aesni (__driver-gcm-aes-aesni)
[    3.591305] alg: No test for crc32 (crc32-pclmul)
[    3.603778] EDAC MC: Ver: 3.0.0
[    3.652036] EDAC sbridge: Seeking for: PCI ID 8086:6fa0
[    3.652041] EDAC sbridge:  Ver: 1.1.1 
[   13.382143] random: crng init done
[  474.952838] nr_pdflush_threads exported in /proc is scheduled for removal
