[    0.000000] Initializing cgroup subsys cpuset
[    0.000000] Initializing cgroup subsys cpu
[    0.000000] Initializing cgroup subsys cpuacct
[    0.000000] Linux version 3.10.0-693.2.2.el7.x86_64 (builder@kbuilder.dev.centos.org) (gcc version 4.8.5 20150623 (Red Hat 4.8.5-16) (GCC) ) #1 SMP Tue Sep 12 22:26:13 UTC 2017
[    0.000000] Command line: BOOT_IMAGE=/boot/vmlinuz-3.10.0-693.2.2.el7.x86_64 root=UUID=eb448abb-3012-4d8d-bcde-94434d586a31 ro crashkernel=auto rhgb quiet net.ifnames=0 console=tty0 console=ttyS0,115200n8
[    0.000000] e820: BIOS-provided physical RAM map:
[    0.000000] BIOS-e820: [mem 0x0000000000000000-0x000000000009fbff] usable
[    0.000000] BIOS-e820: [mem 0x000000000009fc00-0x000000000009ffff] reserved
[    0.000000] BIOS-e820: [mem 0x00000000000f0000-0x00000000000fffff] reserved
[    0.000000] BIOS-e820: [mem 0x0000000000100000-0x00000000bffdffff] usable
[    0.000000] BIOS-e820: [mem 0x00000000bffe0000-0x00000000bfffffff] reserved
[    0.000000] BIOS-e820: [mem 0x00000000feffc000-0x00000000feffffff] reserved
[    0.000000] BIOS-e820: [mem 0x00000000fffc0000-0x00000000ffffffff] reserved
[    0.000000] BIOS-e820: [mem 0x0000000100000000-0x000000013fffffff] usable
[    0.000000] NX (Execute Disable) protection: active
[    0.000000] SMBIOS 2.8 present.
[    0.000000] DMI: Alibaba Cloud Alibaba Cloud ECS, BIOS rel-1.7.5-0-ge51488c-20140602_164612-nilsson.home.kraxel.org 04/01/2014
[    0.000000] Hypervisor detected: KVM
[    0.000000] e820: update [mem 0x00000000-0x00000fff] usable ==> reserved
[    0.000000] e820: remove [mem 0x000a0000-0x000fffff] usable
[    0.000000] e820: last_pfn = 0x140000 max_arch_pfn = 0x400000000
[    0.000000] MTRR default type: write-back
[    0.000000] MTRR fixed ranges enabled:
[    0.000000]   00000-9FFFF write-back
[    0.000000]   A0000-BFFFF uncachable
[    0.000000]   C0000-FFFFF write-protect
[    0.000000] MTRR variable ranges enabled:
[    0.000000]   0 base 0000C0000000 mask 3FFFC0000000 uncachable
[    0.000000]   1 disabled
[    0.000000]   2 disabled
[    0.000000]   3 disabled
[    0.000000]   4 disabled
[    0.000000]   5 disabled
[    0.000000]   6 disabled
[    0.000000]   7 disabled
[    0.000000] x86 PAT enabled: cpu 0, old 0x7040600070406, new 0x7010600070106
[    0.000000] e820: last_pfn = 0xbffe0 max_arch_pfn = 0x400000000
[    0.000000] found SMP MP-table at [mem 0x000f0e90-0x000f0e9f] mapped at [ffff8800000f0e90]
[    0.000000] Base memory trampoline at [ffff880000099000] 99000 size 24576
[    0.000000] Using GB pages for direct mapping
[    0.000000] BRK [0x01fe9000, 0x01fe9fff] PGTABLE
[    0.000000] BRK [0x01fea000, 0x01feafff] PGTABLE
[    0.000000] BRK [0x01feb000, 0x01febfff] PGTABLE
[    0.000000] RAMDISK: [mem 0x35e41000-0x36f18fff]
[    0.000000] Early table checksum verification disabled
[    0.000000] ACPI: RSDP 00000000000f0c30 00014 (v00 BOCHS )
[    0.000000] ACPI: RSDT 00000000bffe1968 00034 (v01 BOCHS  BXPCRSDT 00000001 BXPC 00000001)
[    0.000000] ACPI: FACP 00000000bffe0b52 00074 (v01 BOCHS  BXPCFACP 00000001 BXPC 00000001)
[    0.000000] ACPI: DSDT 00000000bffe0040 00B12 (v01 BOCHS  BXPCDSDT 00000001 BXPC 00000001)
[    0.000000] ACPI: FACS 00000000bffe0000 00040
[    0.000000] ACPI: SSDT 00000000bffe0bc6 00C5A (v01 BOCHS  BXPCSSDT 00000001 BXPC 00000001)
[    0.000000] ACPI: APIC 00000000bffe1820 00080 (v01 BOCHS  BXPCAPIC 00000001 BXPC 00000001)
[    0.000000] ACPI: SRAT 00000000bffe18a0 000C8 (v01 BOCHS  BXPCSRAT 00000001 BXPC 00000001)
[    0.000000] ACPI: Local APIC address 0xfee00000
[    0.000000] SRAT: PXM 0 -> APIC 0x00 -> Node 0
[    0.000000] SRAT: PXM 0 -> APIC 0x01 -> Node 0
[    0.000000] SRAT: Node 0 PXM 0 [mem 0x00000000-0x0009ffff]
[    0.000000] SRAT: Node 0 PXM 0 [mem 0x00100000-0xbfffffff]
[    0.000000] SRAT: Node 0 PXM 0 [mem 0x100000000-0x13fffffff]
[    0.000000] NUMA: Node 0 [mem 0x00000000-0x0009ffff] + [mem 0x00100000-0xbfffffff] -> [mem 0x00000000-0xbfffffff]
[    0.000000] NUMA: Node 0 [mem 0x00000000-0xbfffffff] + [mem 0x100000000-0x13fffffff] -> [mem 0x00000000-0x13fffffff]
[    0.000000] NODE_DATA(0) allocated [mem 0x13ffd7000-0x13fffdfff]
[    0.000000] Reserving 161MB of memory at 688MB for crashkernel (System RAM: 4095MB)
[    0.000000] kvm-clock: Using msrs 4b564d01 and 4b564d00
[    0.000000] kvm-clock: cpu 0, msr 1:3ff87001, primary cpu clock
[    0.000000] kvm-clock: using sched offset of 6947084369 cycles
[    0.000000] Zone ranges:
[    0.000000]   DMA      [mem 0x00001000-0x00ffffff]
[    0.000000]   DMA32    [mem 0x01000000-0xffffffff]
[    0.000000]   Normal   [mem 0x100000000-0x13fffffff]
[    0.000000] Movable zone start for each node
[    0.000000] Early memory node ranges
[    0.000000]   node   0: [mem 0x00001000-0x0009efff]
[    0.000000]   node   0: [mem 0x00100000-0xbffdffff]
[    0.000000]   node   0: [mem 0x100000000-0x13fffffff]
[    0.000000] Initmem setup node 0 [mem 0x00001000-0x13fffffff]
[    0.000000] On node 0 totalpages: 1048446
[    0.000000]   DMA zone: 64 pages used for memmap
[    0.000000]   DMA zone: 21 pages reserved
[    0.000000]   DMA zone: 3998 pages, LIFO batch:0
[    0.000000]   DMA32 zone: 12224 pages used for memmap
[    0.000000]   DMA32 zone: 782304 pages, LIFO batch:31
[    0.000000]   Normal zone: 4096 pages used for memmap
[    0.000000]   Normal zone: 262144 pages, LIFO batch:31
[    0.000000] ACPI: PM-Timer IO Port: 0x608
[    0.000000] ACPI: Local APIC address 0xfee00000
[    0.000000] ACPI: LAPIC (acpi_id[0x00] lapic_id[0x00] enabled)
[    0.000000] ACPI: LAPIC (acpi_id[0x01] lapic_id[0x01] enabled)
[    0.000000] ACPI: LAPIC_NMI (acpi_id[0xff] dfl dfl lint[0x1])
[    0.000000] ACPI: IOAPIC (id[0x00] address[0xfec00000] gsi_base[0])
[    0.000000] IOAPIC[0]: apic_id 0, version 17, address 0xfec00000, GSI 0-23
[    0.000000] ACPI: INT_SRC_OVR (bus 0 bus_irq 0 global_irq 2 dfl dfl)
[    0.000000] ACPI: INT_SRC_OVR (bus 0 bus_irq 5 global_irq 5 high level)
[    0.000000] ACPI: INT_SRC_OVR (bus 0 bus_irq 9 global_irq 9 high level)
[    0.000000] ACPI: INT_SRC_OVR (bus 0 bus_irq 10 global_irq 10 high level)
[    0.000000] ACPI: INT_SRC_OVR (bus 0 bus_irq 11 global_irq 11 high level)
[    0.000000] ACPI: IRQ0 used by override.
[    0.000000] ACPI: IRQ5 used by override.
[    0.000000] ACPI: IRQ9 used by override.
[    0.000000] ACPI: IRQ10 used by override.
[    0.000000] ACPI: IRQ11 used by override.
[    0.000000] Using ACPI (MADT) for SMP configuration information
[    0.000000] smpboot: Allowing 2 CPUs, 0 hotplug CPUs
[    0.000000] PM: Registered nosave memory: [mem 0x0009f000-0x0009ffff]
[    0.000000] PM: Registered nosave memory: [mem 0x000a0000-0x000effff]
[    0.000000] PM: Registered nosave memory: [mem 0x000f0000-0x000fffff]
[    0.000000] PM: Registered nosave memory: [mem 0xbffe0000-0xbfffffff]
[    0.000000] PM: Registered nosave memory: [mem 0xc0000000-0xfeffbfff]
[    0.000000] PM: Registered nosave memory: [mem 0xfeffc000-0xfeffffff]
[    0.000000] PM: Registered nosave memory: [mem 0xff000000-0xfffbffff]
[    0.000000] PM: Registered nosave memory: [mem 0xfffc0000-0xffffffff]
[    0.000000] e820: [mem 0xc0000000-0xfeffbfff] available for PCI devices
[    0.000000] Booting paravirtualized kernel on KVM
[    0.000000] setup_percpu: NR_CPUS:5120 nr_cpumask_bits:2 nr_cpu_ids:2 nr_node_ids:1
[    0.000000] PERCPU: Embedded 33 pages/cpu @ffff88013fc00000 s97048 r8192 d29928 u1048576
[    0.000000] pcpu-alloc: s97048 r8192 d29928 u1048576 alloc=1*2097152
[    0.000000] pcpu-alloc: [0] 0 1 
[    0.000000] KVM setup async PF for cpu 0
[    0.000000] kvm-stealtime: cpu 0, msr 13fc0f440
[    0.000000] PV qspinlock hash table entries: 256 (order: 0, 4096 bytes)
[    0.000000] Built 1 zonelists in Node order, mobility grouping on.  Total pages: 1032041
[    0.000000] Policy zone: Normal
[    0.000000] Kernel command line: BOOT_IMAGE=/boot/vmlinuz-3.10.0-693.2.2.el7.x86_64 root=UUID=eb448abb-3012-4d8d-bcde-94434d586a31 ro crashkernel=auto rhgb quiet net.ifnames=0 console=tty0 console=ttyS0,115200n8
[    0.000000] PID hash table entries: 4096 (order: 3, 32768 bytes)
[    0.000000] x86/fpu: xstate_offset[2]: 0240, xstate_sizes[2]: 0100
[    0.000000] x86/fpu: xstate_offset[3]: 03c0, xstate_sizes[3]: 0040
[    0.000000] x86/fpu: xstate_offset[4]: 0400, xstate_sizes[4]: 0040
[    0.000000] x86/fpu: xstate_offset[5]: 0440, xstate_sizes[5]: 0040
[    0.000000] x86/fpu: xstate_offset[6]: 0480, xstate_sizes[6]: 0200
[    0.000000] x86/fpu: xstate_offset[7]: 0680, xstate_sizes[7]: 0400
[    0.000000] xsave: enabled xstate_bv 0xff, cntxt size 0xa80 using standard form
[    0.000000] Memory: 3862652k/5242880k available (6886k kernel code, 1049096k absent, 331132k reserved, 4545k data, 1764k init)
[    0.000000] SLUB: HWalign=64, Order=0-3, MinObjects=0, CPUs=2, Nodes=1
[    0.000000] Hierarchical RCU implementation.
[    0.000000] 	RCU restricting CPUs from NR_CPUS=5120 to nr_cpu_ids=2.
[    0.000000] NR_IRQS:327936 nr_irqs:440 0
[    0.000000] Console: colour VGA+ 80x25
[    0.000000] console [tty0] enabled
[    0.000000] console [ttyS0] enabled
[    0.000000] allocated 16777216 bytes of page_cgroup
[    0.000000] please try 'cgroup_disable=memory' option if you don't want memory cgroups
[    0.000000] tsc: Detected 2500.000 MHz processor
[    0.159087] Calibrating delay loop (skipped) preset value.. 5000.00 BogoMIPS (lpj=2500000)
[    0.159090] pid_max: default: 32768 minimum: 301
[    0.159109] Security Framework initialized
[    0.159117] SELinux:  Initializing.
[    0.159125] SELinux:  Starting in permissive mode
[    0.159126] Yama: becoming mindful.
[    0.160029] Dentry cache hash table entries: 524288 (order: 10, 4194304 bytes)
[    0.162022] Inode-cache hash table entries: 262144 (order: 9, 2097152 bytes)
[    0.162370] Mount-cache hash table entries: 8192 (order: 4, 65536 bytes)
[    0.162374] Mountpoint-cache hash table entries: 8192 (order: 4, 65536 bytes)
[    0.162531] Initializing cgroup subsys memory
[    0.162538] Initializing cgroup subsys devices
[    0.162539] Initializing cgroup subsys freezer
[    0.162541] Initializing cgroup subsys net_cls
[    0.162542] Initializing cgroup subsys blkio
[    0.162544] Initializing cgroup subsys perf_event
[    0.162545] Initializing cgroup subsys hugetlb
[    0.162546] Initializing cgroup subsys pids
[    0.162548] Initializing cgroup subsys net_prio
[    0.162772] CPU: Physical Processor ID: 0
[    0.162773] CPU: Processor Core ID: 0
[    0.163978] mce: CPU supports 10 MCE banks
[    0.164130] Last level iTLB entries: 4KB 0, 2MB 0, 4MB 0
[    0.164131] Last level dTLB entries: 4KB 64, 2MB 0, 4MB 0
[    0.164132] tlb_flushall_shift: 6
[    0.171089] Freeing SMP alternatives: 24k freed
[    0.197825] ACPI: Core revision 20130517
[    0.198606] ACPI: All ACPI Tables successfully acquired
[    0.198657] ftrace: allocating 26586 entries in 104 pages
[    0.301767] smpboot: Max logical packages: 2
[    0.302417] Enabling x2apic
[    0.302426] Enabled x2apic
[    0.303056] Switched APIC routing to physical x2apic.
[    0.306130] ..TIMER: vector=0x30 apic1=0 pin1=2 apic2=-1 pin2=-1
[    0.306133] smpboot: CPU0: Intel(R) Xeon(R) Platinum 8163 CPU @ 2.50GHz (fam: 06, model: 55, stepping: 04)
[    0.306166] TSC deadline timer enabled
[    0.306179] Performance Events: unsupported p6 CPU model 85 no PMU driver, software events only.
[    0.306203] KVM setup paravirtual spinlock
[    0.308508] smpboot: Booting Node   0, Processors  #1 OK
[    0.314665] kvm-clock: cpu 1, msr 1:3ff87041, secondary cpu clock
[    0.318277] Brought up 2 CPUs
[    0.318282] smpboot: Total of 2 processors activated (10000.00 BogoMIPS)
[    0.318288] KVM setup async PF for cpu 1
[    0.318308] kvm-stealtime: cpu 1, msr 13fd0f440
[    0.319585] devtmpfs: initialized
[    0.321573] EVM: security.selinux
[    0.321575] EVM: security.ima
[    0.321576] EVM: security.capability
[    0.322551] atomic64 test passed for x86-64 platform with CX8 and with SSE
[    0.322554] pinctrl core: initialized pinctrl subsystem
[    0.322707] RTC time: 17:14:21, date: 04/12/18
[    0.322794] NET: Registered protocol family 16
[    0.323120] ACPI: bus type PCI registered
[    0.323122] acpiphp: ACPI Hot Plug PCI Controller Driver version: 0.5
[    0.323286] PCI: Using configuration type 1 for base access
[    0.326804] ACPI: Added _OSI(Module Device)
[    0.326807] ACPI: Added _OSI(Processor Device)
[    0.326809] ACPI: Added _OSI(3.0 _SCP Extensions)
[    0.326811] ACPI: Added _OSI(Processor Aggregator Device)
[    0.327627] ACPI: EC: Look up EC in DSDT
[    0.328299] ACPI: Interpreter enabled
[    0.328320] ACPI: (supports S0 S5)
[    0.328321] ACPI: Using IOAPIC for interrupt routing
[    0.328331] PCI: Using host bridge windows from ACPI; if necessary, use "pci=nocrs" and report a bug
[    0.330619] ACPI: PCI Root Bridge [PCI0] (domain 0000 [bus 00-ff])
[    0.330623] acpi PNP0A03:00: _OSC: OS supports [ASPM ClockPM Segments MSI]
[    0.330627] acpi PNP0A03:00: _OSC failed (AE_NOT_FOUND); disabling ASPM
[    0.330661] acpi PNP0A03:00: fail to add MMCONFIG information, can't access extended PCI configuration space under this bridge.
[    0.330899] acpiphp: Slot [3] registered
[    0.330925] acpiphp: Slot [4] registered
[    0.330952] acpiphp: Slot [5] registered
[    0.330978] acpiphp: Slot [6] registered
[    0.331004] acpiphp: Slot [7] registered
[    0.331029] acpiphp: Slot [8] registered
[    0.331054] acpiphp: Slot [9] registered
[    0.331081] acpiphp: Slot [10] registered
[    0.331108] acpiphp: Slot [11] registered
[    0.331133] acpiphp: Slot [12] registered
[    0.331158] acpiphp: Slot [13] registered
[    0.331183] acpiphp: Slot [14] registered
[    0.331208] acpiphp: Slot [15] registered
[    0.331233] acpiphp: Slot [16] registered
[    0.331259] acpiphp: Slot [17] registered
[    0.331284] acpiphp: Slot [18] registered
[    0.331309] acpiphp: Slot [19] registered
[    0.331334] acpiphp: Slot [20] registered
[    0.331367] acpiphp: Slot [21] registered
[    0.331395] acpiphp: Slot [22] registered
[    0.331426] acpiphp: Slot [23] registered
[    0.331453] acpiphp: Slot [24] registered
[    0.331479] acpiphp: Slot [25] registered
[    0.331504] acpiphp: Slot [26] registered
[    0.331528] acpiphp: Slot [27] registered
[    0.331553] acpiphp: Slot [28] registered
[    0.331578] acpiphp: Slot [29] registered
[    0.331603] acpiphp: Slot [30] registered
[    0.331630] acpiphp: Slot [31] registered
[    0.331649] PCI host bridge to bus 0000:00
[    0.331652] pci_bus 0000:00: root bus resource [bus 00-ff]
[    0.331654] pci_bus 0000:00: root bus resource [io  0x0000-0x0cf7 window]
[    0.331656] pci_bus 0000:00: root bus resource [io  0x0d00-0xadff window]
[    0.331658] pci_bus 0000:00: root bus resource [io  0xae0f-0xaeff window]
[    0.331660] pci_bus 0000:00: root bus resource [io  0xaf20-0xafdf window]
[    0.331661] pci_bus 0000:00: root bus resource [io  0xafe4-0xffff window]
[    0.331663] pci_bus 0000:00: root bus resource [mem 0x000a0000-0x000bffff window]
[    0.331665] pci_bus 0000:00: root bus resource [mem 0xc0000000-0xfebfffff window]
[    0.331730] pci 0000:00:00.0: [8086:1237] type 00 class 0x060000
[    0.332403] pci 0000:00:01.0: [8086:7000] type 00 class 0x060100
[    0.333377] pci 0000:00:01.1: [8086:7010] type 00 class 0x010180
[    0.337876] pci 0000:00:01.1: reg 0x20: [io  0xc0e0-0xc0ef]
[    0.339664] pci 0000:00:01.1: legacy IDE quirk: reg 0x10: [io  0x01f0-0x01f7]
[    0.339667] pci 0000:00:01.1: legacy IDE quirk: reg 0x14: [io  0x03f6]
[    0.339668] pci 0000:00:01.1: legacy IDE quirk: reg 0x18: [io  0x0170-0x0177]
[    0.339670] pci 0000:00:01.1: legacy IDE quirk: reg 0x1c: [io  0x0376]
[    0.339907] pci 0000:00:01.2: [8086:7020] type 00 class 0x0c0300
[    0.344325] pci 0000:00:01.2: reg 0x20: [io  0xc080-0xc09f]
[    0.346283] pci 0000:00:01.3: [8086:7113] type 00 class 0x068000
[    0.347080] pci 0000:00:01.3: quirk: [io  0x0600-0x063f] claimed by PIIX4 ACPI
[    0.347098] pci 0000:00:01.3: quirk: [io  0x0700-0x070f] claimed by PIIX4 SMB
[    0.347449] pci 0000:00:02.0: [1013:00b8] type 00 class 0x030000
[    0.349668] pci 0000:00:02.0: reg 0x10: [mem 0xfc000000-0xfdffffff pref]
[    0.351462] pci 0000:00:02.0: reg 0x14: [mem 0xfebd0000-0xfebd0fff]
[    0.360370] pci 0000:00:02.0: reg 0x30: [mem 0xfebc0000-0xfebcffff pref]
[    0.360669] pci 0000:00:03.0: [1af4:1000] type 00 class 0x020000
[    0.362343] pci 0000:00:03.0: reg 0x10: [io  0xc000-0xc03f]
[    0.363943] pci 0000:00:03.0: reg 0x14: [mem 0xfebd1000-0xfebd1fff]
[    0.371803] pci 0000:00:03.0: reg 0x30: [mem 0xfeb80000-0xfebbffff pref]
[    0.372348] pci 0000:00:04.0: [1af4:1003] type 00 class 0x078000
[    0.374001] pci 0000:00:04.0: reg 0x10: [io  0xc0a0-0xc0bf]
[    0.375577] pci 0000:00:04.0: reg 0x14: [mem 0xfebd2000-0xfebd2fff]
[    0.383951] pci 0000:00:05.0: [1af4:1001] type 00 class 0x010000
[    0.385636] pci 0000:00:05.0: reg 0x10: [io  0xc040-0xc07f]
[    0.387229] pci 0000:00:05.0: reg 0x14: [mem 0xfebd3000-0xfebd3fff]
[    0.395704] pci 0000:00:06.0: [1af4:1002] type 00 class 0x00ff00
[    0.396621] pci 0000:00:06.0: reg 0x10: [io  0xc0c0-0xc0df]
[    0.402597] ACPI: PCI Interrupt Link [LNKA] (IRQs 5 *10 11)
[    0.402717] ACPI: PCI Interrupt Link [LNKB] (IRQs 5 *10 11)
[    0.402848] ACPI: PCI Interrupt Link [LNKC] (IRQs 5 10 *11)
[    0.402958] ACPI: PCI Interrupt Link [LNKD] (IRQs 5 10 *11)
[    0.403016] ACPI: PCI Interrupt Link [LNKS] (IRQs *9)
[    0.403528] ACPI: Enabled 16 GPEs in block 00 to 0F
[    0.403684] vgaarb: device added: PCI:0000:00:02.0,decodes=io+mem,owns=io+mem,locks=none
[    0.403686] vgaarb: loaded
[    0.403687] vgaarb: bridge control possible 0000:00:02.0
[    0.403763] SCSI subsystem initialized
[    0.403798] ACPI: bus type USB registered
[    0.403811] usbcore: registered new interface driver usbfs
[    0.403816] usbcore: registered new interface driver hub
[    0.403845] usbcore: registered new device driver usb
[    0.404019] PCI: Using ACPI for IRQ routing
[    0.404021] PCI: pci_cache_line_size set to 64 bytes
[    0.404330] e820: reserve RAM buffer [mem 0x0009fc00-0x0009ffff]
[    0.404332] e820: reserve RAM buffer [mem 0xbffe0000-0xbfffffff]
[    0.404421] NetLabel: Initializing
[    0.404422] NetLabel:  domain hash size = 128
[    0.404423] NetLabel:  protocols = UNLABELED CIPSOv4
[    0.404435] NetLabel:  unlabeled traffic allowed by default
[    0.404480] amd_nb: Cannot enumerate AMD northbridges
[    0.404504] Switched to clocksource kvm-clock
[    0.410455] pnp: PnP ACPI init
[    0.410464] ACPI: bus type PNP registered
[    0.410545] pnp 00:00: Plug and Play ACPI device, IDs PNP0b00 (active)
[    0.410605] pnp 00:01: Plug and Play ACPI device, IDs PNP0303 (active)
[    0.410659] pnp 00:02: Plug and Play ACPI device, IDs PNP0f13 (active)
[    0.410711] pnp 00:03: [dma 2]
[    0.410724] pnp 00:03: Plug and Play ACPI device, IDs PNP0700 (active)
[    0.410835] pnp 00:04: Plug and Play ACPI device, IDs PNP0501 (active)
[    0.411063] pnp: PnP ACPI: found 5 devices
[    0.411064] ACPI: bus type PNP unregistered
[    0.419591] pci_bus 0000:00: resource 4 [io  0x0000-0x0cf7 window]
[    0.419593] pci_bus 0000:00: resource 5 [io  0x0d00-0xadff window]
[    0.419595] pci_bus 0000:00: resource 6 [io  0xae0f-0xaeff window]
[    0.419597] pci_bus 0000:00: resource 7 [io  0xaf20-0xafdf window]
[    0.419599] pci_bus 0000:00: resource 8 [io  0xafe4-0xffff window]
[    0.419600] pci_bus 0000:00: resource 9 [mem 0x000a0000-0x000bffff window]
[    0.419602] pci_bus 0000:00: resource 10 [mem 0xc0000000-0xfebfffff window]
[    0.419627] NET: Registered protocol family 2
[    0.419852] TCP established hash table entries: 32768 (order: 6, 262144 bytes)
[    0.419919] TCP bind hash table entries: 32768 (order: 7, 524288 bytes)
[    0.419980] TCP: Hash tables configured (established 32768 bind 32768)
[    0.419997] TCP: reno registered
[    0.420002] UDP hash table entries: 2048 (order: 4, 65536 bytes)
[    0.420017] UDP-Lite hash table entries: 2048 (order: 4, 65536 bytes)
[    0.420060] NET: Registered protocol family 1
[    0.420072] pci 0000:00:00.0: Limiting direct PCI/PCI transfers
[    0.420095] pci 0000:00:01.0: PIIX3: Enabling Passive Release
[    0.420128] pci 0000:00:01.0: Activating ISA DMA hang workarounds
[    0.446211] ACPI: PCI Interrupt Link [LNKD] enabled at IRQ 11
[    0.472819] pci 0000:00:02.0: Boot video device
[    0.472899] PCI: CLS 0 bytes, default 64
[    0.472934] Unpacking initramfs...
[    0.705902] Freeing initrd memory: 17248k freed
[    0.711048] PCI-DMA: Using software bounce buffering for IO (SWIOTLB)
[    0.711051] software IO TLB [mem 0xbbfe0000-0xbffe0000] (64MB) mapped at [ffff8800bbfe0000-ffff8800bffdffff]
[    0.711829] sha1_ssse3: Using AVX optimized SHA-1 implementation
[    0.711927] sha256_ssse3: Using AVX2 optimized SHA-256 implementation
[    0.712917] futex hash table entries: 512 (order: 3, 32768 bytes)
[    0.712929] Initialise system trusted keyring
[    0.712949] audit: initializing netlink socket (disabled)
[    0.712962] type=2000 audit(1523524462.092:1): initialized
[    0.737550] HugeTLB registered 1 GB page size, pre-allocated 0 pages
[    0.737551] HugeTLB registered 2 MB page size, pre-allocated 0 pages
[    0.738432] zpool: loaded
[    0.738434] zbud: loaded
[    0.738590] VFS: Disk quotas dquot_6.5.2
[    0.738613] Dquot-cache hash table entries: 512 (order 0, 4096 bytes)
[    0.738802] msgmni has been set to 7577
[    0.738847] Key type big_key registered
[    0.738850] SELinux:  Registering netfilter hooks
[    0.740896] NET: Registered protocol family 38
[    0.740902] Key type asymmetric registered
[    0.740905] Asymmetric key parser 'x509' registered
[    0.740930] Block layer SCSI generic (bsg) driver version 0.4 loaded (major 250)
[    0.740998] io scheduler noop registered
[    0.741001] io scheduler deadline registered (default)
[    0.741031] io scheduler cfq registered
[    0.741125] pci_hotplug: PCI Hot Plug PCI Core version: 0.5
[    0.741130] pciehp: PCI Express Hot Plug Controller Driver version: 0.4
[    0.741188] intel_idle: does not run on family 6 model 85
[    0.741242] input: Power Button as /devices/LNXSYSTM:00/LNXPWRBN:00/input/input0
[    0.741245] ACPI: Power Button [PWRF]
[    0.741413] GHES: HEST is not enabled!
[    0.741497] Serial: 8250/16550 driver, 4 ports, IRQ sharing enabled
[    0.766850] 00:04: ttyS0 at I/O 0x3f8 (irq = 4) is a 16550A
[    0.767474] Non-volatile memory driver v1.3
[    0.767554] Linux agpgart interface v0.103
[    0.767695] crash memory driver: version 1.1
[    0.767738] rdac: device handler registered
[    0.767822] hp_sw: device handler registered
[    0.767825] emc: device handler registered
[    0.767831] alua: device handler registered
[    0.767859] libphy: Fixed MDIO Bus: probed
[    0.767925] ehci_hcd: USB 2.0 'Enhanced' Host Controller (EHCI) Driver
[    0.767930] ehci-pci: EHCI PCI platform driver
[    0.767939] ohci_hcd: USB 1.1 'Open' Host Controller (OHCI) Driver
[    0.767943] ohci-pci: OHCI PCI platform driver
[    0.767949] uhci_hcd: USB Universal Host Controller Interface driver
[    0.794999] uhci_hcd 0000:00:01.2: UHCI Host Controller
[    0.795072] uhci_hcd 0000:00:01.2: new USB bus registered, assigned bus number 1
[    0.795104] uhci_hcd 0000:00:01.2: detected 2 ports
[    0.795275] uhci_hcd 0000:00:01.2: irq 11, io base 0x0000c080
[    0.795378] usb usb1: New USB device found, idVendor=1d6b, idProduct=0001
[    0.795380] usb usb1: New USB device strings: Mfr=3, Product=2, SerialNumber=1
[    0.795382] usb usb1: Product: UHCI Host Controller
[    0.795384] usb usb1: Manufacturer: Linux 3.10.0-693.2.2.el7.x86_64 uhci_hcd
[    0.795386] usb usb1: SerialNumber: 0000:00:01.2
[    0.795490] hub 1-0:1.0: USB hub found
[    0.795495] hub 1-0:1.0: 2 ports detected
[    0.795671] usbcore: registered new interface driver usbserial
[    0.795676] usbcore: registered new interface driver usbserial_generic
[    0.795681] usbserial: USB Serial support registered for generic
[    0.795706] i8042: PNP: PS/2 Controller [PNP0303:KBD,PNP0f13:MOU] at 0x60,0x64 irq 1,12
[    0.796935] serio: i8042 KBD port at 0x60,0x64 irq 1
[    0.796940] serio: i8042 AUX port at 0x60,0x64 irq 12
[    0.797038] mousedev: PS/2 mouse device common for all mice
[    0.797453] input: AT Translated Set 2 keyboard as /devices/platform/i8042/serio0/input/input1
[    0.797970] rtc_cmos 00:00: RTC can wake from S4
[    0.798723] input: VirtualPS/2 VMware VMMouse as /devices/platform/i8042/serio1/input/input2
[    0.798953] rtc_cmos 00:00: rtc core: registered rtc_cmos as rtc0
[    0.799214] rtc_cmos 00:00: alarms up to one day, 114 bytes nvram
[    0.799377] cpuidle: using governor menu
[    0.799501] input: VirtualPS/2 VMware VMMouse as /devices/platform/i8042/serio1/input/input3
[    0.799562] hidraw: raw HID events driver (C) Jiri Kosina
[    0.799730] usbcore: registered new interface driver usbhid
[    0.799731] usbhid: USB HID core driver
[    0.799794] drop_monitor: Initializing network drop monitor service
[    0.799857] TCP: cubic registered
[    0.799862] Initializing XFRM netlink socket
[    0.799930] NET: Registered protocol family 10
[    0.800143] NET: Registered protocol family 17
[    0.800298] microcode: CPU0 sig=0x50654, pf=0x1, revision=0x1
[    0.800321] microcode: CPU1 sig=0x50654, pf=0x1, revision=0x1
[    0.800377] microcode: Microcode Update Driver: v2.01 <tigran@aivazian.fsnet.co.uk>, Peter Oruba
[    0.800584] PM: Hibernation image not present or could not be loaded.
[    0.800587] Loading compiled-in X.509 certificates
[    0.800604] Loaded X.509 cert 'CentOS Linux kpatch signing key: ea0413152cde1d98ebdca3fe6f0230904c9ef717'
[    0.800613] Loaded X.509 cert 'CentOS Linux Driver update signing key: 7f421ee0ab69461574bb358861dbe77762a4201b'
[    0.800999] Loaded X.509 cert 'CentOS Linux kernel signing key: c08b355341760f030a64e3c550e113cd47771ea9'
[    0.801013] registered taskstats version 1
[    0.803117] Key type trusted registered
[    0.804926] Key type encrypted registered
[    0.806680] IMA: No TPM chip found, activating TPM-bypass!
[    0.807105]   Magic number: 14:858:238
[    0.807296] rtc_cmos 00:00: setting system clock to 2018-04-12 17:14:21 UTC (1523553261)
[    0.808371] Freeing unused kernel memory: 1764k freed
[    0.811150] random: systemd: uninitialized urandom read (16 bytes read)
[    0.811929] random: systemd: uninitialized urandom read (16 bytes read)
[    0.811939] random: systemd: uninitialized urandom read (16 bytes read)
[    0.812941] systemd[1]: systemd 219 running in system mode. (+PAM +AUDIT +SELINUX +IMA -APPARMOR +SMACK +SYSVINIT +UTMP +LIBCRYPTSETUP +GCRYPT +GNUTLS +ACL +XZ -LZ4 -SECCOMP +BLKID +ELFUTILS +KMOD +IDN)
[    0.812964] systemd[1]: Detected virtualization kvm.
[    0.812968] systemd[1]: Detected architecture x86-64.
[    0.812970] systemd[1]: Running in initial RAM disk.
[    0.812991] systemd[1]: Set hostname to <localhost.localdomain>.
[    0.838258] random: systemd: uninitialized urandom read (16 bytes read)
[    0.838280] random: systemd: uninitialized urandom read (16 bytes read)
[    0.838316] random: systemd: uninitialized urandom read (16 bytes read)
[    0.838389] random: systemd: uninitialized urandom read (16 bytes read)
[    0.838871] random: systemd: uninitialized urandom read (16 bytes read)
[    0.838977] random: systemd: uninitialized urandom read (16 bytes read)
[    0.839130] random: systemd: uninitialized urandom read (16 bytes read)
[    0.842232] systemd[1]: Reached target Local File Systems.
[    0.842241] systemd[1]: Starting Local File Systems.
[    0.842250] systemd[1]: Reached target Swap.
[    0.842256] systemd[1]: Starting Swap.
[    0.842379] systemd[1]: Created slice Root Slice.
[    0.842385] systemd[1]: Starting Root Slice.
[    0.842413] systemd[1]: Listening on udev Control Socket.
[    0.842420] systemd[1]: Starting udev Control Socket.
[    0.842475] systemd[1]: Created slice System Slice.
[    0.842482] systemd[1]: Starting System Slice.
[    0.842565] systemd[1]: Listening on Journal Socket.
[    0.842574] systemd[1]: Starting Journal Socket.
[    0.842948] systemd[1]: Starting Create list of required static device nodes for the current kernel...
[    0.843324] systemd[1]: Starting Journal Service...
[    0.843845] systemd[1]: Starting Setup Virtual Console...
[    0.843864] systemd[1]: Reached target Timers.
[    0.843874] systemd[1]: Starting Timers.
[    0.843908] systemd[1]: Listening on udev Kernel Socket.
[    0.843917] systemd[1]: Starting udev Kernel Socket.
[    0.843929] systemd[1]: Reached target Sockets.
[    0.843940] systemd[1]: Starting Sockets.
[    0.844424] systemd[1]: Starting dracut cmdline hook...
[    0.845062] systemd[1]: Starting Apply Kernel Variables...
[    0.845080] systemd[1]: Reached target Slices.
[    0.845089] systemd[1]: Starting Slices.
[    0.845484] systemd[1]: Started Create list of required static device nodes for the current kernel.
[    0.846859] systemd[1]: Starting Create Static Device Nodes in /dev...
[    0.850266] systemd[1]: Started Apply Kernel Variables.
[    0.852330] systemd[1]: Started Create Static Device Nodes in /dev.
[    0.876115] systemd[1]: Started Journal Service.
[    1.118344] FDC 0 is a S82078B
[    1.146219] libata version 3.00 loaded.
[    1.172633] [drm] Initialized
[    1.185033] ACPI: PCI Interrupt Link [LNKC] enabled at IRQ 10
[    1.185207] virtio-pci 0000:00:03.0: virtio_pci: leaving for legacy driver
[    1.186794] ata_piix 0000:00:01.1: version 2.13
[    1.189047] scsi host0: ata_piix
[    1.189239] scsi host1: ata_piix
[    1.189278] ata1: PATA max MWDMA2 cmd 0x1f0 ctl 0x3f6 bmdma 0xc0e0 irq 14
[    1.189280] ata2: PATA max MWDMA2 cmd 0x170 ctl 0x376 bmdma 0xc0e8 irq 15
[    1.210529] usb 1-1: new full-speed USB device number 2 using uhci_hcd
[    1.251365] virtio-pci 0000:00:04.0: virtio_pci: leaving for legacy driver
[    1.309315] ACPI: PCI Interrupt Link [LNKA] enabled at IRQ 10
[    1.309436] virtio-pci 0000:00:05.0: virtio_pci: leaving for legacy driver
[    1.322839] [TTM] Zone  kernel: Available graphics memory: 1940844 kiB
[    1.322842] [TTM] Initializing pool allocator
[    1.322846] [TTM] Initializing DMA pool allocator
[    1.323187] [drm] fb mappable at 0xFC000000
[    1.323189] [drm] vram aper at 0xFC000000
[    1.323191] [drm] size 33554432
[    1.323192] [drm] fb depth is 24
[    1.323193] [drm]    pitch is 3072
[    1.323900] fbcon: cirrusdrmfb (fb0) is primary device
[    1.362605] usb 1-1: New USB device found, idVendor=0627, idProduct=0001
[    1.362607] usb 1-1: New USB device strings: Mfr=1, Product=3, SerialNumber=5
[    1.362609] usb 1-1: Product: QEMU USB Tablet
[    1.362613] usb 1-1: Manufacturer: QEMU
[    1.362616] usb 1-1: SerialNumber: 42
[    1.371780] input: QEMU QEMU USB Tablet as /devices/pci0000:00/0000:00:01.2/usb1/1-1/1-1:1.0/input/input4
[    1.371905] hid-generic 0003:0627:0001.0001: input,hidraw0: USB HID v0.01 Pointer [QEMU QEMU USB Tablet] on usb-0000:00:01.2-1/input0
[    1.381017] Console: switching to colour frame buffer device 128x48
[    1.408434] cirrus 0000:00:02.0: fb0: cirrusdrmfb frame buffer device
[    1.431543] [drm] Initialized cirrus 1.0.0 20110418 for 0000:00:02.0 on minor 0
[    1.469537] ACPI: PCI Interrupt Link [LNKB] enabled at IRQ 11
[    1.469622] virtio-pci 0000:00:06.0: virtio_pci: leaving for legacy driver
[    1.478413] virtio-pci 0000:00:03.0: irq 24 for MSI/MSI-X
[    1.478458] virtio-pci 0000:00:03.0: irq 25 for MSI/MSI-X
[    1.478500] virtio-pci 0000:00:03.0: irq 26 for MSI/MSI-X
[    1.478803] virtio-pci 0000:00:03.0: irq 27 for MSI/MSI-X
[    1.478847] virtio-pci 0000:00:03.0: irq 28 for MSI/MSI-X
[    1.479910] virtio-pci 0000:00:05.0: irq 29 for MSI/MSI-X
[    1.479952] virtio-pci 0000:00:05.0: irq 30 for MSI/MSI-X
[    1.481672] virtio-pci 0000:00:04.0: irq 31 for MSI/MSI-X
[    1.481715] virtio-pci 0000:00:04.0: irq 32 for MSI/MSI-X
[    1.486233]  vda: vda1
[    1.649768] EXT4-fs (vda1): mounted filesystem with ordered data mode. Opts: (null)
[    1.865870] random: fast init done
[    1.882140] systemd-journald[92]: Received SIGTERM from PID 1 (systemd).
[    2.224254] SELinux:  Disabled at runtime.
[    2.224276] SELinux:  Unregistering netfilter hooks
[    2.266525] type=1404 audit(1523553262.959:2): selinux=0 auid=4294967295 ses=4294967295
[    2.279002] systemd[1]: RTC configured in localtime, applying delta of 480 minutes to system time.
[    2.411576] ip_tables: (C) 2000-2006 Netfilter Core Team
[    2.411641] systemd[1]: Inserted module 'ip_tables'
[    3.089469] EXT4-fs (vda1): re-mounted. Opts: (null)
[    3.300012] systemd-journald[333]: Received request to flush runtime journal from PID 1
[    3.519030] piix4_smbus 0000:00:01.3: SMBus Host Controller at 0x700, revision 0
[    3.587808] type=1305 audit(1523524464.279:3): audit_pid=392 old=0 auid=4294967295 ses=4294967295 res=1
[    3.593843] input: PC Speaker as /devices/platform/pcspkr/input/input5
[    3.694216] ppdev: user-space parallel port driver
[    3.699068] AES CTR mode by8 optimization enabled
[    3.703087] alg: No test for __gcm-aes-aesni (__driver-gcm-aes-aesni)
[    3.735339] alg: No test for crc32 (crc32-pclmul)
[    3.771784] EDAC MC: Ver: 3.0.0
[   15.160636] random: crng init done
[  391.763642] nr_pdflush_threads exported in /proc is scheduled for removal
