Filesystem volume name:   <none>
Last mounted on:          /
Filesystem UUID:          eb448abb-3012-4d8d-bcde-94434d586a31
Filesystem magic number:  0xEF53
Filesystem revision #:    1 (dynamic)
Filesystem features:      has_journal ext_attr resize_inode dir_index filetype needs_recovery extent flex_bg sparse_super large_file huge_file uninit_bg dir_nlink extra_isize
Filesystem flags:         signed_directory_hash 
Default mount options:    user_xattr acl
Filesystem state:         clean
Errors behavior:          Continue
Filesystem OS type:       Linux
Inode count:              1310720
Block count:              5242624
Reserved block count:     262131
Free blocks:              4795661
Free inodes:              1273310
First block:              0
Block size:               4096
Fragment size:            4096
Reserved GDT blocks:      1022
Blocks per group:         32768
Fragments per group:      32768
Inodes per group:         8192
Inode blocks per group:   512
Flex block group size:    16
Filesystem created:       Sun Oct 15 23:18:59 2017
Last mount time:          Thu Apr 12 17:14:23 2018
Last write time:          Fri Apr 13 01:14:22 2018
Mount count:              6
Maximum mount count:      -1
Last checked:             Sun Oct 15 23:18:59 2017
Check interval:           0 (<none>)
Lifetime writes:          3160 MB
Reserved blocks uid:      0 (user root)
Reserved blocks gid:      0 (group root)
First inode:              11
Inode size:	          256
Required extra isize:     28
Desired extra isize:      28
Journal inode:            8
Default directory hash:   half_md4
Directory Hash Seed:      2579899c-6862-4625-a8e6-425550384200
Journal backup:           inode blocks
Journal features:         journal_incompat_revoke
Journal size:             128M
Journal length:           32768
Journal sequence:         0x0000101e
Journal start:            1


Group 0: (Blocks 0-32767) [ITABLE_ZEROED]
  Checksum 0xd402, unused inodes 498
  Primary superblock at 0, Group descriptors at 1-2
  Reserved GDT blocks at 3-1024
  Block bitmap at 1025 (+1025), Inode bitmap at 1041 (+1041)
  Inode table at 1057-1568 (+1057)
  20016 free blocks, 499 free inodes, 817 directories, 498 unused inodes
  Free blocks: 12752-32767
  Free inodes: 7694-8192
Group 1: (Blocks 32768-65535) [INODE_UNINIT, ITABLE_ZEROED]
  Checksum 0x5a16, unused inodes 8192
  Backup superblock at 32768, Group descriptors at 32769-32770
  Reserved GDT blocks at 32771-33792
  Block bitmap at 1026 (bg #0 + 1026), Inode bitmap at 1042 (bg #0 + 1042)
  Inode table at 1569-2080 (bg #0 + 1569)
  2447 free blocks, 8192 free inodes, 0 directories, 8192 unused inodes
  Free blocks: 34816-35839, 47872-49151, 49265-49407
  Free inodes: 8193-16384
Group 2: (Blocks 65536-98303) [INODE_UNINIT, ITABLE_ZEROED]
  Checksum 0x1396, unused inodes 8192
  Block bitmap at 1027 (bg #0 + 1027), Inode bitmap at 1043 (bg #0 + 1043)
  Inode table at 2081-2592 (bg #0 + 2081)
  222 free blocks, 8192 free inodes, 0 directories, 8192 unused inodes
  Free blocks: 65599, 65828-66047, 73114
  Free inodes: 16385-24576
Group 3: (Blocks 98304-131071) [INODE_UNINIT, ITABLE_ZEROED]
  Checksum 0x395f, unused inodes 8192
  Backup superblock at 98304, Group descriptors at 98305-98306
  Reserved GDT blocks at 98307-99328
  Block bitmap at 1028 (bg #0 + 1028), Inode bitmap at 1044 (bg #0 + 1044)
  Inode table at 2593-3104 (bg #0 + 2593)
  5910 free blocks, 8192 free inodes, 0 directories, 8192 unused inodes
  Free blocks: 99774-99839, 99844-99876, 112834-112863, 112954-113151, 113686-113710, 113736-113838, 113840-113905, 113920-113985, 114016-114040, 114057-114150, 114237-114477, 114480-114520, 114528-114632, 114636-114677, 114688-114962, 114976-114996, 115000-115813, 115816-116735, 120832-121266, 121340-122178, 122225-122472, 123180-123199, 123725-124927
  Free inodes: 24577-32768
Group 4: (Blocks 131072-163839) [INODE_UNINIT, ITABLE_ZEROED]
  Checksum 0x8e81, unused inodes 8192
  Block bitmap at 1029 (bg #0 + 1029), Inode bitmap at 1045 (bg #0 + 1045)
  Inode table at 3105-3616 (bg #0 + 3105)
  5307 free blocks, 8192 free inodes, 0 directories, 8192 unused inodes
  Free blocks: 139253-139391, 139427-139460, 139462-139775, 140511-140799, 141346-143359, 153528-153535, 153558-153567, 153594-153599, 157977-157983, 158013-158015, 158052-158079, 158114-158143, 158183-158207, 158244-158271, 158298-158303, 158334-158335, 158362-158367, 158395-158399, 158426-158431, 158449-158463, 158504-158527, 158566-158591, 158619-158623, 158651-158655, 158690-158719, 158762-158783, 158815, 158843-158847, 158877-158879, 158905-158911, 158936-158943, 158970-159231, 159858-161791
  Free inodes: 32769-40960
Group 5: (Blocks 163840-196607) [INODE_UNINIT, ITABLE_ZEROED]
  Checksum 0x1b63, unused inodes 8192
  Backup superblock at 163840, Group descriptors at 163841-163842
  Reserved GDT blocks at 163843-164864
  Block bitmap at 1030 (bg #0 + 1030), Inode bitmap at 1046 (bg #0 + 1046)
  Inode table at 3617-4128 (bg #0 + 3617)
  10113 free blocks, 8192 free inodes, 0 directories, 8192 unused inodes
  Free blocks: 167460-167487, 167519-167547, 167897-167935, 171059-172031, 187564-196607
  Free inodes: 40961-49152
Group 6: (Blocks 196608-229375) [INODE_UNINIT, ITABLE_ZEROED]
  Checksum 0x8ca8, unused inodes 8192
  Block bitmap at 1031 (bg #0 + 1031), Inode bitmap at 1047 (bg #0 + 1047)
  Inode table at 4129-4640 (bg #0 + 4129)
  21745 free blocks, 8192 free inodes, 0 directories, 8192 unused inodes
  Free blocks: 196608-202495, 202503-206815, 206836-210176, 210393-217087, 225280-225791, 226332-227327
  Free inodes: 49153-57344
Group 7: (Blocks 229376-262143) [INODE_UNINIT, ITABLE_ZEROED]
  Checksum 0xfaa1, unused inodes 8192
  Backup superblock at 229376, Group descriptors at 229377-229378
  Reserved GDT blocks at 229379-230400
  Block bitmap at 1032 (bg #0 + 1032), Inode bitmap at 1048 (bg #0 + 1048)
  Inode table at 4641-5152 (bg #0 + 4641)
  22344 free blocks, 8192 free inodes, 0 directories, 8192 unused inodes
  Free blocks: 230401-231127, 232030-232127, 233424-233471, 235520-242815, 242909-243199, 245570-245759, 246402-247807, 249856-262143
  Free inodes: 57345-65536
Group 8: (Blocks 262144-294911) [INODE_UNINIT, ITABLE_ZEROED]
  Checksum 0xc428, unused inodes 8192
  Block bitmap at 1033 (bg #0 + 1033), Inode bitmap at 1049 (bg #0 + 1049)
  Inode table at 5153-5664 (bg #0 + 5153)
  30925 free blocks, 8192 free inodes, 0 directories, 8192 unused inodes
  Free blocks: 263987-294911
  Free inodes: 65537-73728
Group 9: (Blocks 294912-327679) [INODE_UNINIT, ITABLE_ZEROED]
  Checksum 0x3c5c, unused inodes 8192
  Backup superblock at 294912, Group descriptors at 294913-294914
  Reserved GDT blocks at 294915-295936
  Block bitmap at 1034 (bg #0 + 1034), Inode bitmap at 1050 (bg #0 + 1050)
  Inode table at 5665-6176 (bg #0 + 5665)
  31743 free blocks, 8192 free inodes, 0 directories, 8192 unused inodes
  Free blocks: 295937-327679
  Free inodes: 73729-81920
Group 10: (Blocks 327680-360447) [INODE_UNINIT, BLOCK_UNINIT, ITABLE_ZEROED]
  Checksum 0x2880, unused inodes 8192
  Block bitmap at 1035 (bg #0 + 1035), Inode bitmap at 1051 (bg #0 + 1051)
  Inode table at 6177-6688 (bg #0 + 6177)
  32768 free blocks, 8192 free inodes, 0 directories, 8192 unused inodes
  Free blocks: 327680-360447
  Free inodes: 81921-90112
Group 11: (Blocks 360448-393215) [INODE_UNINIT, BLOCK_UNINIT, ITABLE_ZEROED]
  Checksum 0xa848, unused inodes 8192
  Block bitmap at 1036 (bg #0 + 1036), Inode bitmap at 1052 (bg #0 + 1052)
  Inode table at 6689-7200 (bg #0 + 6689)
  32768 free blocks, 8192 free inodes, 0 directories, 8192 unused inodes
  Free blocks: 360448-393215
  Free inodes: 90113-98304
Group 12: (Blocks 393216-425983) [INODE_UNINIT, BLOCK_UNINIT, ITABLE_ZEROED]
  Checksum 0x62d6, unused inodes 8192
  Block bitmap at 1037 (bg #0 + 1037), Inode bitmap at 1053 (bg #0 + 1053)
  Inode table at 7201-7712 (bg #0 + 7201)
  32768 free blocks, 8192 free inodes, 0 directories, 8192 unused inodes
  Free blocks: 393216-425983
  Free inodes: 98305-106496
Group 13: (Blocks 425984-458751) [INODE_UNINIT, BLOCK_UNINIT, ITABLE_ZEROED]
  Checksum 0xddfc, unused inodes 8192
  Block bitmap at 1038 (bg #0 + 1038), Inode bitmap at 1054 (bg #0 + 1054)
  Inode table at 7713-8224 (bg #0 + 7713)
  32768 free blocks, 8192 free inodes, 0 directories, 8192 unused inodes
  Free blocks: 425984-458751
  Free inodes: 106497-114688
Group 14: (Blocks 458752-491519) [INODE_UNINIT, BLOCK_UNINIT, ITABLE_ZEROED]
  Checksum 0xd8df, unused inodes 8192
  Block bitmap at 1039 (bg #0 + 1039), Inode bitmap at 1055 (bg #0 + 1055)
  Inode table at 8225-8736 (bg #0 + 8225)
  32768 free blocks, 8192 free inodes, 0 directories, 8192 unused inodes
  Free blocks: 458752-491519
  Free inodes: 114689-122880
Group 15: (Blocks 491520-524287) [INODE_UNINIT, BLOCK_UNINIT, ITABLE_ZEROED]
  Checksum 0x6770, unused inodes 8192
  Block bitmap at 1040 (bg #0 + 1040), Inode bitmap at 1056 (bg #0 + 1056)
  Inode table at 8737-9248 (bg #0 + 8737)
  32768 free blocks, 8192 free inodes, 0 directories, 8192 unused inodes
  Free blocks: 491520-524287
  Free inodes: 122881-131072
Group 16: (Blocks 524288-557055) [ITABLE_ZEROED]
  Checksum 0xdb25, unused inodes 408
  Block bitmap at 524288 (+0), Inode bitmap at 524304 (+16)
  Inode table at 524320-524831 (+32)
  23478 free blocks, 410 free inodes, 1060 directories, 408 unused inodes
  Free blocks: 533514-533535, 533600-557055
  Free inodes: 136300, 138849, 138857-139264
Group 17: (Blocks 557056-589823) [INODE_UNINIT, ITABLE_ZEROED]
  Checksum 0x5e04, unused inodes 8192
  Block bitmap at 524289 (bg #16 + 1), Inode bitmap at 524305 (bg #16 + 17)
  Inode table at 524832-525343 (bg #16 + 544)
  0 free blocks, 8192 free inodes, 0 directories, 8192 unused inodes
  Free blocks: 
  Free inodes: 139265-147456
Group 18: (Blocks 589824-622591) [INODE_UNINIT, ITABLE_ZEROED]
  Checksum 0xa4a3, unused inodes 8192
  Block bitmap at 524290 (bg #16 + 2), Inode bitmap at 524306 (bg #16 + 18)
  Inode table at 525344-525855 (bg #16 + 1056)
  19860 free blocks, 8192 free inodes, 0 directories, 8192 unused inodes
  Free blocks: 593506, 598016-606207, 610909-610911, 610928-622591
  Free inodes: 147457-155648
Group 19: (Blocks 622592-655359) [INODE_UNINIT, BLOCK_UNINIT, ITABLE_ZEROED]
  Checksum 0x7029, unused inodes 8192
  Block bitmap at 524291 (bg #16 + 3), Inode bitmap at 524307 (bg #16 + 19)
  Inode table at 525856-526367 (bg #16 + 1568)
  32768 free blocks, 8192 free inodes, 0 directories, 8192 unused inodes
  Free blocks: 622592-655359
  Free inodes: 155649-163840
Group 20: (Blocks 655360-688127) [INODE_UNINIT, BLOCK_UNINIT, ITABLE_ZEROED]
  Checksum 0xd22d, unused inodes 8192
  Block bitmap at 524292 (bg #16 + 4), Inode bitmap at 524308 (bg #16 + 20)
  Inode table at 526368-526879 (bg #16 + 2080)
  32768 free blocks, 8192 free inodes, 0 directories, 8192 unused inodes
  Free blocks: 655360-688127
  Free inodes: 163841-172032
Group 21: (Blocks 688128-720895) [INODE_UNINIT, BLOCK_UNINIT, ITABLE_ZEROED]
  Checksum 0x72f6, unused inodes 8192
  Block bitmap at 524293 (bg #16 + 5), Inode bitmap at 524309 (bg #16 + 21)
  Inode table at 526880-527391 (bg #16 + 2592)
  32768 free blocks, 8192 free inodes, 0 directories, 8192 unused inodes
  Free blocks: 688128-720895
  Free inodes: 172033-180224
Group 22: (Blocks 720896-753663) [INODE_UNINIT, BLOCK_UNINIT, ITABLE_ZEROED]
  Checksum 0xd398, unused inodes 8192
  Block bitmap at 524294 (bg #16 + 6), Inode bitmap at 524310 (bg #16 + 22)
  Inode table at 527392-527903 (bg #16 + 3104)
  32768 free blocks, 8192 free inodes, 0 directories, 8192 unused inodes
  Free blocks: 720896-753663
  Free inodes: 180225-188416
Group 23: (Blocks 753664-786431) [INODE_UNINIT, BLOCK_UNINIT, ITABLE_ZEROED]
  Checksum 0x7343, unused inodes 8192
  Block bitmap at 524295 (bg #16 + 7), Inode bitmap at 524311 (bg #16 + 23)
  Inode table at 527904-528415 (bg #16 + 3616)
  32768 free blocks, 8192 free inodes, 0 directories, 8192 unused inodes
  Free blocks: 753664-786431
  Free inodes: 188417-196608
Group 24: (Blocks 786432-819199) [INODE_UNINIT, BLOCK_UNINIT, ITABLE_ZEROED]
  Checksum 0xd793, unused inodes 8192
  Block bitmap at 524296 (bg #16 + 8), Inode bitmap at 524312 (bg #16 + 24)
  Inode table at 528416-528927 (bg #16 + 4128)
  32768 free blocks, 8192 free inodes, 0 directories, 8192 unused inodes
  Free blocks: 786432-819199
  Free inodes: 196609-204800
Group 25: (Blocks 819200-851967) [INODE_UNINIT, ITABLE_ZEROED]
  Checksum 0x9582, unused inodes 8192
  Backup superblock at 819200, Group descriptors at 819201-819202
  Reserved GDT blocks at 819203-820224
  Block bitmap at 524297 (bg #16 + 9), Inode bitmap at 524313 (bg #16 + 25)
  Inode table at 528928-529439 (bg #16 + 4640)
  31743 free blocks, 8192 free inodes, 0 directories, 8192 unused inodes
  Free blocks: 820225-851967
  Free inodes: 204801-212992
Group 26: (Blocks 851968-884735) [INODE_UNINIT, BLOCK_UNINIT, ITABLE_ZEROED]
  Checksum 0xd626, unused inodes 8192
  Block bitmap at 524298 (bg #16 + 10), Inode bitmap at 524314 (bg #16 + 26)
  Inode table at 529440-529951 (bg #16 + 5152)
  32768 free blocks, 8192 free inodes, 0 directories, 8192 unused inodes
  Free blocks: 851968-884735
  Free inodes: 212993-221184
Group 27: (Blocks 884736-917503) [INODE_UNINIT, ITABLE_ZEROED]
  Checksum 0x9437, unused inodes 8192
  Backup superblock at 884736, Group descriptors at 884737-884738
  Reserved GDT blocks at 884739-885760
  Block bitmap at 524299 (bg #16 + 11), Inode bitmap at 524315 (bg #16 + 27)
  Inode table at 529952-530463 (bg #16 + 5664)
  31743 free blocks, 8192 free inodes, 0 directories, 8192 unused inodes
  Free blocks: 885761-917503
  Free inodes: 221185-229376
Group 28: (Blocks 917504-950271) [INODE_UNINIT, BLOCK_UNINIT, ITABLE_ZEROED]
  Checksum 0xd4f9, unused inodes 8192
  Block bitmap at 524300 (bg #16 + 12), Inode bitmap at 524316 (bg #16 + 28)
  Inode table at 530464-530975 (bg #16 + 6176)
  32768 free blocks, 8192 free inodes, 0 directories, 8192 unused inodes
  Free blocks: 917504-950271
  Free inodes: 229377-237568
Group 29: (Blocks 950272-983039) [INODE_UNINIT, BLOCK_UNINIT, ITABLE_ZEROED]
  Checksum 0x7422, unused inodes 8192
  Block bitmap at 524301 (bg #16 + 13), Inode bitmap at 524317 (bg #16 + 29)
  Inode table at 530976-531487 (bg #16 + 6688)
  32768 free blocks, 8192 free inodes, 0 directories, 8192 unused inodes
  Free blocks: 950272-983039
  Free inodes: 237569-245760
Group 30: (Blocks 983040-1015807) [INODE_UNINIT, BLOCK_UNINIT, ITABLE_ZEROED]
  Checksum 0xd54c, unused inodes 8192
  Block bitmap at 524302 (bg #16 + 14), Inode bitmap at 524318 (bg #16 + 30)
  Inode table at 531488-531999 (bg #16 + 7200)
  32768 free blocks, 8192 free inodes, 0 directories, 8192 unused inodes
  Free blocks: 983040-1015807
  Free inodes: 245761-253952
Group 31: (Blocks 1015808-1048575) [INODE_UNINIT, BLOCK_UNINIT, ITABLE_ZEROED]
  Checksum 0x7597, unused inodes 8192
  Block bitmap at 524303 (bg #16 + 15), Inode bitmap at 524319 (bg #16 + 31)
  Inode table at 532000-532511 (bg #16 + 7712)
  32768 free blocks, 8192 free inodes, 0 directories, 8192 unused inodes
  Free blocks: 1015808-1048575
  Free inodes: 253953-262144
Group 32: (Blocks 1048576-1081343) [ITABLE_ZEROED]
  Checksum 0x4d0a, unused inodes 3257
  Block bitmap at 1048576 (+0), Inode bitmap at 1048592 (+16)
  Inode table at 1048608-1049119 (+32)
  23580 free blocks, 4133 free inodes, 944 directories, 3257 unused inodes
  Free blocks: 1057732-1057759, 1057792-1081343
  Free inodes: 266203-266568, 266570-270336
Group 33: (Blocks 1081344-1114111) [INODE_UNINIT, ITABLE_ZEROED]
  Checksum 0x4b50, unused inodes 8192
  Block bitmap at 1048577 (bg #32 + 1), Inode bitmap at 1048593 (bg #32 + 17)
  Inode table at 1049120-1049631 (bg #32 + 544)
  23735 free blocks, 8192 free inodes, 0 directories, 8192 unused inodes
  Free blocks: 1082023, 1082544-1082559, 1083392-1083455, 1083776-1083839, 1084288-1084607, 1084672-1084735, 1085056-1085311, 1085502-1085503, 1085525, 1085664-1085951, 1085960-1086857, 1086912-1086975, 1087168-1087231, 1087296-1087359, 1087504-1087829, 1088128-1088886, 1089025-1089026, 1089028-1089534, 1089536-1089720, 1089728-1089919, 1090560-1090709, 1090730-1090731, 1090734-1092018, 1092098, 1092104, 1092107-1092108, 1092110-1092767, 1092770, 1093120-1093375, 1093386, 1093419-1093421, 1093424-1093615, 1093630, 1096672-1096799, 1096802-1096807, 1096810-1096812, 1096814-1096815, 1096817, 1096819-1096820, 1096822, 1096826, 1096832-1096855, 1096858, 1096862-1096864, 1097212, 1097215-1097655, 1097657, 1097662, 1097664-1097679, 1097684, 1097692-1097693, 1097696-1097719, 1097726-1114111
  Free inodes: 270337-278528
Group 34: (Blocks 1114112-1146879) [INODE_UNINIT, ITABLE_ZEROED]
  Checksum 0xfbc7, unused inodes 8192
  Block bitmap at 1048578 (bg #32 + 2), Inode bitmap at 1048594 (bg #32 + 18)
  Inode table at 1049632-1050143 (bg #32 + 1056)
  27603 free blocks, 8192 free inodes, 0 directories, 8192 unused inodes
  Free blocks: 1119277-1146879
  Free inodes: 278529-286720
Group 35: (Blocks 1146880-1179647) [INODE_UNINIT, BLOCK_UNINIT, ITABLE_ZEROED]
  Checksum 0xe513, unused inodes 8192
  Block bitmap at 1048579 (bg #32 + 3), Inode bitmap at 1048595 (bg #32 + 19)
  Inode table at 1050144-1050655 (bg #32 + 1568)
  32768 free blocks, 8192 free inodes, 0 directories, 8192 unused inodes
  Free blocks: 1146880-1179647
  Free inodes: 286721-294912
Group 36: (Blocks 1179648-1212415) [INODE_UNINIT, BLOCK_UNINIT, ITABLE_ZEROED]
  Checksum 0x4717, unused inodes 8192
  Block bitmap at 1048580 (bg #32 + 4), Inode bitmap at 1048596 (bg #32 + 20)
  Inode table at 1050656-1051167 (bg #32 + 2080)
  32768 free blocks, 8192 free inodes, 0 directories, 8192 unused inodes
  Free blocks: 1179648-1212415
  Free inodes: 294913-303104
Group 37: (Blocks 1212416-1245183) [INODE_UNINIT, BLOCK_UNINIT, ITABLE_ZEROED]
  Checksum 0xe7cc, unused inodes 8192
  Block bitmap at 1048581 (bg #32 + 5), Inode bitmap at 1048597 (bg #32 + 21)
  Inode table at 1051168-1051679 (bg #32 + 2592)
  32768 free blocks, 8192 free inodes, 0 directories, 8192 unused inodes
  Free blocks: 1212416-1245183
  Free inodes: 303105-311296
Group 38: (Blocks 1245184-1277951) [INODE_UNINIT, BLOCK_UNINIT, ITABLE_ZEROED]
  Checksum 0x46a2, unused inodes 8192
  Block bitmap at 1048582 (bg #32 + 6), Inode bitmap at 1048598 (bg #32 + 22)
  Inode table at 1051680-1052191 (bg #32 + 3104)
  32768 free blocks, 8192 free inodes, 0 directories, 8192 unused inodes
  Free blocks: 1245184-1277951
  Free inodes: 311297-319488
Group 39: (Blocks 1277952-1310719) [INODE_UNINIT, BLOCK_UNINIT, ITABLE_ZEROED]
  Checksum 0xe679, unused inodes 8192
  Block bitmap at 1048583 (bg #32 + 7), Inode bitmap at 1048599 (bg #32 + 23)
  Inode table at 1052192-1052703 (bg #32 + 3616)
  32768 free blocks, 8192 free inodes, 0 directories, 8192 unused inodes
  Free blocks: 1277952-1310719
  Free inodes: 319489-327680
Group 40: (Blocks 1310720-1343487) [INODE_UNINIT, BLOCK_UNINIT, ITABLE_ZEROED]
  Checksum 0x42a9, unused inodes 8192
  Block bitmap at 1048584 (bg #32 + 8), Inode bitmap at 1048600 (bg #32 + 24)
  Inode table at 1052704-1053215 (bg #32 + 4128)
  32768 free blocks, 8192 free inodes, 0 directories, 8192 unused inodes
  Free blocks: 1310720-1343487
  Free inodes: 327681-335872
Group 41: (Blocks 1343488-1376255) [INODE_UNINIT, BLOCK_UNINIT, ITABLE_ZEROED]
  Checksum 0xe272, unused inodes 8192
  Block bitmap at 1048585 (bg #32 + 9), Inode bitmap at 1048601 (bg #32 + 25)
  Inode table at 1053216-1053727 (bg #32 + 4640)
  32768 free blocks, 8192 free inodes, 0 directories, 8192 unused inodes
  Free blocks: 1343488-1376255
  Free inodes: 335873-344064
Group 42: (Blocks 1376256-1409023) [INODE_UNINIT, BLOCK_UNINIT, ITABLE_ZEROED]
  Checksum 0x431c, unused inodes 8192
  Block bitmap at 1048586 (bg #32 + 10), Inode bitmap at 1048602 (bg #32 + 26)
  Inode table at 1053728-1054239 (bg #32 + 5152)
  32768 free blocks, 8192 free inodes, 0 directories, 8192 unused inodes
  Free blocks: 1376256-1409023
  Free inodes: 344065-352256
Group 43: (Blocks 1409024-1441791) [INODE_UNINIT, BLOCK_UNINIT, ITABLE_ZEROED]
  Checksum 0xe3c7, unused inodes 8192
  Block bitmap at 1048587 (bg #32 + 11), Inode bitmap at 1048603 (bg #32 + 27)
  Inode table at 1054240-1054751 (bg #32 + 5664)
  32768 free blocks, 8192 free inodes, 0 directories, 8192 unused inodes
  Free blocks: 1409024-1441791
  Free inodes: 352257-360448
Group 44: (Blocks 1441792-1474559) [INODE_UNINIT, BLOCK_UNINIT, ITABLE_ZEROED]
  Checksum 0x41c3, unused inodes 8192
  Block bitmap at 1048588 (bg #32 + 12), Inode bitmap at 1048604 (bg #32 + 28)
  Inode table at 1054752-1055263 (bg #32 + 6176)
  32768 free blocks, 8192 free inodes, 0 directories, 8192 unused inodes
  Free blocks: 1441792-1474559
  Free inodes: 360449-368640
Group 45: (Blocks 1474560-1507327) [INODE_UNINIT, BLOCK_UNINIT, ITABLE_ZEROED]
  Checksum 0xe118, unused inodes 8192
  Block bitmap at 1048589 (bg #32 + 13), Inode bitmap at 1048605 (bg #32 + 29)
  Inode table at 1055264-1055775 (bg #32 + 6688)
  32768 free blocks, 8192 free inodes, 0 directories, 8192 unused inodes
  Free blocks: 1474560-1507327
  Free inodes: 368641-376832
Group 46: (Blocks 1507328-1540095) [INODE_UNINIT, BLOCK_UNINIT, ITABLE_ZEROED]
  Checksum 0x4076, unused inodes 8192
  Block bitmap at 1048590 (bg #32 + 14), Inode bitmap at 1048606 (bg #32 + 30)
  Inode table at 1055776-1056287 (bg #32 + 7200)
  32768 free blocks, 8192 free inodes, 0 directories, 8192 unused inodes
  Free blocks: 1507328-1540095
  Free inodes: 376833-385024
Group 47: (Blocks 1540096-1572863) [INODE_UNINIT, BLOCK_UNINIT, ITABLE_ZEROED]
  Checksum 0xe0ad, unused inodes 8192
  Block bitmap at 1048591 (bg #32 + 15), Inode bitmap at 1048607 (bg #32 + 31)
  Inode table at 1056288-1056799 (bg #32 + 7712)
  32768 free blocks, 8192 free inodes, 0 directories, 8192 unused inodes
  Free blocks: 1540096-1572863
  Free inodes: 385025-393216
Group 48: (Blocks 1572864-1605631) [ITABLE_ZEROED]
  Checksum 0x32ed, unused inodes 5886
  Block bitmap at 1572864 (+0), Inode bitmap at 1572880 (+16)
  Inode table at 1572896-1573407 (+32)
  24534 free blocks, 8181 free inodes, 10 directories, 5886 unused inodes
  Free blocks: 1581098-1605631
  Free inodes: 393228-401408
Group 49: (Blocks 1605632-1638399) [INODE_UNINIT, ITABLE_ZEROED]
  Checksum 0x757a, unused inodes 8192
  Backup superblock at 1605632, Group descriptors at 1605633-1605634
  Reserved GDT blocks at 1605635-1606656
  Block bitmap at 1572865 (bg #48 + 1), Inode bitmap at 1572881 (bg #48 + 17)
  Inode table at 1573408-1573919 (bg #48 + 544)
  31743 free blocks, 8192 free inodes, 0 directories, 8192 unused inodes
  Free blocks: 1606657-1638399
  Free inodes: 401409-409600
Group 50: (Blocks 1638400-1671167) [INODE_UNINIT, BLOCK_UNINIT, ITABLE_ZEROED]
  Checksum 0x36de, unused inodes 8192
  Block bitmap at 1572866 (bg #48 + 2), Inode bitmap at 1572882 (bg #48 + 18)
  Inode table at 1573920-1574431 (bg #48 + 1056)
  32768 free blocks, 8192 free inodes, 0 directories, 8192 unused inodes
  Free blocks: 1638400-1671167
  Free inodes: 409601-417792
Group 51: (Blocks 1671168-1703935) [INODE_UNINIT, BLOCK_UNINIT, ITABLE_ZEROED]
  Checksum 0x9605, unused inodes 8192
  Block bitmap at 1572867 (bg #48 + 3), Inode bitmap at 1572883 (bg #48 + 19)
  Inode table at 1574432-1574943 (bg #48 + 1568)
  32768 free blocks, 8192 free inodes, 0 directories, 8192 unused inodes
  Free blocks: 1671168-1703935
  Free inodes: 417793-425984
Group 52: (Blocks 1703936-1736703) [INODE_UNINIT, BLOCK_UNINIT, ITABLE_ZEROED]
  Checksum 0x3401, unused inodes 8192
  Block bitmap at 1572868 (bg #48 + 4), Inode bitmap at 1572884 (bg #48 + 20)
  Inode table at 1574944-1575455 (bg #48 + 2080)
  32768 free blocks, 8192 free inodes, 0 directories, 8192 unused inodes
  Free blocks: 1703936-1736703
  Free inodes: 425985-434176
Group 53: (Blocks 1736704-1769471) [INODE_UNINIT, BLOCK_UNINIT, ITABLE_ZEROED]
  Checksum 0x94da, unused inodes 8192
  Block bitmap at 1572869 (bg #48 + 5), Inode bitmap at 1572885 (bg #48 + 21)
  Inode table at 1575456-1575967 (bg #48 + 2592)
  32768 free blocks, 8192 free inodes, 0 directories, 8192 unused inodes
  Free blocks: 1736704-1769471
  Free inodes: 434177-442368
Group 54: (Blocks 1769472-1802239) [INODE_UNINIT, BLOCK_UNINIT, ITABLE_ZEROED]
  Checksum 0x35b4, unused inodes 8192
  Block bitmap at 1572870 (bg #48 + 6), Inode bitmap at 1572886 (bg #48 + 22)
  Inode table at 1575968-1576479 (bg #48 + 3104)
  32768 free blocks, 8192 free inodes, 0 directories, 8192 unused inodes
  Free blocks: 1769472-1802239
  Free inodes: 442369-450560
Group 55: (Blocks 1802240-1835007) [INODE_UNINIT, BLOCK_UNINIT, ITABLE_ZEROED]
  Checksum 0x956f, unused inodes 8192
  Block bitmap at 1572871 (bg #48 + 7), Inode bitmap at 1572887 (bg #48 + 23)
  Inode table at 1576480-1576991 (bg #48 + 3616)
  32768 free blocks, 8192 free inodes, 0 directories, 8192 unused inodes
  Free blocks: 1802240-1835007
  Free inodes: 450561-458752
Group 56: (Blocks 1835008-1867775) [INODE_UNINIT, BLOCK_UNINIT, ITABLE_ZEROED]
  Checksum 0x31bf, unused inodes 8192
  Block bitmap at 1572872 (bg #48 + 8), Inode bitmap at 1572888 (bg #48 + 24)
  Inode table at 1576992-1577503 (bg #48 + 4128)
  32768 free blocks, 8192 free inodes, 0 directories, 8192 unused inodes
  Free blocks: 1835008-1867775
  Free inodes: 458753-466944
Group 57: (Blocks 1867776-1900543) [INODE_UNINIT, BLOCK_UNINIT, ITABLE_ZEROED]
  Checksum 0x9164, unused inodes 8192
  Block bitmap at 1572873 (bg #48 + 9), Inode bitmap at 1572889 (bg #48 + 25)
  Inode table at 1577504-1578015 (bg #48 + 4640)
  32768 free blocks, 8192 free inodes, 0 directories, 8192 unused inodes
  Free blocks: 1867776-1900543
  Free inodes: 466945-475136
Group 58: (Blocks 1900544-1933311) [INODE_UNINIT, BLOCK_UNINIT, ITABLE_ZEROED]
  Checksum 0x300a, unused inodes 8192
  Block bitmap at 1572874 (bg #48 + 10), Inode bitmap at 1572890 (bg #48 + 26)
  Inode table at 1578016-1578527 (bg #48 + 5152)
  32768 free blocks, 8192 free inodes, 0 directories, 8192 unused inodes
  Free blocks: 1900544-1933311
  Free inodes: 475137-483328
Group 59: (Blocks 1933312-1966079) [INODE_UNINIT, BLOCK_UNINIT, ITABLE_ZEROED]
  Checksum 0x90d1, unused inodes 8192
  Block bitmap at 1572875 (bg #48 + 11), Inode bitmap at 1572891 (bg #48 + 27)
  Inode table at 1578528-1579039 (bg #48 + 5664)
  32768 free blocks, 8192 free inodes, 0 directories, 8192 unused inodes
  Free blocks: 1933312-1966079
  Free inodes: 483329-491520
Group 60: (Blocks 1966080-1998847) [INODE_UNINIT, BLOCK_UNINIT, ITABLE_ZEROED]
  Checksum 0x32d5, unused inodes 8192
  Block bitmap at 1572876 (bg #48 + 12), Inode bitmap at 1572892 (bg #48 + 28)
  Inode table at 1579040-1579551 (bg #48 + 6176)
  32768 free blocks, 8192 free inodes, 0 directories, 8192 unused inodes
  Free blocks: 1966080-1998847
  Free inodes: 491521-499712
Group 61: (Blocks 1998848-2031615) [INODE_UNINIT, BLOCK_UNINIT, ITABLE_ZEROED]
  Checksum 0x920e, unused inodes 8192
  Block bitmap at 1572877 (bg #48 + 13), Inode bitmap at 1572893 (bg #48 + 29)
  Inode table at 1579552-1580063 (bg #48 + 6688)
  32768 free blocks, 8192 free inodes, 0 directories, 8192 unused inodes
  Free blocks: 1998848-2031615
  Free inodes: 499713-507904
Group 62: (Blocks 2031616-2064383) [INODE_UNINIT, BLOCK_UNINIT, ITABLE_ZEROED]
  Checksum 0x3360, unused inodes 8192
  Block bitmap at 1572878 (bg #48 + 14), Inode bitmap at 1572894 (bg #48 + 30)
  Inode table at 1580064-1580575 (bg #48 + 7200)
  32768 free blocks, 8192 free inodes, 0 directories, 8192 unused inodes
  Free blocks: 2031616-2064383
  Free inodes: 507905-516096
Group 63: (Blocks 2064384-2097151) [INODE_UNINIT, BLOCK_UNINIT, ITABLE_ZEROED]
  Checksum 0x93bb, unused inodes 8192
  Block bitmap at 1572879 (bg #48 + 15), Inode bitmap at 1572895 (bg #48 + 31)
  Inode table at 1580576-1581087 (bg #48 + 7712)
  32768 free blocks, 8192 free inodes, 0 directories, 8192 unused inodes
  Free blocks: 2064384-2097151
  Free inodes: 516097-524288
Group 64: (Blocks 2097152-2129919) [ITABLE_ZEROED]
  Checksum 0xa651, unused inodes 8190
  Block bitmap at 2097152 (+0), Inode bitmap at 2097168 (+16)
  Inode table at 2097184-2097695 (+32)
  24544 free blocks, 8192 free inodes, 0 directories, 8190 unused inodes
  Free blocks: 2105376-2129919
  Free inodes: 524289-532480
Group 65: (Blocks 2129920-2162687) [INODE_UNINIT, ITABLE_ZEROED]
  Checksum 0xa149, unused inodes 8192
  Block bitmap at 2097153 (bg #64 + 1), Inode bitmap at 2097169 (bg #64 + 17)
  Inode table at 2097696-2098207 (bg #64 + 544)
  0 free blocks, 8192 free inodes, 0 directories, 8192 unused inodes
  Free blocks: 
  Free inodes: 532481-540672
Group 66: (Blocks 2162688-2195455) [INODE_UNINIT, BLOCK_UNINIT, ITABLE_ZEROED]
  Checksum 0x2fbf, unused inodes 8192
  Block bitmap at 2097154 (bg #64 + 2), Inode bitmap at 2097170 (bg #64 + 18)
  Inode table at 2098208-2098719 (bg #64 + 1056)
  32768 free blocks, 8192 free inodes, 0 directories, 8192 unused inodes
  Free blocks: 2162688-2195455
  Free inodes: 540673-548864
Group 67: (Blocks 2195456-2228223) [INODE_UNINIT, BLOCK_UNINIT, ITABLE_ZEROED]
  Checksum 0x8f64, unused inodes 8192
  Block bitmap at 2097155 (bg #64 + 3), Inode bitmap at 2097171 (bg #64 + 19)
  Inode table at 2098720-2099231 (bg #64 + 1568)
  32768 free blocks, 8192 free inodes, 0 directories, 8192 unused inodes
  Free blocks: 2195456-2228223
  Free inodes: 548865-557056
Group 68: (Blocks 2228224-2260991) [INODE_UNINIT, BLOCK_UNINIT, ITABLE_ZEROED]
  Checksum 0x2d60, unused inodes 8192
  Block bitmap at 2097156 (bg #64 + 4), Inode bitmap at 2097172 (bg #64 + 20)
  Inode table at 2099232-2099743 (bg #64 + 2080)
  32768 free blocks, 8192 free inodes, 0 directories, 8192 unused inodes
  Free blocks: 2228224-2260991
  Free inodes: 557057-565248
Group 69: (Blocks 2260992-2293759) [INODE_UNINIT, BLOCK_UNINIT, ITABLE_ZEROED]
  Checksum 0x8dbb, unused inodes 8192
  Block bitmap at 2097157 (bg #64 + 5), Inode bitmap at 2097173 (bg #64 + 21)
  Inode table at 2099744-2100255 (bg #64 + 2592)
  32768 free blocks, 8192 free inodes, 0 directories, 8192 unused inodes
  Free blocks: 2260992-2293759
  Free inodes: 565249-573440
Group 70: (Blocks 2293760-2326527) [INODE_UNINIT, BLOCK_UNINIT, ITABLE_ZEROED]
  Checksum 0x2cd5, unused inodes 8192
  Block bitmap at 2097158 (bg #64 + 6), Inode bitmap at 2097174 (bg #64 + 22)
  Inode table at 2100256-2100767 (bg #64 + 3104)
  32768 free blocks, 8192 free inodes, 0 directories, 8192 unused inodes
  Free blocks: 2293760-2326527
  Free inodes: 573441-581632
Group 71: (Blocks 2326528-2359295) [INODE_UNINIT, BLOCK_UNINIT, ITABLE_ZEROED]
  Checksum 0x8c0e, unused inodes 8192
  Block bitmap at 2097159 (bg #64 + 7), Inode bitmap at 2097175 (bg #64 + 23)
  Inode table at 2100768-2101279 (bg #64 + 3616)
  32768 free blocks, 8192 free inodes, 0 directories, 8192 unused inodes
  Free blocks: 2326528-2359295
  Free inodes: 581633-589824
Group 72: (Blocks 2359296-2392063) [INODE_UNINIT, BLOCK_UNINIT, ITABLE_ZEROED]
  Checksum 0x28de, unused inodes 8192
  Block bitmap at 2097160 (bg #64 + 8), Inode bitmap at 2097176 (bg #64 + 24)
  Inode table at 2101280-2101791 (bg #64 + 4128)
  32768 free blocks, 8192 free inodes, 0 directories, 8192 unused inodes
  Free blocks: 2359296-2392063
  Free inodes: 589825-598016
Group 73: (Blocks 2392064-2424831) [INODE_UNINIT, BLOCK_UNINIT, ITABLE_ZEROED]
  Checksum 0x8805, unused inodes 8192
  Block bitmap at 2097161 (bg #64 + 9), Inode bitmap at 2097177 (bg #64 + 25)
  Inode table at 2101792-2102303 (bg #64 + 4640)
  32768 free blocks, 8192 free inodes, 0 directories, 8192 unused inodes
  Free blocks: 2392064-2424831
  Free inodes: 598017-606208
Group 74: (Blocks 2424832-2457599) [INODE_UNINIT, BLOCK_UNINIT, ITABLE_ZEROED]
  Checksum 0x296b, unused inodes 8192
  Block bitmap at 2097162 (bg #64 + 10), Inode bitmap at 2097178 (bg #64 + 26)
  Inode table at 2102304-2102815 (bg #64 + 5152)
  32768 free blocks, 8192 free inodes, 0 directories, 8192 unused inodes
  Free blocks: 2424832-2457599
  Free inodes: 606209-614400
Group 75: (Blocks 2457600-2490367) [INODE_UNINIT, BLOCK_UNINIT, ITABLE_ZEROED]
  Checksum 0x89b0, unused inodes 8192
  Block bitmap at 2097163 (bg #64 + 11), Inode bitmap at 2097179 (bg #64 + 27)
  Inode table at 2102816-2103327 (bg #64 + 5664)
  32768 free blocks, 8192 free inodes, 0 directories, 8192 unused inodes
  Free blocks: 2457600-2490367
  Free inodes: 614401-622592
Group 76: (Blocks 2490368-2523135) [INODE_UNINIT, BLOCK_UNINIT, ITABLE_ZEROED]
  Checksum 0x2bb4, unused inodes 8192
  Block bitmap at 2097164 (bg #64 + 12), Inode bitmap at 2097180 (bg #64 + 28)
  Inode table at 2103328-2103839 (bg #64 + 6176)
  32768 free blocks, 8192 free inodes, 0 directories, 8192 unused inodes
  Free blocks: 2490368-2523135
  Free inodes: 622593-630784
Group 77: (Blocks 2523136-2555903) [INODE_UNINIT, BLOCK_UNINIT, ITABLE_ZEROED]
  Checksum 0x8b6f, unused inodes 8192
  Block bitmap at 2097165 (bg #64 + 13), Inode bitmap at 2097181 (bg #64 + 29)
  Inode table at 2103840-2104351 (bg #64 + 6688)
  32768 free blocks, 8192 free inodes, 0 directories, 8192 unused inodes
  Free blocks: 2523136-2555903
  Free inodes: 630785-638976
Group 78: (Blocks 2555904-2588671) [INODE_UNINIT, BLOCK_UNINIT, ITABLE_ZEROED]
  Checksum 0x2a01, unused inodes 8192
  Block bitmap at 2097166 (bg #64 + 14), Inode bitmap at 2097182 (bg #64 + 30)
  Inode table at 2104352-2104863 (bg #64 + 7200)
  32768 free blocks, 8192 free inodes, 0 directories, 8192 unused inodes
  Free blocks: 2555904-2588671
  Free inodes: 638977-647168
Group 79: (Blocks 2588672-2621439) [INODE_UNINIT, BLOCK_UNINIT, ITABLE_ZEROED]
  Checksum 0x8ada, unused inodes 8192
  Block bitmap at 2097167 (bg #64 + 15), Inode bitmap at 2097183 (bg #64 + 31)
  Inode table at 2104864-2105375 (bg #64 + 7712)
  32768 free blocks, 8192 free inodes, 0 directories, 8192 unused inodes
  Free blocks: 2588672-2621439
  Free inodes: 647169-655360
Group 80: (Blocks 2621440-2654207) [ITABLE_ZEROED]
  Checksum 0xc396, unused inodes 8190
  Block bitmap at 2621440 (+0), Inode bitmap at 2621456 (+16)
  Inode table at 2621472-2621983 (+32)
  24542 free blocks, 8190 free inodes, 2 directories, 8190 unused inodes
  Free blocks: 2629666-2654207
  Free inodes: 655363-663552
Group 81: (Blocks 2654208-2686975) [INODE_UNINIT, ITABLE_ZEROED]
  Checksum 0x1f0d, unused inodes 8192
  Backup superblock at 2654208, Group descriptors at 2654209-2654210
  Reserved GDT blocks at 2654211-2655232
  Block bitmap at 2621441 (bg #80 + 1), Inode bitmap at 2621457 (bg #80 + 17)
  Inode table at 2621984-2622495 (bg #80 + 544)
  31743 free blocks, 8192 free inodes, 0 directories, 8192 unused inodes
  Free blocks: 2655233-2686975
  Free inodes: 663553-671744
Group 82: (Blocks 2686976-2719743) [INODE_UNINIT, BLOCK_UNINIT, ITABLE_ZEROED]
  Checksum 0x5ca9, unused inodes 8192
  Block bitmap at 2621442 (bg #80 + 2), Inode bitmap at 2621458 (bg #80 + 18)
  Inode table at 2622496-2623007 (bg #80 + 1056)
  32768 free blocks, 8192 free inodes, 0 directories, 8192 unused inodes
  Free blocks: 2686976-2719743
  Free inodes: 671745-679936
Group 83: (Blocks 2719744-2752511) [INODE_UNINIT, BLOCK_UNINIT, ITABLE_ZEROED]
  Checksum 0xfc72, unused inodes 8192
  Block bitmap at 2621443 (bg #80 + 3), Inode bitmap at 2621459 (bg #80 + 19)
  Inode table at 2623008-2623519 (bg #80 + 1568)
  32768 free blocks, 8192 free inodes, 0 directories, 8192 unused inodes
  Free blocks: 2719744-2752511
  Free inodes: 679937-688128
Group 84: (Blocks 2752512-2785279) [INODE_UNINIT, BLOCK_UNINIT, ITABLE_ZEROED]
  Checksum 0x5e76, unused inodes 8192
  Block bitmap at 2621444 (bg #80 + 4), Inode bitmap at 2621460 (bg #80 + 20)
  Inode table at 2623520-2624031 (bg #80 + 2080)
  32768 free blocks, 8192 free inodes, 0 directories, 8192 unused inodes
  Free blocks: 2752512-2785279
  Free inodes: 688129-696320
Group 85: (Blocks 2785280-2818047) [INODE_UNINIT, BLOCK_UNINIT, ITABLE_ZEROED]
  Checksum 0xfead, unused inodes 8192
  Block bitmap at 2621445 (bg #80 + 5), Inode bitmap at 2621461 (bg #80 + 21)
  Inode table at 2624032-2624543 (bg #80 + 2592)
  32768 free blocks, 8192 free inodes, 0 directories, 8192 unused inodes
  Free blocks: 2785280-2818047
  Free inodes: 696321-704512
Group 86: (Blocks 2818048-2850815) [INODE_UNINIT, BLOCK_UNINIT, ITABLE_ZEROED]
  Checksum 0x5fc3, unused inodes 8192
  Block bitmap at 2621446 (bg #80 + 6), Inode bitmap at 2621462 (bg #80 + 22)
  Inode table at 2624544-2625055 (bg #80 + 3104)
  32768 free blocks, 8192 free inodes, 0 directories, 8192 unused inodes
  Free blocks: 2818048-2850815
  Free inodes: 704513-712704
Group 87: (Blocks 2850816-2883583) [INODE_UNINIT, BLOCK_UNINIT, ITABLE_ZEROED]
  Checksum 0xff18, unused inodes 8192
  Block bitmap at 2621447 (bg #80 + 7), Inode bitmap at 2621463 (bg #80 + 23)
  Inode table at 2625056-2625567 (bg #80 + 3616)
  32768 free blocks, 8192 free inodes, 0 directories, 8192 unused inodes
  Free blocks: 2850816-2883583
  Free inodes: 712705-720896
Group 88: (Blocks 2883584-2916351) [INODE_UNINIT, BLOCK_UNINIT, ITABLE_ZEROED]
  Checksum 0x5bc8, unused inodes 8192
  Block bitmap at 2621448 (bg #80 + 8), Inode bitmap at 2621464 (bg #80 + 24)
  Inode table at 2625568-2626079 (bg #80 + 4128)
  32768 free blocks, 8192 free inodes, 0 directories, 8192 unused inodes
  Free blocks: 2883584-2916351
  Free inodes: 720897-729088
Group 89: (Blocks 2916352-2949119) [INODE_UNINIT, BLOCK_UNINIT, ITABLE_ZEROED]
  Checksum 0xfb13, unused inodes 8192
  Block bitmap at 2621449 (bg #80 + 9), Inode bitmap at 2621465 (bg #80 + 25)
  Inode table at 2626080-2626591 (bg #80 + 4640)
  32768 free blocks, 8192 free inodes, 0 directories, 8192 unused inodes
  Free blocks: 2916352-2949119
  Free inodes: 729089-737280
Group 90: (Blocks 2949120-2981887) [INODE_UNINIT, BLOCK_UNINIT, ITABLE_ZEROED]
  Checksum 0x5a7d, unused inodes 8192
  Block bitmap at 2621450 (bg #80 + 10), Inode bitmap at 2621466 (bg #80 + 26)
  Inode table at 2626592-2627103 (bg #80 + 5152)
  32768 free blocks, 8192 free inodes, 0 directories, 8192 unused inodes
  Free blocks: 2949120-2981887
  Free inodes: 737281-745472
Group 91: (Blocks 2981888-3014655) [INODE_UNINIT, BLOCK_UNINIT, ITABLE_ZEROED]
  Checksum 0xfaa6, unused inodes 8192
  Block bitmap at 2621451 (bg #80 + 11), Inode bitmap at 2621467 (bg #80 + 27)
  Inode table at 2627104-2627615 (bg #80 + 5664)
  32768 free blocks, 8192 free inodes, 0 directories, 8192 unused inodes
  Free blocks: 2981888-3014655
  Free inodes: 745473-753664
Group 92: (Blocks 3014656-3047423) [INODE_UNINIT, BLOCK_UNINIT, ITABLE_ZEROED]
  Checksum 0x58a2, unused inodes 8192
  Block bitmap at 2621452 (bg #80 + 12), Inode bitmap at 2621468 (bg #80 + 28)
  Inode table at 2627616-2628127 (bg #80 + 6176)
  32768 free blocks, 8192 free inodes, 0 directories, 8192 unused inodes
  Free blocks: 3014656-3047423
  Free inodes: 753665-761856
Group 93: (Blocks 3047424-3080191) [INODE_UNINIT, BLOCK_UNINIT, ITABLE_ZEROED]
  Checksum 0xf879, unused inodes 8192
  Block bitmap at 2621453 (bg #80 + 13), Inode bitmap at 2621469 (bg #80 + 29)
  Inode table at 2628128-2628639 (bg #80 + 6688)
  32768 free blocks, 8192 free inodes, 0 directories, 8192 unused inodes
  Free blocks: 3047424-3080191
  Free inodes: 761857-770048
Group 94: (Blocks 3080192-3112959) [INODE_UNINIT, BLOCK_UNINIT, ITABLE_ZEROED]
  Checksum 0x5917, unused inodes 8192
  Block bitmap at 2621454 (bg #80 + 14), Inode bitmap at 2621470 (bg #80 + 30)
  Inode table at 2628640-2629151 (bg #80 + 7200)
  32768 free blocks, 8192 free inodes, 0 directories, 8192 unused inodes
  Free blocks: 3080192-3112959
  Free inodes: 770049-778240
Group 95: (Blocks 3112960-3145727) [INODE_UNINIT, BLOCK_UNINIT, ITABLE_ZEROED]
  Checksum 0xf9cc, unused inodes 8192
  Block bitmap at 2621455 (bg #80 + 15), Inode bitmap at 2621471 (bg #80 + 31)
  Inode table at 2629152-2629663 (bg #80 + 7712)
  32768 free blocks, 8192 free inodes, 0 directories, 8192 unused inodes
  Free blocks: 3112960-3145727
  Free inodes: 778241-786432
Group 96: (Blocks 3145728-3178495) [ITABLE_ZEROED]
  Checksum 0x56ac, unused inodes 8190
  Block bitmap at 3145728 (+0), Inode bitmap at 3145744 (+16)
  Inode table at 3145760-3146271 (+32)
  24542 free blocks, 8190 free inodes, 2 directories, 8190 unused inodes
  Free blocks: 3153954-3178495
  Free inodes: 786435-794624
Group 97: (Blocks 3178496-3211263) [INODE_UNINIT, BLOCK_UNINIT, ITABLE_ZEROED]
  Checksum 0x68fd, unused inodes 8192
  Block bitmap at 3145729 (bg #96 + 1), Inode bitmap at 3145745 (bg #96 + 17)
  Inode table at 3146272-3146783 (bg #96 + 544)
  32768 free blocks, 8192 free inodes, 0 directories, 8192 unused inodes
  Free blocks: 3178496-3211263
  Free inodes: 794625-802816
Group 98: (Blocks 3211264-3244031) [INODE_UNINIT, BLOCK_UNINIT, ITABLE_ZEROED]
  Checksum 0xc993, unused inodes 8192
  Block bitmap at 3145730 (bg #96 + 2), Inode bitmap at 3145746 (bg #96 + 18)
  Inode table at 3146784-3147295 (bg #96 + 1056)
  32768 free blocks, 8192 free inodes, 0 directories, 8192 unused inodes
  Free blocks: 3211264-3244031
  Free inodes: 802817-811008
Group 99: (Blocks 3244032-3276799) [INODE_UNINIT, BLOCK_UNINIT, ITABLE_ZEROED]
  Checksum 0x6948, unused inodes 8192
  Block bitmap at 3145731 (bg #96 + 3), Inode bitmap at 3145747 (bg #96 + 19)
  Inode table at 3147296-3147807 (bg #96 + 1568)
  32768 free blocks, 8192 free inodes, 0 directories, 8192 unused inodes
  Free blocks: 3244032-3276799
  Free inodes: 811009-819200
Group 100: (Blocks 3276800-3309567) [INODE_UNINIT, BLOCK_UNINIT, ITABLE_ZEROED]
  Checksum 0xcb4c, unused inodes 8192
  Block bitmap at 3145732 (bg #96 + 4), Inode bitmap at 3145748 (bg #96 + 20)
  Inode table at 3147808-3148319 (bg #96 + 2080)
  32768 free blocks, 8192 free inodes, 0 directories, 8192 unused inodes
  Free blocks: 3276800-3309567
  Free inodes: 819201-827392
Group 101: (Blocks 3309568-3342335) [INODE_UNINIT, BLOCK_UNINIT, ITABLE_ZEROED]
  Checksum 0x6b97, unused inodes 8192
  Block bitmap at 3145733 (bg #96 + 5), Inode bitmap at 3145749 (bg #96 + 21)
  Inode table at 3148320-3148831 (bg #96 + 2592)
  32768 free blocks, 8192 free inodes, 0 directories, 8192 unused inodes
  Free blocks: 3309568-3342335
  Free inodes: 827393-835584
Group 102: (Blocks 3342336-3375103) [INODE_UNINIT, BLOCK_UNINIT, ITABLE_ZEROED]
  Checksum 0xcaf9, unused inodes 8192
  Block bitmap at 3145734 (bg #96 + 6), Inode bitmap at 3145750 (bg #96 + 22)
  Inode table at 3148832-3149343 (bg #96 + 3104)
  32768 free blocks, 8192 free inodes, 0 directories, 8192 unused inodes
  Free blocks: 3342336-3375103
  Free inodes: 835585-843776
Group 103: (Blocks 3375104-3407871) [INODE_UNINIT, BLOCK_UNINIT, ITABLE_ZEROED]
  Checksum 0x6a22, unused inodes 8192
  Block bitmap at 3145735 (bg #96 + 7), Inode bitmap at 3145751 (bg #96 + 23)
  Inode table at 3149344-3149855 (bg #96 + 3616)
  32768 free blocks, 8192 free inodes, 0 directories, 8192 unused inodes
  Free blocks: 3375104-3407871
  Free inodes: 843777-851968
Group 104: (Blocks 3407872-3440639) [INODE_UNINIT, BLOCK_UNINIT, ITABLE_ZEROED]
  Checksum 0xcef2, unused inodes 8192
  Block bitmap at 3145736 (bg #96 + 8), Inode bitmap at 3145752 (bg #96 + 24)
  Inode table at 3149856-3150367 (bg #96 + 4128)
  32768 free blocks, 8192 free inodes, 0 directories, 8192 unused inodes
  Free blocks: 3407872-3440639
  Free inodes: 851969-860160
Group 105: (Blocks 3440640-3473407) [INODE_UNINIT, BLOCK_UNINIT, ITABLE_ZEROED]
  Checksum 0x6e29, unused inodes 8192
  Block bitmap at 3145737 (bg #96 + 9), Inode bitmap at 3145753 (bg #96 + 25)
  Inode table at 3150368-3150879 (bg #96 + 4640)
  32768 free blocks, 8192 free inodes, 0 directories, 8192 unused inodes
  Free blocks: 3440640-3473407
  Free inodes: 860161-868352
Group 106: (Blocks 3473408-3506175) [INODE_UNINIT, BLOCK_UNINIT, ITABLE_ZEROED]
  Checksum 0xcf47, unused inodes 8192
  Block bitmap at 3145738 (bg #96 + 10), Inode bitmap at 3145754 (bg #96 + 26)
  Inode table at 3150880-3151391 (bg #96 + 5152)
  32768 free blocks, 8192 free inodes, 0 directories, 8192 unused inodes
  Free blocks: 3473408-3506175
  Free inodes: 868353-876544
Group 107: (Blocks 3506176-3538943) [INODE_UNINIT, BLOCK_UNINIT, ITABLE_ZEROED]
  Checksum 0x6f9c, unused inodes 8192
  Block bitmap at 3145739 (bg #96 + 11), Inode bitmap at 3145755 (bg #96 + 27)
  Inode table at 3151392-3151903 (bg #96 + 5664)
  32768 free blocks, 8192 free inodes, 0 directories, 8192 unused inodes
  Free blocks: 3506176-3538943
  Free inodes: 876545-884736
Group 108: (Blocks 3538944-3571711) [INODE_UNINIT, BLOCK_UNINIT, ITABLE_ZEROED]
  Checksum 0xcd98, unused inodes 8192
  Block bitmap at 3145740 (bg #96 + 12), Inode bitmap at 3145756 (bg #96 + 28)
  Inode table at 3151904-3152415 (bg #96 + 6176)
  32768 free blocks, 8192 free inodes, 0 directories, 8192 unused inodes
  Free blocks: 3538944-3571711
  Free inodes: 884737-892928
Group 109: (Blocks 3571712-3604479) [INODE_UNINIT, BLOCK_UNINIT, ITABLE_ZEROED]
  Checksum 0x6d43, unused inodes 8192
  Block bitmap at 3145741 (bg #96 + 13), Inode bitmap at 3145757 (bg #96 + 29)
  Inode table at 3152416-3152927 (bg #96 + 6688)
  32768 free blocks, 8192 free inodes, 0 directories, 8192 unused inodes
  Free blocks: 3571712-3604479
  Free inodes: 892929-901120
Group 110: (Blocks 3604480-3637247) [INODE_UNINIT, BLOCK_UNINIT, ITABLE_ZEROED]
  Checksum 0xcc2d, unused inodes 8192
  Block bitmap at 3145742 (bg #96 + 14), Inode bitmap at 3145758 (bg #96 + 30)
  Inode table at 3152928-3153439 (bg #96 + 7200)
  32768 free blocks, 8192 free inodes, 0 directories, 8192 unused inodes
  Free blocks: 3604480-3637247
  Free inodes: 901121-909312
Group 111: (Blocks 3637248-3670015) [INODE_UNINIT, BLOCK_UNINIT, ITABLE_ZEROED]
  Checksum 0x6cf6, unused inodes 8192
  Block bitmap at 3145743 (bg #96 + 15), Inode bitmap at 3145759 (bg #96 + 31)
  Inode table at 3153440-3153951 (bg #96 + 7712)
  32768 free blocks, 8192 free inodes, 0 directories, 8192 unused inodes
  Free blocks: 3637248-3670015
  Free inodes: 909313-917504
Group 112: (Blocks 3670016-3702783) [ITABLE_ZEROED]
  Checksum 0xf1f4, unused inodes 4271
  Block bitmap at 3670016 (+0), Inode bitmap at 3670032 (+16)
  Inode table at 3670048-3670559 (+32)
  23948 free blocks, 5800 free inodes, 593 directories, 4271 unused inodes
  Free blocks: 3678415-3678815, 3679237-3702783
  Free inodes: 918213-919715, 919756, 919759-919763, 919769, 919778, 919780-919781, 919787-919792, 921411-921414, 921419-921424, 921426-925696
Group 113: (Blocks 3702784-3735551) [INODE_UNINIT, ITABLE_ZEROED]
  Checksum 0x8ec7, unused inodes 8192
  Block bitmap at 3670017 (bg #112 + 1), Inode bitmap at 3670033 (bg #112 + 17)
  Inode table at 3670560-3671071 (bg #112 + 544)
  25194 free blocks, 8192 free inodes, 0 directories, 8192 unused inodes
  Free blocks: 3704850-3705343, 3705856-3708927, 3710052-3710055, 3710107-3710207, 3710464-3720191, 3720704-3720959, 3723008-3724159, 3724180, 3725135-3725183, 3725204, 3725216-3735551
  Free inodes: 925697-933888
Group 114: (Blocks 3735552-3768319) [INODE_UNINIT, BLOCK_UNINIT, ITABLE_ZEROED]
  Checksum 0xba85, unused inodes 8192
  Block bitmap at 3670018 (bg #112 + 2), Inode bitmap at 3670034 (bg #112 + 18)
  Inode table at 3671072-3671583 (bg #112 + 1056)
  32768 free blocks, 8192 free inodes, 0 directories, 8192 unused inodes
  Free blocks: 3735552-3768319
  Free inodes: 933889-942080
Group 115: (Blocks 3768320-3801087) [INODE_UNINIT, BLOCK_UNINIT, ITABLE_ZEROED]
  Checksum 0x1a5e, unused inodes 8192
  Block bitmap at 3670019 (bg #112 + 3), Inode bitmap at 3670035 (bg #112 + 19)
  Inode table at 3671584-3672095 (bg #112 + 1568)
  32768 free blocks, 8192 free inodes, 0 directories, 8192 unused inodes
  Free blocks: 3768320-3801087
  Free inodes: 942081-950272
Group 116: (Blocks 3801088-3833855) [INODE_UNINIT, BLOCK_UNINIT, ITABLE_ZEROED]
  Checksum 0xb85a, unused inodes 8192
  Block bitmap at 3670020 (bg #112 + 4), Inode bitmap at 3670036 (bg #112 + 20)
  Inode table at 3672096-3672607 (bg #112 + 2080)
  32768 free blocks, 8192 free inodes, 0 directories, 8192 unused inodes
  Free blocks: 3801088-3833855
  Free inodes: 950273-958464
Group 117: (Blocks 3833856-3866623) [INODE_UNINIT, BLOCK_UNINIT, ITABLE_ZEROED]
  Checksum 0x1881, unused inodes 8192
  Block bitmap at 3670021 (bg #112 + 5), Inode bitmap at 3670037 (bg #112 + 21)
  Inode table at 3672608-3673119 (bg #112 + 2592)
  32768 free blocks, 8192 free inodes, 0 directories, 8192 unused inodes
  Free blocks: 3833856-3866623
  Free inodes: 958465-966656
Group 118: (Blocks 3866624-3899391) [INODE_UNINIT, BLOCK_UNINIT, ITABLE_ZEROED]
  Checksum 0xb9ef, unused inodes 8192
  Block bitmap at 3670022 (bg #112 + 6), Inode bitmap at 3670038 (bg #112 + 22)
  Inode table at 3673120-3673631 (bg #112 + 3104)
  32768 free blocks, 8192 free inodes, 0 directories, 8192 unused inodes
  Free blocks: 3866624-3899391
  Free inodes: 966657-974848
Group 119: (Blocks 3899392-3932159) [INODE_UNINIT, BLOCK_UNINIT, ITABLE_ZEROED]
  Checksum 0x1934, unused inodes 8192
  Block bitmap at 3670023 (bg #112 + 7), Inode bitmap at 3670039 (bg #112 + 23)
  Inode table at 3673632-3674143 (bg #112 + 3616)
  32768 free blocks, 8192 free inodes, 0 directories, 8192 unused inodes
  Free blocks: 3899392-3932159
  Free inodes: 974849-983040
Group 120: (Blocks 3932160-3964927) [INODE_UNINIT, BLOCK_UNINIT, ITABLE_ZEROED]
  Checksum 0xbde4, unused inodes 8192
  Block bitmap at 3670024 (bg #112 + 8), Inode bitmap at 3670040 (bg #112 + 24)
  Inode table at 3674144-3674655 (bg #112 + 4128)
  32768 free blocks, 8192 free inodes, 0 directories, 8192 unused inodes
  Free blocks: 3932160-3964927
  Free inodes: 983041-991232
Group 121: (Blocks 3964928-3997695) [INODE_UNINIT, BLOCK_UNINIT, ITABLE_ZEROED]
  Checksum 0x1d3f, unused inodes 8192
  Block bitmap at 3670025 (bg #112 + 9), Inode bitmap at 3670041 (bg #112 + 25)
  Inode table at 3674656-3675167 (bg #112 + 4640)
  32768 free blocks, 8192 free inodes, 0 directories, 8192 unused inodes
  Free blocks: 3964928-3997695
  Free inodes: 991233-999424
Group 122: (Blocks 3997696-4030463) [INODE_UNINIT, BLOCK_UNINIT, ITABLE_ZEROED]
  Checksum 0xbc51, unused inodes 8192
  Block bitmap at 3670026 (bg #112 + 10), Inode bitmap at 3670042 (bg #112 + 26)
  Inode table at 3675168-3675679 (bg #112 + 5152)
  32768 free blocks, 8192 free inodes, 0 directories, 8192 unused inodes
  Free blocks: 3997696-4030463
  Free inodes: 999425-1007616
Group 123: (Blocks 4030464-4063231) [INODE_UNINIT, BLOCK_UNINIT, ITABLE_ZEROED]
  Checksum 0x1c8a, unused inodes 8192
  Block bitmap at 3670027 (bg #112 + 11), Inode bitmap at 3670043 (bg #112 + 27)
  Inode table at 3675680-3676191 (bg #112 + 5664)
  32768 free blocks, 8192 free inodes, 0 directories, 8192 unused inodes
  Free blocks: 4030464-4063231
  Free inodes: 1007617-1015808
Group 124: (Blocks 4063232-4095999) [INODE_UNINIT, BLOCK_UNINIT, ITABLE_ZEROED]
  Checksum 0xbe8e, unused inodes 8192
  Block bitmap at 3670028 (bg #112 + 12), Inode bitmap at 3670044 (bg #112 + 28)
  Inode table at 3676192-3676703 (bg #112 + 6176)
  32768 free blocks, 8192 free inodes, 0 directories, 8192 unused inodes
  Free blocks: 4063232-4095999
  Free inodes: 1015809-1024000
Group 125: (Blocks 4096000-4128767) [INODE_UNINIT, ITABLE_ZEROED]
  Checksum 0xfc9f, unused inodes 8192
  Backup superblock at 4096000, Group descriptors at 4096001-4096002
  Reserved GDT blocks at 4096003-4097024
  Block bitmap at 3670029 (bg #112 + 13), Inode bitmap at 3670045 (bg #112 + 29)
  Inode table at 3676704-3677215 (bg #112 + 6688)
  31743 free blocks, 8192 free inodes, 0 directories, 8192 unused inodes
  Free blocks: 4097025-4128767
  Free inodes: 1024001-1032192
Group 126: (Blocks 4128768-4161535) [INODE_UNINIT, BLOCK_UNINIT, ITABLE_ZEROED]
  Checksum 0xbf3b, unused inodes 8192
  Block bitmap at 3670030 (bg #112 + 14), Inode bitmap at 3670046 (bg #112 + 30)
  Inode table at 3677216-3677727 (bg #112 + 7200)
  32768 free blocks, 8192 free inodes, 0 directories, 8192 unused inodes
  Free blocks: 4128768-4161535
  Free inodes: 1032193-1040384
Group 127: (Blocks 4161536-4194303) [INODE_UNINIT, BLOCK_UNINIT, ITABLE_ZEROED]
  Checksum 0x1fe0, unused inodes 8192
  Block bitmap at 3670031 (bg #112 + 15), Inode bitmap at 3670047 (bg #112 + 31)
  Inode table at 3677728-3678239 (bg #112 + 7712)
  32768 free blocks, 8192 free inodes, 0 directories, 8192 unused inodes
  Free blocks: 4161536-4194303
  Free inodes: 1040385-1048576
Group 128: (Blocks 4194304-4227071) [ITABLE_ZEROED]
  Checksum 0xb793, unused inodes 0
  Block bitmap at 4194304 (+0), Inode bitmap at 4194320 (+16)
  Inode table at 4194336-4194847 (+32)
  23441 free blocks, 1 free inodes, 960 directories
  Free blocks: 4203631-4227071
  Free inodes: 1052643
Group 129: (Blocks 4227072-4259839) [ITABLE_ZEROED]
  Checksum 0x1143, unused inodes 6155
  Block bitmap at 4194305 (bg #128 + 1), Inode bitmap at 4194321 (bg #128 + 17)
  Inode table at 4194848-4195359 (bg #128 + 544)
  0 free blocks, 6155 free inodes, 96 directories, 6155 unused inodes
  Free blocks: 
  Free inodes: 1058806-1064960
Group 130: (Blocks 4259840-4292607) [INODE_UNINIT, ITABLE_ZEROED]
  Checksum 0x734f, unused inodes 8192
  Block bitmap at 4194306 (bg #128 + 2), Inode bitmap at 4194322 (bg #128 + 18)
  Inode table at 4195360-4195871 (bg #128 + 1056)
  24 free blocks, 8192 free inodes, 0 directories, 8192 unused inodes
  Free blocks: 4273288-4273311
  Free inodes: 1064961-1073152
Group 131: (Blocks 4292608-4325375) [INODE_UNINIT, ITABLE_ZEROED]
  Checksum 0xe759, unused inodes 8192
  Block bitmap at 4194307 (bg #128 + 3), Inode bitmap at 4194323 (bg #128 + 19)
  Inode table at 4195872-4196383 (bg #128 + 1568)
  882 free blocks, 8192 free inodes, 0 directories, 8192 unused inodes
  Free blocks: 4294126-4294140, 4311439-4311445, 4312739, 4312758-4312767, 4314445-4314446, 4314841-4314891, 4316388-4317183
  Free inodes: 1073153-1081344
Group 132: (Blocks 4325376-4358143) [INODE_UNINIT, ITABLE_ZEROED]
  Checksum 0x7246, unused inodes 8192
  Block bitmap at 4194308 (bg #128 + 4), Inode bitmap at 4194324 (bg #128 + 20)
  Inode table at 4196384-4196895 (bg #128 + 2080)
  29982 free blocks, 8192 free inodes, 0 directories, 8192 unused inodes
  Free blocks: 4328162-4358143
  Free inodes: 1081345-1089536
Group 133: (Blocks 4358144-4390911) [INODE_UNINIT, BLOCK_UNINIT, ITABLE_ZEROED]
  Checksum 0x5955, unused inodes 8192
  Block bitmap at 4194309 (bg #128 + 5), Inode bitmap at 4194325 (bg #128 + 21)
  Inode table at 4196896-4197407 (bg #128 + 2592)
  32768 free blocks, 8192 free inodes, 0 directories, 8192 unused inodes
  Free blocks: 4358144-4390911
  Free inodes: 1089537-1097728
Group 134: (Blocks 4390912-4423679) [INODE_UNINIT, BLOCK_UNINIT, ITABLE_ZEROED]
  Checksum 0xf83b, unused inodes 8192
  Block bitmap at 4194310 (bg #128 + 6), Inode bitmap at 4194326 (bg #128 + 22)
  Inode table at 4197408-4197919 (bg #128 + 3104)
  32768 free blocks, 8192 free inodes, 0 directories, 8192 unused inodes
  Free blocks: 4390912-4423679
  Free inodes: 1097729-1105920
Group 135: (Blocks 4423680-4456447) [INODE_UNINIT, BLOCK_UNINIT, ITABLE_ZEROED]
  Checksum 0x58e0, unused inodes 8192
  Block bitmap at 4194311 (bg #128 + 7), Inode bitmap at 4194327 (bg #128 + 23)
  Inode table at 4197920-4198431 (bg #128 + 3616)
  32768 free blocks, 8192 free inodes, 0 directories, 8192 unused inodes
  Free blocks: 4423680-4456447
  Free inodes: 1105921-1114112
Group 136: (Blocks 4456448-4489215) [INODE_UNINIT, BLOCK_UNINIT, ITABLE_ZEROED]
  Checksum 0xfc30, unused inodes 8192
  Block bitmap at 4194312 (bg #128 + 8), Inode bitmap at 4194328 (bg #128 + 24)
  Inode table at 4198432-4198943 (bg #128 + 4128)
  32768 free blocks, 8192 free inodes, 0 directories, 8192 unused inodes
  Free blocks: 4456448-4489215
  Free inodes: 1114113-1122304
Group 137: (Blocks 4489216-4521983) [INODE_UNINIT, BLOCK_UNINIT, ITABLE_ZEROED]
  Checksum 0x5ceb, unused inodes 8192
  Block bitmap at 4194313 (bg #128 + 9), Inode bitmap at 4194329 (bg #128 + 25)
  Inode table at 4198944-4199455 (bg #128 + 4640)
  32768 free blocks, 8192 free inodes, 0 directories, 8192 unused inodes
  Free blocks: 4489216-4521983
  Free inodes: 1122305-1130496
Group 138: (Blocks 4521984-4554751) [INODE_UNINIT, BLOCK_UNINIT, ITABLE_ZEROED]
  Checksum 0xfd85, unused inodes 8192
  Block bitmap at 4194314 (bg #128 + 10), Inode bitmap at 4194330 (bg #128 + 26)
  Inode table at 4199456-4199967 (bg #128 + 5152)
  32768 free blocks, 8192 free inodes, 0 directories, 8192 unused inodes
  Free blocks: 4521984-4554751
  Free inodes: 1130497-1138688
Group 139: (Blocks 4554752-4587519) [INODE_UNINIT, BLOCK_UNINIT, ITABLE_ZEROED]
  Checksum 0x5d5e, unused inodes 8192
  Block bitmap at 4194315 (bg #128 + 11), Inode bitmap at 4194331 (bg #128 + 27)
  Inode table at 4199968-4200479 (bg #128 + 5664)
  32768 free blocks, 8192 free inodes, 0 directories, 8192 unused inodes
  Free blocks: 4554752-4587519
  Free inodes: 1138689-1146880
Group 140: (Blocks 4587520-4620287) [INODE_UNINIT, BLOCK_UNINIT, ITABLE_ZEROED]
  Checksum 0xff5a, unused inodes 8192
  Block bitmap at 4194316 (bg #128 + 12), Inode bitmap at 4194332 (bg #128 + 28)
  Inode table at 4200480-4200991 (bg #128 + 6176)
  32768 free blocks, 8192 free inodes, 0 directories, 8192 unused inodes
  Free blocks: 4587520-4620287
  Free inodes: 1146881-1155072
Group 141: (Blocks 4620288-4653055) [INODE_UNINIT, BLOCK_UNINIT, ITABLE_ZEROED]
  Checksum 0x5f81, unused inodes 8192
  Block bitmap at 4194317 (bg #128 + 13), Inode bitmap at 4194333 (bg #128 + 29)
  Inode table at 4200992-4201503 (bg #128 + 6688)
  32768 free blocks, 8192 free inodes, 0 directories, 8192 unused inodes
  Free blocks: 4620288-4653055
  Free inodes: 1155073-1163264
Group 142: (Blocks 4653056-4685823) [INODE_UNINIT, BLOCK_UNINIT, ITABLE_ZEROED]
  Checksum 0xfeef, unused inodes 8192
  Block bitmap at 4194318 (bg #128 + 14), Inode bitmap at 4194334 (bg #128 + 30)
  Inode table at 4201504-4202015 (bg #128 + 7200)
  32768 free blocks, 8192 free inodes, 0 directories, 8192 unused inodes
  Free blocks: 4653056-4685823
  Free inodes: 1163265-1171456
Group 143: (Blocks 4685824-4718591) [INODE_UNINIT, BLOCK_UNINIT, ITABLE_ZEROED]
  Checksum 0x5e34, unused inodes 8192
  Block bitmap at 4194319 (bg #128 + 15), Inode bitmap at 4194335 (bg #128 + 31)
  Inode table at 4202016-4202527 (bg #128 + 7712)
  32768 free blocks, 8192 free inodes, 0 directories, 8192 unused inodes
  Free blocks: 4685824-4718591
  Free inodes: 1171457-1179648
Group 144: (Blocks 4718592-4751359) [ITABLE_ZEROED]
  Checksum 0x1576, unused inodes 1271
  Block bitmap at 4718592 (+0), Inode bitmap at 4718608 (+16)
  Inode table at 4718624-4719135 (+32)
  23468 free blocks, 1271 free inodes, 1056 directories, 1271 unused inodes
  Free blocks: 4727892-4751359
  Free inodes: 1186570-1187840
Group 145: (Blocks 4751360-4784127) [INODE_UNINIT, ITABLE_ZEROED]
  Checksum 0x2fda, unused inodes 8192
  Block bitmap at 4718593 (bg #144 + 1), Inode bitmap at 4718609 (bg #144 + 17)
  Inode table at 4719136-4719647 (bg #144 + 544)
  1152 free blocks, 8192 free inodes, 0 directories, 8192 unused inodes
  Free blocks: 4782976-4784127
  Free inodes: 1187841-1196032
Group 146: (Blocks 4784128-4816895) [INODE_UNINIT, BLOCK_UNINIT, ITABLE_ZEROED]
  Checksum 0x8847, unused inodes 8192
  Block bitmap at 4718594 (bg #144 + 2), Inode bitmap at 4718610 (bg #144 + 18)
  Inode table at 4719648-4720159 (bg #144 + 1056)
  32768 free blocks, 8192 free inodes, 0 directories, 8192 unused inodes
  Free blocks: 4784128-4816895
  Free inodes: 1196033-1204224
Group 147: (Blocks 4816896-4849663) [INODE_UNINIT, BLOCK_UNINIT, ITABLE_ZEROED]
  Checksum 0x289c, unused inodes 8192
  Block bitmap at 4718595 (bg #144 + 3), Inode bitmap at 4718611 (bg #144 + 19)
  Inode table at 4720160-4720671 (bg #144 + 1568)
  32768 free blocks, 8192 free inodes, 0 directories, 8192 unused inodes
  Free blocks: 4816896-4849663
  Free inodes: 1204225-1212416
Group 148: (Blocks 4849664-4882431) [INODE_UNINIT, BLOCK_UNINIT, ITABLE_ZEROED]
  Checksum 0x8a98, unused inodes 8192
  Block bitmap at 4718596 (bg #144 + 4), Inode bitmap at 4718612 (bg #144 + 20)
  Inode table at 4720672-4721183 (bg #144 + 2080)
  32768 free blocks, 8192 free inodes, 0 directories, 8192 unused inodes
  Free blocks: 4849664-4882431
  Free inodes: 1212417-1220608
Group 149: (Blocks 4882432-4915199) [INODE_UNINIT, BLOCK_UNINIT, ITABLE_ZEROED]
  Checksum 0x2a43, unused inodes 8192
  Block bitmap at 4718597 (bg #144 + 5), Inode bitmap at 4718613 (bg #144 + 21)
  Inode table at 4721184-4721695 (bg #144 + 2592)
  32768 free blocks, 8192 free inodes, 0 directories, 8192 unused inodes
  Free blocks: 4882432-4915199
  Free inodes: 1220609-1228800
Group 150: (Blocks 4915200-4947967) [INODE_UNINIT, BLOCK_UNINIT, ITABLE_ZEROED]
  Checksum 0x8b2d, unused inodes 8192
  Block bitmap at 4718598 (bg #144 + 6), Inode bitmap at 4718614 (bg #144 + 22)
  Inode table at 4721696-4722207 (bg #144 + 3104)
  32768 free blocks, 8192 free inodes, 0 directories, 8192 unused inodes
  Free blocks: 4915200-4947967
  Free inodes: 1228801-1236992
Group 151: (Blocks 4947968-4980735) [INODE_UNINIT, BLOCK_UNINIT, ITABLE_ZEROED]
  Checksum 0x2bf6, unused inodes 8192
  Block bitmap at 4718599 (bg #144 + 7), Inode bitmap at 4718615 (bg #144 + 23)
  Inode table at 4722208-4722719 (bg #144 + 3616)
  32768 free blocks, 8192 free inodes, 0 directories, 8192 unused inodes
  Free blocks: 4947968-4980735
  Free inodes: 1236993-1245184
Group 152: (Blocks 4980736-5013503) [INODE_UNINIT, BLOCK_UNINIT, ITABLE_ZEROED]
  Checksum 0x8f26, unused inodes 8192
  Block bitmap at 4718600 (bg #144 + 8), Inode bitmap at 4718616 (bg #144 + 24)
  Inode table at 4722720-4723231 (bg #144 + 4128)
  32768 free blocks, 8192 free inodes, 0 directories, 8192 unused inodes
  Free blocks: 4980736-5013503
  Free inodes: 1245185-1253376
Group 153: (Blocks 5013504-5046271) [INODE_UNINIT, BLOCK_UNINIT, ITABLE_ZEROED]
  Checksum 0x2ffd, unused inodes 8192
  Block bitmap at 4718601 (bg #144 + 9), Inode bitmap at 4718617 (bg #144 + 25)
  Inode table at 4723232-4723743 (bg #144 + 4640)
  32768 free blocks, 8192 free inodes, 0 directories, 8192 unused inodes
  Free blocks: 5013504-5046271
  Free inodes: 1253377-1261568
Group 154: (Blocks 5046272-5079039) [INODE_UNINIT, BLOCK_UNINIT, ITABLE_ZEROED]
  Checksum 0x8e93, unused inodes 8192
  Block bitmap at 4718602 (bg #144 + 10), Inode bitmap at 4718618 (bg #144 + 26)
  Inode table at 4723744-4724255 (bg #144 + 5152)
  32768 free blocks, 8192 free inodes, 0 directories, 8192 unused inodes
  Free blocks: 5046272-5079039
  Free inodes: 1261569-1269760
Group 155: (Blocks 5079040-5111807) [INODE_UNINIT, BLOCK_UNINIT, ITABLE_ZEROED]
  Checksum 0x2e48, unused inodes 8192
  Block bitmap at 4718603 (bg #144 + 11), Inode bitmap at 4718619 (bg #144 + 27)
  Inode table at 4724256-4724767 (bg #144 + 5664)
  32768 free blocks, 8192 free inodes, 0 directories, 8192 unused inodes
  Free blocks: 5079040-5111807
  Free inodes: 1269761-1277952
Group 156: (Blocks 5111808-5144575) [INODE_UNINIT, BLOCK_UNINIT, ITABLE_ZEROED]
  Checksum 0x8c4c, unused inodes 8192
  Block bitmap at 4718604 (bg #144 + 12), Inode bitmap at 4718620 (bg #144 + 28)
  Inode table at 4724768-4725279 (bg #144 + 6176)
  32768 free blocks, 8192 free inodes, 0 directories, 8192 unused inodes
  Free blocks: 5111808-5144575
  Free inodes: 1277953-1286144
Group 157: (Blocks 5144576-5177343) [INODE_UNINIT, BLOCK_UNINIT, ITABLE_ZEROED]
  Checksum 0x2c97, unused inodes 8192
  Block bitmap at 4718605 (bg #144 + 13), Inode bitmap at 4718621 (bg #144 + 29)
  Inode table at 4725280-4725791 (bg #144 + 6688)
  32768 free blocks, 8192 free inodes, 0 directories, 8192 unused inodes
  Free blocks: 5144576-5177343
  Free inodes: 1286145-1294336
Group 158: (Blocks 5177344-5210111) [INODE_UNINIT, BLOCK_UNINIT, ITABLE_ZEROED]
  Checksum 0x8df9, unused inodes 8192
  Block bitmap at 4718606 (bg #144 + 14), Inode bitmap at 4718622 (bg #144 + 30)
  Inode table at 4725792-4726303 (bg #144 + 7200)
  32768 free blocks, 8192 free inodes, 0 directories, 8192 unused inodes
  Free blocks: 5177344-5210111
  Free inodes: 1294337-1302528
Group 159: (Blocks 5210112-5242623) [INODE_UNINIT, ITABLE_ZEROED]
  Checksum 0x2aaa, unused inodes 8192
  Block bitmap at 4718607 (bg #144 + 15), Inode bitmap at 4718623 (bg #144 + 31)
  Inode table at 4726304-4726815 (bg #144 + 7712)
  32512 free blocks, 8192 free inodes, 0 directories, 8192 unused inodes
  Free blocks: 5210112-5242623
  Free inodes: 1302529-1310720
