[    0.000000] Initializing cgroup subsys cpuset
[    0.000000] Initializing cgroup subsys cpu
[    0.000000] Initializing cgroup subsys cpuacct
[    0.000000] Linux version 3.10.0-693.2.2.el7.x86_64 (builder@kbuilder.dev.centos.org) (gcc version 4.8.5 20150623 (Red Hat 4.8.5-16) (GCC) ) #1 SMP Tue Sep 12 22:26:13 UTC 2017
[    0.000000] Command line: BOOT_IMAGE=/boot/vmlinuz-3.10.0-693.2.2.el7.x86_64 root=UUID=eb448abb-3012-4d8d-bcde-94434d586a31 ro crashkernel=auto rhgb quiet net.ifnames=0 console=tty0 console=ttyS0,115200n8
[    0.000000] e820: BIOS-provided physical RAM map:
[    0.000000] BIOS-e820: [mem 0x0000000000000000-0x000000000009fbff] usable
[    0.000000] BIOS-e820: [mem 0x000000000009fc00-0x000000000009ffff] reserved
[    0.000000] BIOS-e820: [mem 0x00000000000f0000-0x00000000000fffff] reserved
[    0.000000] BIOS-e820: [mem 0x0000000000100000-0x00000000bffdffff] usable
[    0.000000] BIOS-e820: [mem 0x00000000bffe0000-0x00000000bfffffff] reserved
[    0.000000] BIOS-e820: [mem 0x00000000feffc000-0x00000000feffffff] reserved
[    0.000000] BIOS-e820: [mem 0x00000000fffc0000-0x00000000ffffffff] reserved
[    0.000000] BIOS-e820: [mem 0x0000000100000000-0x000000043fffffff] usable
[    0.000000] NX (Execute Disable) protection: active
[    0.000000] SMBIOS 2.8 present.
[    0.000000] DMI: Alibaba Cloud Alibaba Cloud ECS, BIOS rel-1.7.5-0-ge51488c-20140602_164612-nilsson.home.kraxel.org 04/01/2014
[    0.000000] Hypervisor detected: KVM
[    0.000000] e820: update [mem 0x00000000-0x00000fff] usable ==> reserved
[    0.000000] e820: remove [mem 0x000a0000-0x000fffff] usable
[    0.000000] e820: last_pfn = 0x440000 max_arch_pfn = 0x400000000
[    0.000000] MTRR default type: write-back
[    0.000000] MTRR fixed ranges enabled:
[    0.000000]   00000-9FFFF write-back
[    0.000000]   A0000-BFFFF uncachable
[    0.000000]   C0000-FFFFF write-protect
[    0.000000] MTRR variable ranges enabled:
[    0.000000]   0 base 0000C0000000 mask 3FFFC0000000 uncachable
[    0.000000]   1 disabled
[    0.000000]   2 disabled
[    0.000000]   3 disabled
[    0.000000]   4 disabled
[    0.000000]   5 disabled
[    0.000000]   6 disabled
[    0.000000]   7 disabled
[    0.000000] x86 PAT enabled: cpu 0, old 0x7040600070406, new 0x7010600070106
[    0.000000] e820: last_pfn = 0xbffe0 max_arch_pfn = 0x400000000
[    0.000000] found SMP MP-table at [mem 0x000f0e90-0x000f0e9f] mapped at [ffff8800000f0e90]
[    0.000000] Base memory trampoline at [ffff880000099000] 99000 size 24576
[    0.000000] Using GB pages for direct mapping
[    0.000000] BRK [0x01fe9000, 0x01fe9fff] PGTABLE
[    0.000000] BRK [0x01fea000, 0x01feafff] PGTABLE
[    0.000000] BRK [0x01feb000, 0x01febfff] PGTABLE
[    0.000000] RAMDISK: [mem 0x35e41000-0x36f18fff]
[    0.000000] Early table checksum verification disabled
[    0.000000] ACPI: RSDP 00000000000f0c30 00014 (v00 BOCHS )
[    0.000000] ACPI: RSDT 00000000bffe1968 00034 (v01 BOCHS  BXPCRSDT 00000001 BXPC 00000001)
[    0.000000] ACPI: FACP 00000000bffe0b52 00074 (v01 BOCHS  BXPCFACP 00000001 BXPC 00000001)
[    0.000000] ACPI: DSDT 00000000bffe0040 00B12 (v01 BOCHS  BXPCDSDT 00000001 BXPC 00000001)
[    0.000000] ACPI: FACS 00000000bffe0000 00040
[    0.000000] ACPI: SSDT 00000000bffe0bc6 00C5A (v01 BOCHS  BXPCSSDT 00000001 BXPC 00000001)
[    0.000000] ACPI: APIC 00000000bffe1820 00080 (v01 BOCHS  BXPCAPIC 00000001 BXPC 00000001)
[    0.000000] ACPI: SRAT 00000000bffe18a0 000C8 (v01 BOCHS  BXPCSRAT 00000001 BXPC 00000001)
[    0.000000] ACPI: Local APIC address 0xfee00000
[    0.000000] SRAT: PXM 0 -> APIC 0x00 -> Node 0
[    0.000000] SRAT: PXM 0 -> APIC 0x01 -> Node 0
[    0.000000] SRAT: Node 0 PXM 0 [mem 0x00000000-0x0009ffff]
[    0.000000] SRAT: Node 0 PXM 0 [mem 0x00100000-0xbfffffff]
[    0.000000] SRAT: Node 0 PXM 0 [mem 0x100000000-0x43fffffff]
[    0.000000] NUMA: Node 0 [mem 0x00000000-0x0009ffff] + [mem 0x00100000-0xbfffffff] -> [mem 0x00000000-0xbfffffff]
[    0.000000] NUMA: Node 0 [mem 0x00000000-0xbfffffff] + [mem 0x100000000-0x43fffffff] -> [mem 0x00000000-0x43fffffff]
[    0.000000] NODE_DATA(0) allocated [mem 0x43ffd7000-0x43fffdfff]
[    0.000000] Reserving 161MB of memory at 688MB for crashkernel (System RAM: 16383MB)
[    0.000000] kvm-clock: Using msrs 4b564d01 and 4b564d00
[    0.000000] kvm-clock: cpu 0, msr 4:3ff87001, primary cpu clock
[    0.000000] kvm-clock: using sched offset of 6777651420 cycles
[    0.000000] Zone ranges:
[    0.000000]   DMA      [mem 0x00001000-0x00ffffff]
[    0.000000]   DMA32    [mem 0x01000000-0xffffffff]
[    0.000000]   Normal   [mem 0x100000000-0x43fffffff]
[    0.000000] Movable zone start for each node
[    0.000000] Early memory node ranges
[    0.000000]   node   0: [mem 0x00001000-0x0009efff]
[    0.000000]   node   0: [mem 0x00100000-0xbffdffff]
[    0.000000]   node   0: [mem 0x100000000-0x43fffffff]
[    0.000000] Initmem setup node 0 [mem 0x00001000-0x43fffffff]
[    0.000000] On node 0 totalpages: 4194174
[    0.000000]   DMA zone: 64 pages used for memmap
[    0.000000]   DMA zone: 21 pages reserved
[    0.000000]   DMA zone: 3998 pages, LIFO batch:0
[    0.000000]   DMA32 zone: 12224 pages used for memmap
[    0.000000]   DMA32 zone: 782304 pages, LIFO batch:31
[    0.000000]   Normal zone: 53248 pages used for memmap
[    0.000000]   Normal zone: 3407872 pages, LIFO batch:31
[    0.000000] ACPI: PM-Timer IO Port: 0x608
[    0.000000] ACPI: Local APIC address 0xfee00000
[    0.000000] ACPI: LAPIC (acpi_id[0x00] lapic_id[0x00] enabled)
[    0.000000] ACPI: LAPIC (acpi_id[0x01] lapic_id[0x01] enabled)
[    0.000000] ACPI: LAPIC_NMI (acpi_id[0xff] dfl dfl lint[0x1])
[    0.000000] ACPI: IOAPIC (id[0x00] address[0xfec00000] gsi_base[0])
[    0.000000] IOAPIC[0]: apic_id 0, version 17, address 0xfec00000, GSI 0-23
[    0.000000] ACPI: INT_SRC_OVR (bus 0 bus_irq 0 global_irq 2 dfl dfl)
[    0.000000] ACPI: INT_SRC_OVR (bus 0 bus_irq 5 global_irq 5 high level)
[    0.000000] ACPI: INT_SRC_OVR (bus 0 bus_irq 9 global_irq 9 high level)
[    0.000000] ACPI: INT_SRC_OVR (bus 0 bus_irq 10 global_irq 10 high level)
[    0.000000] ACPI: INT_SRC_OVR (bus 0 bus_irq 11 global_irq 11 high level)
[    0.000000] ACPI: IRQ0 used by override.
[    0.000000] ACPI: IRQ5 used by override.
[    0.000000] ACPI: IRQ9 used by override.
[    0.000000] ACPI: IRQ10 used by override.
[    0.000000] ACPI: IRQ11 used by override.
[    0.000000] Using ACPI (MADT) for SMP configuration information
[    0.000000] smpboot: Allowing 2 CPUs, 0 hotplug CPUs
[    0.000000] PM: Registered nosave memory: [mem 0x0009f000-0x0009ffff]
[    0.000000] PM: Registered nosave memory: [mem 0x000a0000-0x000effff]
[    0.000000] PM: Registered nosave memory: [mem 0x000f0000-0x000fffff]
[    0.000000] PM: Registered nosave memory: [mem 0xbffe0000-0xbfffffff]
[    0.000000] PM: Registered nosave memory: [mem 0xc0000000-0xfeffbfff]
[    0.000000] PM: Registered nosave memory: [mem 0xfeffc000-0xfeffffff]
[    0.000000] PM: Registered nosave memory: [mem 0xff000000-0xfffbffff]
[    0.000000] PM: Registered nosave memory: [mem 0xfffc0000-0xffffffff]
[    0.000000] e820: [mem 0xc0000000-0xfeffbfff] available for PCI devices
[    0.000000] Booting paravirtualized kernel on KVM
[    0.000000] setup_percpu: NR_CPUS:5120 nr_cpumask_bits:2 nr_cpu_ids:2 nr_node_ids:1
[    0.000000] PERCPU: Embedded 33 pages/cpu @ffff88043fc00000 s97048 r8192 d29928 u1048576
[    0.000000] pcpu-alloc: s97048 r8192 d29928 u1048576 alloc=1*2097152
[    0.000000] pcpu-alloc: [0] 0 1 
[    0.000000] KVM setup async PF for cpu 0
[    0.000000] kvm-stealtime: cpu 0, msr 43fc0f440
[    0.000000] PV qspinlock hash table entries: 256 (order: 0, 4096 bytes)
[    0.000000] Built 1 zonelists in Zone order, mobility grouping on.  Total pages: 4128617
[    0.000000] Policy zone: Normal
[    0.000000] Kernel command line: BOOT_IMAGE=/boot/vmlinuz-3.10.0-693.2.2.el7.x86_64 root=UUID=eb448abb-3012-4d8d-bcde-94434d586a31 ro crashkernel=auto rhgb quiet net.ifnames=0 console=tty0 console=ttyS0,115200n8
[    0.000000] PID hash table entries: 4096 (order: 3, 32768 bytes)
[    0.000000] x86/fpu: xstate_offset[2]: 0240, xstate_sizes[2]: 0100
[    0.000000] x86/fpu: xstate_offset[3]: 03c0, xstate_sizes[3]: 0040
[    0.000000] x86/fpu: xstate_offset[4]: 0400, xstate_sizes[4]: 0040
[    0.000000] x86/fpu: xstate_offset[5]: 0440, xstate_sizes[5]: 0040
[    0.000000] x86/fpu: xstate_offset[6]: 0480, xstate_sizes[6]: 0200
[    0.000000] x86/fpu: xstate_offset[7]: 0680, xstate_sizes[7]: 0400
[    0.000000] xsave: enabled xstate_bv 0xff, cntxt size 0xa80 using standard form
[    0.000000] Memory: 4978256k/17825792k available (6886k kernel code, 1049096k absent, 527744k reserved, 4545k data, 1764k init)
[    0.000000] SLUB: HWalign=64, Order=0-3, MinObjects=0, CPUs=2, Nodes=1
[    0.000000] Hierarchical RCU implementation.
[    0.000000] 	RCU restricting CPUs from NR_CPUS=5120 to nr_cpu_ids=2.
[    0.000000] NR_IRQS:327936 nr_irqs:440 0
[    0.000000] Console: colour VGA+ 80x25
[    0.000000] console [tty0] enabled
[    0.000000] console [ttyS0] enabled
[    0.000000] allocated 67108864 bytes of page_cgroup
[    0.000000] please try 'cgroup_disable=memory' option if you don't want memory cgroups
[    0.000000] tsc: Detected 2499.996 MHz processor
[    0.257068] Calibrating delay loop (skipped) preset value.. 4999.99 BogoMIPS (lpj=2499996)
[    0.257071] pid_max: default: 32768 minimum: 301
[    0.257093] Security Framework initialized
[    0.257101] SELinux:  Initializing.
[    0.257108] SELinux:  Starting in permissive mode
[    0.257109] Yama: becoming mindful.
[    0.258839] Dentry cache hash table entries: 2097152 (order: 12, 16777216 bytes)
[    0.266906] Inode-cache hash table entries: 1048576 (order: 11, 8388608 bytes)
[    0.269999] Mount-cache hash table entries: 32768 (order: 6, 262144 bytes)
[    0.270018] Mountpoint-cache hash table entries: 32768 (order: 6, 262144 bytes)
[    0.270254] Initializing cgroup subsys memory
[    0.270263] Initializing cgroup subsys devices
[    0.270265] Initializing cgroup subsys freezer
[    0.270267] Initializing cgroup subsys net_cls
[    0.270269] Initializing cgroup subsys blkio
[    0.270271] Initializing cgroup subsys perf_event
[    0.270273] Initializing cgroup subsys hugetlb
[    0.270274] Initializing cgroup subsys pids
[    0.270276] Initializing cgroup subsys net_prio
[    0.270522] CPU: Physical Processor ID: 0
[    0.270524] CPU: Processor Core ID: 0
[    0.271621] mce: CPU supports 10 MCE banks
[    0.271807] Last level iTLB entries: 4KB 0, 2MB 0, 4MB 0
[    0.271809] Last level dTLB entries: 4KB 64, 2MB 0, 4MB 0
[    0.271810] tlb_flushall_shift: 6
[    0.278974] Freeing SMP alternatives: 24k freed
[    0.306430] ACPI: Core revision 20130517
[    0.307222] ACPI: All ACPI Tables successfully acquired
[    0.307279] ftrace: allocating 26586 entries in 104 pages
[    0.412658] smpboot: Max logical packages: 2
[    0.413331] Enabling x2apic
[    0.413341] Enabled x2apic
[    0.413978] Switched APIC routing to physical x2apic.
[    0.417121] ..TIMER: vector=0x30 apic1=0 pin1=2 apic2=-1 pin2=-1
[    0.417124] smpboot: CPU0: Intel(R) Xeon(R) Platinum 8163 CPU @ 2.50GHz (fam: 06, model: 55, stepping: 04)
[    0.417155] TSC deadline timer enabled
[    0.417169] Performance Events: unsupported p6 CPU model 85 no PMU driver, software events only.
[    0.417194] KVM setup paravirtual spinlock
[    0.419541] smpboot: Booting Node   0, Processors  #1 OK
[    0.425447] kvm-clock: cpu 1, msr 4:3ff87041, secondary cpu clock
[    0.429062] Brought up 2 CPUs
[    0.429069] smpboot: Total of 2 processors activated (9999.98 BogoMIPS)
[    0.429072] KVM setup async PF for cpu 1
[    0.429091] kvm-stealtime: cpu 1, msr 43fd0f440
[    0.479948] node 0 initialised, 2817674 pages in 49ms
[    0.480257] devtmpfs: initialized
[    0.482923] EVM: security.selinux
[    0.482925] EVM: security.ima
[    0.482926] EVM: security.capability
[    0.483960] atomic64 test passed for x86-64 platform with CX8 and with SSE
[    0.483963] pinctrl core: initialized pinctrl subsystem
[    0.484124] RTC time: 19:48:42, date: 04/12/18
[    0.484221] NET: Registered protocol family 16
[    0.484576] ACPI: bus type PCI registered
[    0.484578] acpiphp: ACPI Hot Plug PCI Controller Driver version: 0.5
[    0.484738] PCI: Using configuration type 1 for base access
[    0.489126] ACPI: Added _OSI(Module Device)
[    0.489131] ACPI: Added _OSI(Processor Device)
[    0.489134] ACPI: Added _OSI(3.0 _SCP Extensions)
[    0.489136] ACPI: Added _OSI(Processor Aggregator Device)
[    0.489969] ACPI: EC: Look up EC in DSDT
[    0.490674] ACPI: Interpreter enabled
[    0.490682] ACPI: (supports S0 S5)
[    0.490684] ACPI: Using IOAPIC for interrupt routing
[    0.490695] PCI: Using host bridge windows from ACPI; if necessary, use "pci=nocrs" and report a bug
[    0.493008] ACPI: PCI Root Bridge [PCI0] (domain 0000 [bus 00-ff])
[    0.493013] acpi PNP0A03:00: _OSC: OS supports [ASPM ClockPM Segments MSI]
[    0.493017] acpi PNP0A03:00: _OSC failed (AE_NOT_FOUND); disabling ASPM
[    0.493051] acpi PNP0A03:00: fail to add MMCONFIG information, can't access extended PCI configuration space under this bridge.
[    0.493287] acpiphp: Slot [3] registered
[    0.493314] acpiphp: Slot [4] registered
[    0.493344] acpiphp: Slot [5] registered
[    0.493370] acpiphp: Slot [6] registered
[    0.493396] acpiphp: Slot [7] registered
[    0.493421] acpiphp: Slot [8] registered
[    0.493446] acpiphp: Slot [9] registered
[    0.493473] acpiphp: Slot [10] registered
[    0.493498] acpiphp: Slot [11] registered
[    0.493528] acpiphp: Slot [12] registered
[    0.493553] acpiphp: Slot [13] registered
[    0.493578] acpiphp: Slot [14] registered
[    0.493603] acpiphp: Slot [15] registered
[    0.493628] acpiphp: Slot [16] registered
[    0.493661] acpiphp: Slot [17] registered
[    0.493686] acpiphp: Slot [18] registered
[    0.493712] acpiphp: Slot [19] registered
[    0.493737] acpiphp: Slot [20] registered
[    0.493762] acpiphp: Slot [21] registered
[    0.493787] acpiphp: Slot [22] registered
[    0.493818] acpiphp: Slot [23] registered
[    0.493843] acpiphp: Slot [24] registered
[    0.493868] acpiphp: Slot [25] registered
[    0.493894] acpiphp: Slot [26] registered
[    0.493920] acpiphp: Slot [27] registered
[    0.493945] acpiphp: Slot [28] registered
[    0.493970] acpiphp: Slot [29] registered
[    0.493995] acpiphp: Slot [30] registered
[    0.494020] acpiphp: Slot [31] registered
[    0.494039] PCI host bridge to bus 0000:00
[    0.494042] pci_bus 0000:00: root bus resource [bus 00-ff]
[    0.494045] pci_bus 0000:00: root bus resource [io  0x0000-0x0cf7 window]
[    0.494046] pci_bus 0000:00: root bus resource [io  0x0d00-0xadff window]
[    0.494048] pci_bus 0000:00: root bus resource [io  0xae0f-0xaeff window]
[    0.494050] pci_bus 0000:00: root bus resource [io  0xaf20-0xafdf window]
[    0.494051] pci_bus 0000:00: root bus resource [io  0xafe4-0xffff window]
[    0.494053] pci_bus 0000:00: root bus resource [mem 0x000a0000-0x000bffff window]
[    0.494055] pci_bus 0000:00: root bus resource [mem 0xc0000000-0xfebfffff window]
[    0.494121] pci 0000:00:00.0: [8086:1237] type 00 class 0x060000
[    0.494810] pci 0000:00:01.0: [8086:7000] type 00 class 0x060100
[    0.495782] pci 0000:00:01.1: [8086:7010] type 00 class 0x010180
[    0.500311] pci 0000:00:01.1: reg 0x20: [io  0xc0e0-0xc0ef]
[    0.502081] pci 0000:00:01.1: legacy IDE quirk: reg 0x10: [io  0x01f0-0x01f7]
[    0.502084] pci 0000:00:01.1: legacy IDE quirk: reg 0x14: [io  0x03f6]
[    0.502085] pci 0000:00:01.1: legacy IDE quirk: reg 0x18: [io  0x0170-0x0177]
[    0.502087] pci 0000:00:01.1: legacy IDE quirk: reg 0x1c: [io  0x0376]
[    0.502316] pci 0000:00:01.2: [8086:7020] type 00 class 0x0c0300
[    0.506753] pci 0000:00:01.2: reg 0x20: [io  0xc080-0xc09f]
[    0.508733] pci 0000:00:01.3: [8086:7113] type 00 class 0x068000
[    0.509528] pci 0000:00:01.3: quirk: [io  0x0600-0x063f] claimed by PIIX4 ACPI
[    0.509549] pci 0000:00:01.3: quirk: [io  0x0700-0x070f] claimed by PIIX4 SMB
[    0.509906] pci 0000:00:02.0: [1013:00b8] type 00 class 0x030000
[    0.511986] pci 0000:00:02.0: reg 0x10: [mem 0xfc000000-0xfdffffff pref]
[    0.513788] pci 0000:00:02.0: reg 0x14: [mem 0xfebd0000-0xfebd0fff]
[    0.522747] pci 0000:00:02.0: reg 0x30: [mem 0xfebc0000-0xfebcffff pref]
[    0.523083] pci 0000:00:03.0: [1af4:1000] type 00 class 0x020000
[    0.524743] pci 0000:00:03.0: reg 0x10: [io  0xc000-0xc03f]
[    0.526329] pci 0000:00:03.0: reg 0x14: [mem 0xfebd1000-0xfebd1fff]
[    0.534194] pci 0000:00:03.0: reg 0x30: [mem 0xfeb80000-0xfebbffff pref]
[    0.534731] pci 0000:00:04.0: [1af4:1003] type 00 class 0x078000
[    0.536404] pci 0000:00:04.0: reg 0x10: [io  0xc0a0-0xc0bf]
[    0.537984] pci 0000:00:04.0: reg 0x14: [mem 0xfebd2000-0xfebd2fff]
[    0.546424] pci 0000:00:05.0: [1af4:1001] type 00 class 0x010000
[    0.548104] pci 0000:00:05.0: reg 0x10: [io  0xc040-0xc07f]
[    0.549696] pci 0000:00:05.0: reg 0x14: [mem 0xfebd3000-0xfebd3fff]
[    0.558169] pci 0000:00:06.0: [1af4:1002] type 00 class 0x00ff00
[    0.559095] pci 0000:00:06.0: reg 0x10: [io  0xc0c0-0xc0df]
[    0.565083] ACPI: PCI Interrupt Link [LNKA] (IRQs 5 *10 11)
[    0.565219] ACPI: PCI Interrupt Link [LNKB] (IRQs 5 *10 11)
[    0.565330] ACPI: PCI Interrupt Link [LNKC] (IRQs 5 10 *11)
[    0.565441] ACPI: PCI Interrupt Link [LNKD] (IRQs 5 10 *11)
[    0.565500] ACPI: PCI Interrupt Link [LNKS] (IRQs *9)
[    0.566028] ACPI: Enabled 16 GPEs in block 00 to 0F
[    0.566191] vgaarb: device added: PCI:0000:00:02.0,decodes=io+mem,owns=io+mem,locks=none
[    0.566202] vgaarb: loaded
[    0.566204] vgaarb: bridge control possible 0000:00:02.0
[    0.566274] SCSI subsystem initialized
[    0.566308] ACPI: bus type USB registered
[    0.566325] usbcore: registered new interface driver usbfs
[    0.566330] usbcore: registered new interface driver hub
[    0.566351] usbcore: registered new device driver usb
[    0.566565] PCI: Using ACPI for IRQ routing
[    0.566568] PCI: pci_cache_line_size set to 64 bytes
[    0.566883] e820: reserve RAM buffer [mem 0x0009fc00-0x0009ffff]
[    0.566885] e820: reserve RAM buffer [mem 0xbffe0000-0xbfffffff]
[    0.566980] NetLabel: Initializing
[    0.566981] NetLabel:  domain hash size = 128
[    0.566982] NetLabel:  protocols = UNLABELED CIPSOv4
[    0.566995] NetLabel:  unlabeled traffic allowed by default
[    0.567045] amd_nb: Cannot enumerate AMD northbridges
[    0.567072] Switched to clocksource kvm-clock
[    0.572611] pnp: PnP ACPI init
[    0.572619] ACPI: bus type PNP registered
[    0.572694] pnp 00:00: Plug and Play ACPI device, IDs PNP0b00 (active)
[    0.572752] pnp 00:01: Plug and Play ACPI device, IDs PNP0303 (active)
[    0.572817] pnp 00:02: Plug and Play ACPI device, IDs PNP0f13 (active)
[    0.572870] pnp 00:03: [dma 2]
[    0.572884] pnp 00:03: Plug and Play ACPI device, IDs PNP0700 (active)
[    0.572992] pnp 00:04: Plug and Play ACPI device, IDs PNP0501 (active)
[    0.573233] pnp: PnP ACPI: found 5 devices
[    0.573235] ACPI: bus type PNP unregistered
[    0.581834] pci_bus 0000:00: resource 4 [io  0x0000-0x0cf7 window]
[    0.581837] pci_bus 0000:00: resource 5 [io  0x0d00-0xadff window]
[    0.581839] pci_bus 0000:00: resource 6 [io  0xae0f-0xaeff window]
[    0.581841] pci_bus 0000:00: resource 7 [io  0xaf20-0xafdf window]
[    0.581842] pci_bus 0000:00: resource 8 [io  0xafe4-0xffff window]
[    0.581844] pci_bus 0000:00: resource 9 [mem 0x000a0000-0x000bffff window]
[    0.581846] pci_bus 0000:00: resource 10 [mem 0xc0000000-0xfebfffff window]
[    0.581873] NET: Registered protocol family 2
[    0.582148] TCP established hash table entries: 131072 (order: 8, 1048576 bytes)
[    0.582370] TCP bind hash table entries: 65536 (order: 8, 1048576 bytes)
[    0.582521] TCP: Hash tables configured (established 131072 bind 65536)
[    0.582564] TCP: reno registered
[    0.582584] UDP hash table entries: 8192 (order: 6, 262144 bytes)
[    0.582641] UDP-Lite hash table entries: 8192 (order: 6, 262144 bytes)
[    0.582722] NET: Registered protocol family 1
[    0.582734] pci 0000:00:00.0: Limiting direct PCI/PCI transfers
[    0.582757] pci 0000:00:01.0: PIIX3: Enabling Passive Release
[    0.582795] pci 0000:00:01.0: Activating ISA DMA hang workarounds
[    0.609259] ACPI: PCI Interrupt Link [LNKD] enabled at IRQ 11
[    0.636094] pci 0000:00:02.0: Boot video device
[    0.636175] PCI: CLS 0 bytes, default 64
[    0.636211] Unpacking initramfs...
[    0.868960] Freeing initrd memory: 17248k freed
[    0.874305] PCI-DMA: Using software bounce buffering for IO (SWIOTLB)
[    0.874309] software IO TLB [mem 0xbbfe0000-0xbffe0000] (64MB) mapped at [ffff8800bbfe0000-ffff8800bffdffff]
[    0.875155] sha1_ssse3: Using AVX optimized SHA-1 implementation
[    0.875255] sha256_ssse3: Using AVX2 optimized SHA-256 implementation
[    0.876242] futex hash table entries: 512 (order: 3, 32768 bytes)
[    0.876254] Initialise system trusted keyring
[    0.876274] audit: initializing netlink socket (disabled)
[    0.876287] type=2000 audit(1523533722.812:1): initialized
[    0.900621] HugeTLB registered 1 GB page size, pre-allocated 0 pages
[    0.900623] HugeTLB registered 2 MB page size, pre-allocated 0 pages
[    0.901522] zpool: loaded
[    0.901525] zbud: loaded
[    0.901651] VFS: Disk quotas dquot_6.5.2
[    0.901671] Dquot-cache hash table entries: 512 (order 0, 4096 bytes)
[    0.901849] msgmni has been set to 31769
[    0.901893] Key type big_key registered
[    0.901896] SELinux:  Registering netfilter hooks
[    0.903950] NET: Registered protocol family 38
[    0.903957] Key type asymmetric registered
[    0.903959] Asymmetric key parser 'x509' registered
[    0.903984] Block layer SCSI generic (bsg) driver version 0.4 loaded (major 250)
[    0.904041] io scheduler noop registered
[    0.904044] io scheduler deadline registered (default)
[    0.904100] io scheduler cfq registered
[    0.904199] pci_hotplug: PCI Hot Plug PCI Core version: 0.5
[    0.904203] pciehp: PCI Express Hot Plug Controller Driver version: 0.4
[    0.904261] intel_idle: does not run on family 6 model 85
[    0.904317] input: Power Button as /devices/LNXSYSTM:00/LNXPWRBN:00/input/input0
[    0.904321] ACPI: Power Button [PWRF]
[    0.904499] GHES: HEST is not enabled!
[    0.904581] Serial: 8250/16550 driver, 4 ports, IRQ sharing enabled
[    0.930038] 00:04: ttyS0 at I/O 0x3f8 (irq = 4) is a 16550A
[    0.930722] Non-volatile memory driver v1.3
[    0.930774] Linux agpgart interface v0.103
[    0.930923] crash memory driver: version 1.1
[    0.930968] rdac: device handler registered
[    0.931036] hp_sw: device handler registered
[    0.931039] emc: device handler registered
[    0.931044] alua: device handler registered
[    0.931109] libphy: Fixed MDIO Bus: probed
[    0.931173] ehci_hcd: USB 2.0 'Enhanced' Host Controller (EHCI) Driver
[    0.931178] ehci-pci: EHCI PCI platform driver
[    0.931186] ohci_hcd: USB 1.1 'Open' Host Controller (OHCI) Driver
[    0.931190] ohci-pci: OHCI PCI platform driver
[    0.931201] uhci_hcd: USB Universal Host Controller Interface driver
[    0.958085] uhci_hcd 0000:00:01.2: UHCI Host Controller
[    0.958169] uhci_hcd 0000:00:01.2: new USB bus registered, assigned bus number 1
[    0.958203] uhci_hcd 0000:00:01.2: detected 2 ports
[    0.958378] uhci_hcd 0000:00:01.2: irq 11, io base 0x0000c080
[    0.958484] usb usb1: New USB device found, idVendor=1d6b, idProduct=0001
[    0.958487] usb usb1: New USB device strings: Mfr=3, Product=2, SerialNumber=1
[    0.958488] usb usb1: Product: UHCI Host Controller
[    0.958490] usb usb1: Manufacturer: Linux 3.10.0-693.2.2.el7.x86_64 uhci_hcd
[    0.958492] usb usb1: SerialNumber: 0000:00:01.2
[    0.958607] hub 1-0:1.0: USB hub found
[    0.958612] hub 1-0:1.0: 2 ports detected
[    0.958747] usbcore: registered new interface driver usbserial
[    0.958752] usbcore: registered new interface driver usbserial_generic
[    0.958757] usbserial: USB Serial support registered for generic
[    0.958791] i8042: PNP: PS/2 Controller [PNP0303:KBD,PNP0f13:MOU] at 0x60,0x64 irq 1,12
[    0.960019] serio: i8042 KBD port at 0x60,0x64 irq 1
[    0.960023] serio: i8042 AUX port at 0x60,0x64 irq 12
[    0.960135] mousedev: PS/2 mouse device common for all mice
[    0.960561] input: AT Translated Set 2 keyboard as /devices/platform/i8042/serio0/input/input1
[    0.961416] rtc_cmos 00:00: RTC can wake from S4
[    0.961424] input: VirtualPS/2 VMware VMMouse as /devices/platform/i8042/serio1/input/input2
[    0.962116] rtc_cmos 00:00: rtc core: registered rtc_cmos as rtc0
[    0.962141] input: VirtualPS/2 VMware VMMouse as /devices/platform/i8042/serio1/input/input3
[    0.962329] rtc_cmos 00:00: alarms up to one day, 114 bytes nvram
[    0.962416] cpuidle: using governor menu
[    0.962481] hidraw: raw HID events driver (C) Jiri Kosina
[    0.962555] usbcore: registered new interface driver usbhid
[    0.962556] usbhid: USB HID core driver
[    0.962610] drop_monitor: Initializing network drop monitor service
[    0.962679] TCP: cubic registered
[    0.962685] Initializing XFRM netlink socket
[    0.962759] NET: Registered protocol family 10
[    0.962984] NET: Registered protocol family 17
[    0.963178] microcode: CPU0 sig=0x50654, pf=0x1, revision=0x1
[    0.963193] microcode: CPU1 sig=0x50654, pf=0x1, revision=0x1
[    0.963245] microcode: Microcode Update Driver: v2.01 <tigran@aivazian.fsnet.co.uk>, Peter Oruba
[    0.963426] PM: Hibernation image not present or could not be loaded.
[    0.963428] Loading compiled-in X.509 certificates
[    0.963447] Loaded X.509 cert 'CentOS Linux kpatch signing key: ea0413152cde1d98ebdca3fe6f0230904c9ef717'
[    0.963456] Loaded X.509 cert 'CentOS Linux Driver update signing key: 7f421ee0ab69461574bb358861dbe77762a4201b'
[    0.963841] Loaded X.509 cert 'CentOS Linux kernel signing key: c08b355341760f030a64e3c550e113cd47771ea9'
[    0.963857] registered taskstats version 1
[    0.966570] Key type trusted registered
[    0.968378] Key type encrypted registered
[    0.970124] IMA: No TPM chip found, activating TPM-bypass!
[    0.970555]   Magic number: 14:691:849
[    0.970563] graphics fbcon: hash matches
[    0.970758] rtc_cmos 00:00: setting system clock to 2018-04-12 19:48:42 UTC (1523562522)
[    0.971821] Freeing unused kernel memory: 1764k freed
[    0.974693] random: systemd: uninitialized urandom read (16 bytes read)
[    0.975539] random: systemd: uninitialized urandom read (16 bytes read)
[    0.975550] random: systemd: uninitialized urandom read (16 bytes read)
[    0.976566] systemd[1]: systemd 219 running in system mode. (+PAM +AUDIT +SELINUX +IMA -APPARMOR +SMACK +SYSVINIT +UTMP +LIBCRYPTSETUP +GCRYPT +GNUTLS +ACL +XZ -LZ4 -SECCOMP +BLKID +ELFUTILS +KMOD +IDN)
[    0.976592] systemd[1]: Detected virtualization kvm.
[    0.976596] systemd[1]: Detected architecture x86-64.
[    0.976598] systemd[1]: Running in initial RAM disk.
[    0.976620] systemd[1]: Set hostname to <localhost.localdomain>.
[    1.001801] random: systemd: uninitialized urandom read (16 bytes read)
[    1.001823] random: systemd: uninitialized urandom read (16 bytes read)
[    1.001859] random: systemd: uninitialized urandom read (16 bytes read)
[    1.001928] random: systemd: uninitialized urandom read (16 bytes read)
[    1.002413] random: systemd: uninitialized urandom read (16 bytes read)
[    1.002521] random: systemd: uninitialized urandom read (16 bytes read)
[    1.002677] random: systemd: uninitialized urandom read (16 bytes read)
[    1.005849] systemd[1]: Reached target Local File Systems.
[    1.005859] systemd[1]: Starting Local File Systems.
[    1.005990] systemd[1]: Created slice Root Slice.
[    1.005997] systemd[1]: Starting Root Slice.
[    1.006019] systemd[1]: Listening on udev Kernel Socket.
[    1.006026] systemd[1]: Starting udev Kernel Socket.
[    1.006060] systemd[1]: Listening on Journal Socket.
[    1.006067] systemd[1]: Starting Journal Socket.
[    1.006130] systemd[1]: Listening on udev Control Socket.
[    1.006140] systemd[1]: Starting udev Control Socket.
[    1.006148] systemd[1]: Reached target Sockets.
[    1.006153] systemd[1]: Starting Sockets.
[    1.006162] systemd[1]: Reached target Timers.
[    1.006167] systemd[1]: Starting Timers.
[    1.006227] systemd[1]: Created slice System Slice.
[    1.006234] systemd[1]: Starting System Slice.
[    1.006558] systemd[1]: Starting Setup Virtual Console...
[    1.006614] systemd[1]: Reached target Swap.
[    1.006622] systemd[1]: Starting Swap.
[    1.007139] systemd[1]: Starting Apply Kernel Variables...
[    1.007581] systemd[1]: Starting Journal Service...
[    1.008231] systemd[1]: Starting dracut cmdline hook...
[    1.008744] systemd[1]: Starting Create list of required static device nodes for the current kernel...
[    1.008764] systemd[1]: Reached target Slices.
[    1.008794] systemd[1]: Starting Slices.
[    1.012129] systemd[1]: Started Apply Kernel Variables.
[    1.044114] systemd[1]: Started Journal Service.
[    1.269307] FDC 0 is a S82078B
[    1.272355] libata version 3.00 loaded.
[    1.275806] ata_piix 0000:00:01.1: version 2.13
[    1.277463] scsi host0: ata_piix
[    1.277544] scsi host1: ata_piix
[    1.277578] ata1: PATA max MWDMA2 cmd 0x1f0 ctl 0x3f6 bmdma 0xc0e0 irq 14
[    1.277580] ata2: PATA max MWDMA2 cmd 0x170 ctl 0x376 bmdma 0xc0e8 irq 15
[    1.335814] [drm] Initialized
[    1.398254] ACPI: PCI Interrupt Link [LNKC] enabled at IRQ 10
[    1.398439] virtio-pci 0000:00:03.0: virtio_pci: leaving for legacy driver
[    1.400597] [TTM] Zone  kernel: Available graphics memory: 8133994 kiB
[    1.400598] [TTM] Zone   dma32: Available graphics memory: 2097152 kiB
[    1.400599] [TTM] Initializing pool allocator
[    1.400604] [TTM] Initializing DMA pool allocator
[    1.401980] [drm] fb mappable at 0xFC000000
[    1.401981] [drm] vram aper at 0xFC000000
[    1.401981] [drm] size 33554432
[    1.401982] [drm] fb depth is 24
[    1.401982] [drm]    pitch is 3072
[    1.470809] fbcon: cirrusdrmfb (fb0) is primary device
[    1.471175] usb 1-1: new full-speed USB device number 2 using uhci_hcd
[    1.517714] Console: switching to colour frame buffer device 128x48
[    1.539004] cirrus 0000:00:02.0: fb0: cirrusdrmfb frame buffer device
[    1.565694] [drm] Initialized cirrus 1.0.0 20110418 for 0000:00:02.0 on minor 0
[    1.623122] usb 1-1: New USB device found, idVendor=0627, idProduct=0001
[    1.623125] usb 1-1: New USB device strings: Mfr=1, Product=3, SerialNumber=5
[    1.623128] usb 1-1: Product: QEMU USB Tablet
[    1.623130] usb 1-1: Manufacturer: QEMU
[    1.623132] usb 1-1: SerialNumber: 42
[    1.630306] virtio-pci 0000:00:04.0: virtio_pci: leaving for legacy driver
[    1.632560] input: QEMU QEMU USB Tablet as /devices/pci0000:00/0000:00:01.2/usb1/1-1/1-1:1.0/input/input4
[    1.632726] hid-generic 0003:0627:0001.0001: input,hidraw0: USB HID v0.01 Pointer [QEMU QEMU USB Tablet] on usb-0000:00:01.2-1/input0
[    1.666284] ACPI: PCI Interrupt Link [LNKA] enabled at IRQ 10
[    1.666365] virtio-pci 0000:00:05.0: virtio_pci: leaving for legacy driver
[    1.693232] ACPI: PCI Interrupt Link [LNKB] enabled at IRQ 11
[    1.693281] virtio-pci 0000:00:06.0: virtio_pci: leaving for legacy driver
[    1.698935] virtio-pci 0000:00:05.0: irq 24 for MSI/MSI-X
[    1.698982] virtio-pci 0000:00:05.0: irq 25 for MSI/MSI-X
[    1.699413] virtio-pci 0000:00:04.0: irq 26 for MSI/MSI-X
[    1.699467] virtio-pci 0000:00:04.0: irq 27 for MSI/MSI-X
[    1.704887]  vda: vda1
[    1.707193] virtio-pci 0000:00:03.0: irq 28 for MSI/MSI-X
[    1.707259] virtio-pci 0000:00:03.0: irq 29 for MSI/MSI-X
[    1.707302] virtio-pci 0000:00:03.0: irq 30 for MSI/MSI-X
[    1.707345] virtio-pci 0000:00:03.0: irq 31 for MSI/MSI-X
[    1.707412] virtio-pci 0000:00:03.0: irq 32 for MSI/MSI-X
[    1.842848] random: fast init done
[    2.697047] EXT4-fs (vda1): mounted filesystem with ordered data mode. Opts: (null)
[    2.900637] systemd-journald[93]: Received SIGTERM from PID 1 (systemd).
[    3.232009] SELinux:  Disabled at runtime.
[    3.232031] SELinux:  Unregistering netfilter hooks
[    3.274093] type=1404 audit(1523562524.803:2): selinux=0 auid=4294967295 ses=4294967295
[    3.284109] systemd[1]: RTC configured in localtime, applying delta of 480 minutes to system time.
[    3.414400] ip_tables: (C) 2000-2006 Netfilter Core Team
[    3.414468] systemd[1]: Inserted module 'ip_tables'
[    4.008337] EXT4-fs (vda1): re-mounted. Opts: (null)
[    4.210371] systemd-journald[336]: Received request to flush runtime journal from PID 1
[    4.350289] piix4_smbus 0000:00:01.3: SMBus Host Controller at 0x700, revision 0
[    4.407431] input: PC Speaker as /devices/platform/pcspkr/input/input5
[    4.432830] ppdev: user-space parallel port driver
[    4.515858] type=1305 audit(1523533726.044:3): audit_pid=410 old=0 auid=4294967295 ses=4294967295 res=1
[    4.525039] AES CTR mode by8 optimization enabled
[    4.531742] alg: No test for __gcm-aes-aesni (__driver-gcm-aes-aesni)
[    4.594105] alg: No test for crc32 (crc32-pclmul)
[    4.616850] EDAC MC: Ver: 3.0.0
[   16.229867] random: crng init done
[  187.983126] nr_pdflush_threads exported in /proc is scheduled for removal
