[    0.000000] Initializing cgroup subsys cpuset
[    0.000000] Initializing cgroup subsys cpu
[    0.000000] Initializing cgroup subsys cpuacct
[    0.000000] Linux version 3.10.0-693.11.1.el7.x86_64 (builder@kbuilder.dev.centos.org) (gcc version 4.8.5 20150623 (Red Hat 4.8.5-16) (GCC) ) #1 SMP Mon Dec 4 23:52:40 UTC 2017
[    0.000000] Command line: BOOT_IMAGE=/vmlinuz-3.10.0-693.11.1.el7.x86_64 root=UUID=27f9be47-838b-4155-b20b-e4c5e013cdf3 ro crashkernel=auto rhgb quiet LANG=en_US.UTF-8
[    0.000000] e820: BIOS-provided physical RAM map:
[    0.000000] BIOS-e820: [mem 0x0000000000000000-0x000000000009fbff] usable
[    0.000000] BIOS-e820: [mem 0x000000000009fc00-0x000000000009ffff] reserved
[    0.000000] BIOS-e820: [mem 0x00000000000f0000-0x00000000000fffff] reserved
[    0.000000] BIOS-e820: [mem 0x0000000000100000-0x00000000bff7ffff] usable
[    0.000000] BIOS-e820: [mem 0x00000000bff80000-0x00000000bfffffff] reserved
[    0.000000] BIOS-e820: [mem 0x00000000feffc000-0x00000000feffffff] reserved
[    0.000000] BIOS-e820: [mem 0x00000000fffc0000-0x00000000ffffffff] reserved
[    0.000000] BIOS-e820: [mem 0x0000000100000000-0x000000013fffffff] usable
[    0.000000] NX (Execute Disable) protection: active
[    0.000000] SMBIOS 2.8 present.
[    0.000000] DMI: OpenStack Foundation OpenStack Nova, BIOS rel-1.9.1-0-gb3ef39f-20170928_063626-build10b184b49b45 04/01/2014
[    0.000000] Hypervisor detected: KVM
[    0.000000] e820: update [mem 0x00000000-0x00000fff] usable ==> reserved
[    0.000000] e820: remove [mem 0x000a0000-0x000fffff] usable
[    0.000000] e820: last_pfn = 0x140000 max_arch_pfn = 0x400000000
[    0.000000] MTRR default type: write-back
[    0.000000] MTRR fixed ranges enabled:
[    0.000000]   00000-9FFFF write-back
[    0.000000]   A0000-BFFFF uncachable
[    0.000000]   C0000-FFFFF write-protect
[    0.000000] MTRR variable ranges enabled:
[    0.000000]   0 base 000C0000000 mask 3FFC0000000 uncachable
[    0.000000]   1 disabled
[    0.000000]   2 disabled
[    0.000000]   3 disabled
[    0.000000]   4 disabled
[    0.000000]   5 disabled
[    0.000000]   6 disabled
[    0.000000]   7 disabled
[    0.000000] x86 PAT enabled: cpu 0, old 0x7040600070406, new 0x7010600070106
[    0.000000] e820: last_pfn = 0xbff80 max_arch_pfn = 0x400000000
[    0.000000] found SMP MP-table at [mem 0x000f6bd0-0x000f6bdf] mapped at [ffff8800000f6bd0]
[    0.000000] Base memory trampoline at [ffff880000099000] 99000 size 24576
[    0.000000] Using GB pages for direct mapping
[    0.000000] BRK [0x01fe9000, 0x01fe9fff] PGTABLE
[    0.000000] BRK [0x01fea000, 0x01feafff] PGTABLE
[    0.000000] BRK [0x01feb000, 0x01febfff] PGTABLE
[    0.000000] RAMDISK: [mem 0x35e30000-0x36f0ffff]
[    0.000000] Early table checksum verification disabled
[    0.000000] ACPI: RSDP 00000000000f6980 00014 (v00 BOCHS )
[    0.000000] ACPI: RSDT 00000000bffe17dd 00030 (v01 BOCHS  BXPCRSDT 00000001 BXPC 00000001)
[    0.000000] ACPI: FACP 00000000bffe1621 00074 (v01 BOCHS  BXPCFACP 00000001 BXPC 00000001)
[    0.000000] ACPI: DSDT 00000000bffe0040 015E1 (v01 BOCHS  BXPCDSDT 00000001 BXPC 00000001)
[    0.000000] ACPI: FACS 00000000bffe0000 00040
[    0.000000] ACPI: APIC 00000000bffe1695 00080 (v01 BOCHS  BXPCAPIC 00000001 BXPC 00000001)
[    0.000000] ACPI: SRAT 00000000bffe1715 000C8 (v01 BOCHS  BXPCSRAT 00000001 BXPC 00000001)
[    0.000000] ACPI: Local APIC address 0xfee00000
[    0.000000] SRAT: PXM 0 -> APIC 0x00 -> Node 0
[    0.000000] SRAT: PXM 0 -> APIC 0x01 -> Node 0
[    0.000000] SRAT: Node 0 PXM 0 [mem 0x00000000-0x0009ffff]
[    0.000000] SRAT: Node 0 PXM 0 [mem 0x00100000-0xbfffffff]
[    0.000000] SRAT: Node 0 PXM 0 [mem 0x100000000-0x13fffffff]
[    0.000000] NUMA: Node 0 [mem 0x00000000-0x0009ffff] + [mem 0x00100000-0xbfffffff] -> [mem 0x00000000-0xbfffffff]
[    0.000000] NUMA: Node 0 [mem 0x00000000-0xbfffffff] + [mem 0x100000000-0x13fffffff] -> [mem 0x00000000-0x13fffffff]
[    0.000000] NODE_DATA(0) allocated [mem 0x13ffd7000-0x13fffdfff]
[    0.000000] Reserving 161MB of memory at 688MB for crashkernel (System RAM: 4095MB)
[    0.000000] kvm-clock: Using msrs 4b564d01 and 4b564d00
[    0.000000] kvm-clock: cpu 0, msr 1:3ff87001, primary cpu clock
[    0.000000] kvm-clock: using sched offset of 7041505537 cycles
[    0.000000] Zone ranges:
[    0.000000]   DMA      [mem 0x00001000-0x00ffffff]
[    0.000000]   DMA32    [mem 0x01000000-0xffffffff]
[    0.000000]   Normal   [mem 0x100000000-0x13fffffff]
[    0.000000] Movable zone start for each node
[    0.000000] Early memory node ranges
[    0.000000]   node   0: [mem 0x00001000-0x0009efff]
[    0.000000]   node   0: [mem 0x00100000-0xbff7ffff]
[    0.000000]   node   0: [mem 0x100000000-0x13fffffff]
[    0.000000] Initmem setup node 0 [mem 0x00001000-0x13fffffff]
[    0.000000] On node 0 totalpages: 1048350
[    0.000000]   DMA zone: 64 pages used for memmap
[    0.000000]   DMA zone: 21 pages reserved
[    0.000000]   DMA zone: 3998 pages, LIFO batch:0
[    0.000000]   DMA32 zone: 12222 pages used for memmap
[    0.000000]   DMA32 zone: 782208 pages, LIFO batch:31
[    0.000000]   Normal zone: 4096 pages used for memmap
[    0.000000]   Normal zone: 262144 pages, LIFO batch:31
[    0.000000] ACPI: PM-Timer IO Port: 0x608
[    0.000000] ACPI: Local APIC address 0xfee00000
[    0.000000] ACPI: LAPIC (acpi_id[0x00] lapic_id[0x00] enabled)
[    0.000000] ACPI: LAPIC (acpi_id[0x01] lapic_id[0x01] enabled)
[    0.000000] ACPI: LAPIC_NMI (acpi_id[0xff] dfl dfl lint[0x1])
[    0.000000] ACPI: IOAPIC (id[0x00] address[0xfec00000] gsi_base[0])
[    0.000000] IOAPIC[0]: apic_id 0, version 17, address 0xfec00000, GSI 0-23
[    0.000000] ACPI: INT_SRC_OVR (bus 0 bus_irq 0 global_irq 2 dfl dfl)
[    0.000000] ACPI: INT_SRC_OVR (bus 0 bus_irq 5 global_irq 5 high level)
[    0.000000] ACPI: INT_SRC_OVR (bus 0 bus_irq 9 global_irq 9 high level)
[    0.000000] ACPI: INT_SRC_OVR (bus 0 bus_irq 10 global_irq 10 high level)
[    0.000000] ACPI: INT_SRC_OVR (bus 0 bus_irq 11 global_irq 11 high level)
[    0.000000] ACPI: IRQ0 used by override.
[    0.000000] ACPI: IRQ5 used by override.
[    0.000000] ACPI: IRQ9 used by override.
[    0.000000] ACPI: IRQ10 used by override.
[    0.000000] ACPI: IRQ11 used by override.
[    0.000000] Using ACPI (MADT) for SMP configuration information
[    0.000000] smpboot: Allowing 2 CPUs, 0 hotplug CPUs
[    0.000000] PM: Registered nosave memory: [mem 0x0009f000-0x0009ffff]
[    0.000000] PM: Registered nosave memory: [mem 0x000a0000-0x000effff]
[    0.000000] PM: Registered nosave memory: [mem 0x000f0000-0x000fffff]
[    0.000000] PM: Registered nosave memory: [mem 0xbff80000-0xbfffffff]
[    0.000000] PM: Registered nosave memory: [mem 0xc0000000-0xfeffbfff]
[    0.000000] PM: Registered nosave memory: [mem 0xfeffc000-0xfeffffff]
[    0.000000] PM: Registered nosave memory: [mem 0xff000000-0xfffbffff]
[    0.000000] PM: Registered nosave memory: [mem 0xfffc0000-0xffffffff]
[    0.000000] e820: [mem 0xc0000000-0xfeffbfff] available for PCI devices
[    0.000000] Booting paravirtualized kernel on KVM
[    0.000000] setup_percpu: NR_CPUS:5120 nr_cpumask_bits:2 nr_cpu_ids:2 nr_node_ids:1
[    0.000000] PERCPU: Embedded 33 pages/cpu @ffff88013fc00000 s97048 r8192 d29928 u1048576
[    0.000000] pcpu-alloc: s97048 r8192 d29928 u1048576 alloc=1*2097152
[    0.000000] pcpu-alloc: [0] 0 1 
[    0.000000] KVM setup async PF for cpu 0
[    0.000000] kvm-stealtime: cpu 0, msr 13fc0f440
[    0.000000] PV qspinlock hash table entries: 256 (order: 0, 4096 bytes)
[    0.000000] Built 1 zonelists in Node order, mobility grouping on.  Total pages: 1031947
[    0.000000] Policy zone: Normal
[    0.000000] Kernel command line: BOOT_IMAGE=/vmlinuz-3.10.0-693.11.1.el7.x86_64 root=UUID=27f9be47-838b-4155-b20b-e4c5e013cdf3 ro crashkernel=auto rhgb quiet LANG=en_US.UTF-8
[    0.000000] PID hash table entries: 4096 (order: 3, 32768 bytes)
[    0.000000] x86/fpu: xstate_offset[2]: 0240, xstate_sizes[2]: 0100
[    0.000000] xsave: enabled xstate_bv 0x7, cntxt size 0x340 using standard form
[    0.000000] Memory: 3862240k/5242880k available (6886k kernel code, 1049480k absent, 331160k reserved, 4545k data, 1764k init)
[    0.000000] SLUB: HWalign=64, Order=0-3, MinObjects=0, CPUs=2, Nodes=1
[    0.000000] Hierarchical RCU implementation.
[    0.000000] 	RCU restricting CPUs from NR_CPUS=5120 to nr_cpu_ids=2.
[    0.000000] NR_IRQS:327936 nr_irqs:440 0
[    0.000000] Console: colour VGA+ 80x25
[    0.000000] console [tty0] enabled
[    0.000000] allocated 16777216 bytes of page_cgroup
[    0.000000] please try 'cgroup_disable=memory' option if you don't want memory cgroups
[    0.000000] tsc: Detected 2593.994 MHz processor
[    0.072207] Calibrating delay loop (skipped) preset value.. 5187.98 BogoMIPS (lpj=2593994)
[    0.072210] pid_max: default: 32768 minimum: 301
[    0.072227] Security Framework initialized
[    0.072232] SELinux:  Initializing.
[    0.072241] SELinux:  Starting in permissive mode
[    0.072241] Yama: becoming mindful.
[    0.072472] Dentry cache hash table entries: 524288 (order: 10, 4194304 bytes)
[    0.073085] Inode-cache hash table entries: 262144 (order: 9, 2097152 bytes)
[    0.073356] Mount-cache hash table entries: 8192 (order: 4, 65536 bytes)
[    0.073360] Mountpoint-cache hash table entries: 8192 (order: 4, 65536 bytes)
[    0.073507] Initializing cgroup subsys memory
[    0.073513] Initializing cgroup subsys devices
[    0.073514] Initializing cgroup subsys freezer
[    0.073515] Initializing cgroup subsys net_cls
[    0.073516] Initializing cgroup subsys blkio
[    0.073517] Initializing cgroup subsys perf_event
[    0.073519] Initializing cgroup subsys hugetlb
[    0.073520] Initializing cgroup subsys pids
[    0.073521] Initializing cgroup subsys net_prio
[    0.073557] CPU: Physical Processor ID: 0
[    0.074300] mce: CPU supports 10 MCE banks
[    0.074331] Last level iTLB entries: 4KB 0, 2MB 0, 4MB 0
[    0.074332] Last level dTLB entries: 4KB 0, 2MB 0, 4MB 0
[    0.074333] tlb_flushall_shift: 6
[    0.075335] Freeing SMP alternatives: 24k freed
[    0.079475] ACPI: Core revision 20130517
[    0.079995] ACPI: All ACPI Tables successfully acquired
[    0.080024] ftrace: allocating 26586 entries in 104 pages
[    0.099502] smpboot: Max logical packages: 2
[    0.099639] Enabling x2apic
[    0.099645] Enabled x2apic
[    0.099813] Switched APIC routing to physical x2apic.
[    0.100594] ..TIMER: vector=0x30 apic1=0 pin1=2 apic2=-1 pin2=-1
[    0.100596] smpboot: CPU0: Intel(R) Xeon(R) CPU E5-2690 v4 @ 2.60GHz (fam: 06, model: 4f, stepping: 01)
[    0.100604] TSC deadline timer enabled
[    0.100611] Performance Events: 16-deep LBR, Broadwell events, Intel PMU driver.
[    0.100643] ... version:                2
[    0.100644] ... bit width:              48
[    0.100645] ... generic registers:      4
[    0.100645] ... value mask:             0000ffffffffffff
[    0.100646] ... max period:             000000007fffffff
[    0.100647] ... fixed-purpose events:   3
[    0.100647] ... event mask:             000000070000000f
[    0.100664] KVM setup paravirtual spinlock
[    0.101681] smpboot: Booting Node   0, Processors  #1 OK
[    0.101873] kvm-clock: cpu 1, msr 1:3ff87041, secondary cpu clock
[    0.104778] Brought up 2 CPUs
[    0.104780] smpboot: Total of 2 processors activated (10375.97 BogoMIPS)
[    0.104782] KVM setup async PF for cpu 1
[    0.104787] kvm-stealtime: cpu 1, msr 13fd0f440
[    0.105295] devtmpfs: initialized
[    0.106731] EVM: security.selinux
[    0.106732] EVM: security.ima
[    0.106732] EVM: security.capability
[    0.107353] atomic64 test passed for x86-64 platform with CX8 and with SSE
[    0.107355] pinctrl core: initialized pinctrl subsystem
[    0.107422] RTC time:  8:51:02, date: 04/09/18
[    0.107494] NET: Registered protocol family 16
[    0.107655] ACPI: bus type PCI registered
[    0.107657] acpiphp: ACPI Hot Plug PCI Controller Driver version: 0.5
[    0.107733] PCI: Using configuration type 1 for base access
[    0.112045] ACPI: Added _OSI(Module Device)
[    0.112046] ACPI: Added _OSI(Processor Device)
[    0.112047] ACPI: Added _OSI(3.0 _SCP Extensions)
[    0.112048] ACPI: Added _OSI(Processor Aggregator Device)
[    0.112454] ACPI: EC: Look up EC in DSDT
[    0.112988] ACPI: Interpreter enabled
[    0.112999] ACPI: (supports S0 S3 S4 S5)
[    0.113000] ACPI: Using IOAPIC for interrupt routing
[    0.113008] PCI: Using host bridge windows from ACPI; if necessary, use "pci=nocrs" and report a bug
[    0.114681] ACPI: PCI Root Bridge [PCI0] (domain 0000 [bus 00-ff])
[    0.114684] acpi PNP0A03:00: _OSC: OS supports [ASPM ClockPM Segments MSI]
[    0.114687] acpi PNP0A03:00: _OSC failed (AE_NOT_FOUND); disabling ASPM
[    0.114695] acpi PNP0A03:00: fail to add MMCONFIG information, can't access extended PCI configuration space under this bridge.
[    0.114876] acpiphp: Slot [3] registered
[    0.114889] acpiphp: Slot [4] registered
[    0.114900] acpiphp: Slot [5] registered
[    0.114922] acpiphp: Slot [6] registered
[    0.114934] acpiphp: Slot [7] registered
[    0.114945] acpiphp: Slot [8] registered
[    0.114956] acpiphp: Slot [9] registered
[    0.114970] acpiphp: Slot [10] registered
[    0.114981] acpiphp: Slot [11] registered
[    0.114992] acpiphp: Slot [12] registered
[    0.115005] acpiphp: Slot [13] registered
[    0.115016] acpiphp: Slot [14] registered
[    0.115030] acpiphp: Slot [15] registered
[    0.115041] acpiphp: Slot [16] registered
[    0.115052] acpiphp: Slot [17] registered
[    0.115063] acpiphp: Slot [18] registered
[    0.115074] acpiphp: Slot [19] registered
[    0.115086] acpiphp: Slot [20] registered
[    0.115097] acpiphp: Slot [21] registered
[    0.115108] acpiphp: Slot [22] registered
[    0.115119] acpiphp: Slot [23] registered
[    0.115130] acpiphp: Slot [24] registered
[    0.115141] acpiphp: Slot [25] registered
[    0.115151] acpiphp: Slot [26] registered
[    0.115165] acpiphp: Slot [27] registered
[    0.115177] acpiphp: Slot [28] registered
[    0.115188] acpiphp: Slot [29] registered
[    0.115199] acpiphp: Slot [30] registered
[    0.115210] acpiphp: Slot [31] registered
[    0.115218] PCI host bridge to bus 0000:00
[    0.115220] pci_bus 0000:00: root bus resource [bus 00-ff]
[    0.115222] pci_bus 0000:00: root bus resource [io  0x0000-0x0cf7 window]
[    0.115223] pci_bus 0000:00: root bus resource [io  0x0d00-0xffff window]
[    0.115224] pci_bus 0000:00: root bus resource [mem 0x000a0000-0x000bffff window]
[    0.115225] pci_bus 0000:00: root bus resource [mem 0xc0000000-0xfebfffff window]
[    0.115249] pci 0000:00:00.0: [8086:1237] type 00 class 0x060000
[    0.115486] pci 0000:00:01.0: [8086:7000] type 00 class 0x060100
[    0.115814] pci 0000:00:01.1: [8086:7010] type 00 class 0x010180
[    0.120006] pci 0000:00:01.1: reg 0x20: [io  0xc0e0-0xc0ef]
[    0.121705] pci 0000:00:01.1: legacy IDE quirk: reg 0x10: [io  0x01f0-0x01f7]
[    0.121707] pci 0000:00:01.1: legacy IDE quirk: reg 0x14: [io  0x03f6]
[    0.121708] pci 0000:00:01.1: legacy IDE quirk: reg 0x18: [io  0x0170-0x0177]
[    0.121709] pci 0000:00:01.1: legacy IDE quirk: reg 0x1c: [io  0x0376]
[    0.121820] pci 0000:00:01.2: [8086:7020] type 00 class 0x0c0300
[    0.126219] pci 0000:00:01.2: reg 0x20: [io  0xc080-0xc09f]
[    0.128482] pci 0000:00:01.3: [8086:7113] type 00 class 0x068000
[    0.128725] pci 0000:00:01.3: quirk: [io  0x0600-0x063f] claimed by PIIX4 ACPI
[    0.128732] pci 0000:00:01.3: quirk: [io  0x0700-0x070f] claimed by PIIX4 SMB
[    0.128867] pci 0000:00:02.0: [1013:00b8] type 00 class 0x030000
[    0.130565] pci 0000:00:02.0: reg 0x10: [mem 0xfc000000-0xfdffffff pref]
[    0.132107] pci 0000:00:02.0: reg 0x14: [mem 0xfebd0000-0xfebd0fff]
[    0.140669] pci 0000:00:02.0: reg 0x30: [mem 0xfebc0000-0xfebcffff pref]
[    0.140804] pci 0000:00:03.0: [1af4:1000] type 00 class 0x020000
[    0.142134] pci 0000:00:03.0: reg 0x10: [io  0xc000-0xc03f]
[    0.143431] pci 0000:00:03.0: reg 0x14: [mem 0xfebd1000-0xfebd1fff]
[    0.151348] pci 0000:00:03.0: reg 0x30: [mem 0xfeb80000-0xfebbffff pref]
[    0.151546] pci 0000:00:04.0: [1af4:1003] type 00 class 0x078000
[    0.152867] pci 0000:00:04.0: reg 0x10: [io  0xc0a0-0xc0bf]
[    0.154148] pci 0000:00:04.0: reg 0x14: [mem 0xfebd2000-0xfebd2fff]
[    0.161835] pci 0000:00:05.0: [1af4:1001] type 00 class 0x010000
[    0.163160] pci 0000:00:05.0: reg 0x10: [io  0xc040-0xc07f]
[    0.164433] pci 0000:00:05.0: reg 0x14: [mem 0xfebd3000-0xfebd3fff]
[    0.172100] pci 0000:00:06.0: [1af4:1002] type 00 class 0x00ff00
[    0.172828] pci 0000:00:06.0: reg 0x10: [io  0xc0c0-0xc0df]
[    0.177449] ACPI: PCI Interrupt Link [LNKA] (IRQs 5 *10 11)
[    0.177515] ACPI: PCI Interrupt Link [LNKB] (IRQs 5 *10 11)
[    0.177569] ACPI: PCI Interrupt Link [LNKC] (IRQs 5 10 *11)
[    0.177622] ACPI: PCI Interrupt Link [LNKD] (IRQs 5 10 *11)
[    0.177651] ACPI: PCI Interrupt Link [LNKS] (IRQs *9)
[    0.177876] ACPI: Enabled 16 GPEs in block 00 to 0F
[    0.177999] vgaarb: device added: PCI:0000:00:02.0,decodes=io+mem,owns=io+mem,locks=none
[    0.178001] vgaarb: loaded
[    0.178002] vgaarb: bridge control possible 0000:00:02.0
[    0.178061] SCSI subsystem initialized
[    0.178080] ACPI: bus type USB registered
[    0.178093] usbcore: registered new interface driver usbfs
[    0.178098] usbcore: registered new interface driver hub
[    0.178119] usbcore: registered new device driver usb
[    0.178210] PCI: Using ACPI for IRQ routing
[    0.178212] PCI: pci_cache_line_size set to 64 bytes
[    0.178315] e820: reserve RAM buffer [mem 0x0009fc00-0x0009ffff]
[    0.178316] e820: reserve RAM buffer [mem 0xbff80000-0xbfffffff]
[    0.178403] NetLabel: Initializing
[    0.178404] NetLabel:  domain hash size = 128
[    0.178405] NetLabel:  protocols = UNLABELED CIPSOv4
[    0.178415] NetLabel:  unlabeled traffic allowed by default
[    0.178440] amd_nb: Cannot enumerate AMD northbridges
[    0.178457] Switched to clocksource kvm-clock
[    0.182421] pnp: PnP ACPI init
[    0.182428] ACPI: bus type PNP registered
[    0.182484] pnp 00:00: Plug and Play ACPI device, IDs PNP0b00 (active)
[    0.182515] pnp 00:01: Plug and Play ACPI device, IDs PNP0303 (active)
[    0.182541] pnp 00:02: Plug and Play ACPI device, IDs PNP0f13 (active)
[    0.182556] pnp 00:03: [dma 2]
[    0.182567] pnp 00:03: Plug and Play ACPI device, IDs PNP0700 (active)
[    0.182631] pnp 00:04: Plug and Play ACPI device, IDs PNP0501 (active)
[    0.182755] pnp: PnP ACPI: found 5 devices
[    0.182756] ACPI: bus type PNP unregistered
[    0.188740] pci_bus 0000:00: resource 4 [io  0x0000-0x0cf7 window]
[    0.188742] pci_bus 0000:00: resource 5 [io  0x0d00-0xffff window]
[    0.188743] pci_bus 0000:00: resource 6 [mem 0x000a0000-0x000bffff window]
[    0.188745] pci_bus 0000:00: resource 7 [mem 0xc0000000-0xfebfffff window]
[    0.188766] NET: Registered protocol family 2
[    0.188925] TCP established hash table entries: 32768 (order: 6, 262144 bytes)
[    0.188989] TCP bind hash table entries: 32768 (order: 7, 524288 bytes)
[    0.189062] TCP: Hash tables configured (established 32768 bind 32768)
[    0.189094] TCP: reno registered
[    0.189099] UDP hash table entries: 2048 (order: 4, 65536 bytes)
[    0.189113] UDP-Lite hash table entries: 2048 (order: 4, 65536 bytes)
[    0.189156] NET: Registered protocol family 1
[    0.189166] pci 0000:00:00.0: Limiting direct PCI/PCI transfers
[    0.189180] pci 0000:00:01.0: PIIX3: Enabling Passive Release
[    0.189193] pci 0000:00:01.0: Activating ISA DMA hang workarounds
[    0.209758] ACPI: PCI Interrupt Link [LNKD] enabled at IRQ 11
[    0.230709] pci 0000:00:02.0: Boot video device
[    0.230737] PCI: CLS 0 bytes, default 64
[    0.230772] Unpacking initramfs...
[    0.411124] Freeing initrd memory: 17280k freed
[    0.414948] PCI-DMA: Using software bounce buffering for IO (SWIOTLB)
[    0.414951] software IO TLB [mem 0xbbf80000-0xbff80000] (64MB) mapped at [ffff8800bbf80000-ffff8800bff7ffff]
[    0.414989] RAPL PMU: API unit is 2^-32 Joules, 4 fixed counters, 10737418240 ms ovfl timer
[    0.414990] RAPL PMU: hw unit of domain pp0-core 2^-0 Joules
[    0.414990] RAPL PMU: hw unit of domain package 2^-0 Joules
[    0.414991] RAPL PMU: hw unit of domain dram 2^-0 Joules
[    0.414992] RAPL PMU: hw unit of domain pp1-gpu 2^-0 Joules
[    0.415382] sha1_ssse3: Using AVX optimized SHA-1 implementation
[    0.415427] sha256_ssse3: Using AVX2 optimized SHA-256 implementation
[    0.415633] futex hash table entries: 512 (order: 3, 32768 bytes)
[    0.415643] Initialise system trusted keyring
[    0.415662] audit: initializing netlink socket (disabled)
[    0.415671] type=2000 audit(1523263863.068:1): initialized
[    0.433180] HugeTLB registered 1 GB page size, pre-allocated 0 pages
[    0.433181] HugeTLB registered 2 MB page size, pre-allocated 0 pages
[    0.433935] zpool: loaded
[    0.433938] zbud: loaded
[    0.434064] VFS: Disk quotas dquot_6.5.2
[    0.434087] Dquot-cache hash table entries: 512 (order 0, 4096 bytes)
[    0.434214] msgmni has been set to 7577
[    0.434252] Key type big_key registered
[    0.434255] SELinux:  Registering netfilter hooks
[    0.434833] NET: Registered protocol family 38
[    0.434837] Key type asymmetric registered
[    0.434839] Asymmetric key parser 'x509' registered
[    0.434861] Block layer SCSI generic (bsg) driver version 0.4 loaded (major 250)
[    0.434888] io scheduler noop registered
[    0.434890] io scheduler deadline registered (default)
[    0.434923] io scheduler cfq registered
[    0.435009] pci_hotplug: PCI Hot Plug PCI Core version: 0.5
[    0.435013] pciehp: PCI Express Hot Plug Controller Driver version: 0.4
[    0.435060] intel_idle: does not run on family 6 model 79
[    0.435108] input: Power Button as /devices/LNXSYSTM:00/LNXPWRBN:00/input/input0
[    0.435110] ACPI: Power Button [PWRF]
[    0.435242] GHES: HEST is not enabled!
[    0.435285] Serial: 8250/16550 driver, 4 ports, IRQ sharing enabled
[    0.458108] 00:04: ttyS0 at I/O 0x3f8 (irq = 4) is a 16550A
[    0.458437] Non-volatile memory driver v1.3
[    0.458467] Linux agpgart interface v0.103
[    0.458565] crash memory driver: version 1.1
[    0.458602] rdac: device handler registered
[    0.458630] hp_sw: device handler registered
[    0.458632] emc: device handler registered
[    0.458634] alua: device handler registered
[    0.458655] libphy: Fixed MDIO Bus: probed
[    0.458689] ehci_hcd: USB 2.0 'Enhanced' Host Controller (EHCI) Driver
[    0.458693] ehci-pci: EHCI PCI platform driver
[    0.458699] ohci_hcd: USB 1.1 'Open' Host Controller (OHCI) Driver
[    0.458703] ohci-pci: OHCI PCI platform driver
[    0.458708] uhci_hcd: USB Universal Host Controller Interface driver
[    0.479594] uhci_hcd 0000:00:01.2: UHCI Host Controller
[    0.479637] uhci_hcd 0000:00:01.2: new USB bus registered, assigned bus number 1
[    0.479653] uhci_hcd 0000:00:01.2: detected 2 ports
[    0.479720] uhci_hcd 0000:00:01.2: irq 11, io base 0x0000c080
[    0.479782] usb usb1: New USB device found, idVendor=1d6b, idProduct=0001
[    0.479783] usb usb1: New USB device strings: Mfr=3, Product=2, SerialNumber=1
[    0.479784] usb usb1: Product: UHCI Host Controller
[    0.479785] usb usb1: Manufacturer: Linux 3.10.0-693.11.1.el7.x86_64 uhci_hcd
[    0.479786] usb usb1: SerialNumber: 0000:00:01.2
[    0.479864] hub 1-0:1.0: USB hub found
[    0.479868] hub 1-0:1.0: 2 ports detected
[    0.479977] usbcore: registered new interface driver usbserial
[    0.479981] usbcore: registered new interface driver usbserial_generic
[    0.479985] usbserial: USB Serial support registered for generic
[    0.480003] i8042: PNP: PS/2 Controller [PNP0303:KBD,PNP0f13:MOU] at 0x60,0x64 irq 1,12
[    0.480513] serio: i8042 KBD port at 0x60,0x64 irq 1
[    0.480517] serio: i8042 AUX port at 0x60,0x64 irq 12
[    0.480586] mousedev: PS/2 mouse device common for all mice
[    0.480760] input: AT Translated Set 2 keyboard as /devices/platform/i8042/serio0/input/input1
[    0.481000] rtc_cmos 00:00: RTC can wake from S4
[    0.481268] input: VirtualPS/2 VMware VMMouse as /devices/platform/i8042/serio1/input/input2
[    0.481490] rtc_cmos 00:00: rtc core: registered rtc_cmos as rtc0
[    0.481581] input: VirtualPS/2 VMware VMMouse as /devices/platform/i8042/serio1/input/input3
[    0.481594] rtc_cmos 00:00: alarms up to one day, y3k, 114 bytes nvram
[    0.481674] cpuidle: using governor menu
[    0.481730] hidraw: raw HID events driver (C) Jiri Kosina
[    0.481787] usbcore: registered new interface driver usbhid
[    0.481787] usbhid: USB HID core driver
[    0.481810] drop_monitor: Initializing network drop monitor service
[    0.481868] TCP: cubic registered
[    0.481872] Initializing XFRM netlink socket
[    0.481948] NET: Registered protocol family 10
[    0.482096] NET: Registered protocol family 17
[    0.482208] microcode: CPU0 sig=0x406f1, pf=0x1, revision=0x1
[    0.482212] microcode: CPU1 sig=0x406f1, pf=0x1, revision=0x1
[    0.482235] microcode: Microcode Update Driver: v2.01 <tigran@aivazian.fsnet.co.uk>, Peter Oruba
[    0.482319] PM: Hibernation image not present or could not be loaded.
[    0.482321] Loading compiled-in X.509 certificates
[    0.482339] Loaded X.509 cert 'CentOS Linux kpatch signing key: ea0413152cde1d98ebdca3fe6f0230904c9ef717'
[    0.482346] Loaded X.509 cert 'CentOS Linux Driver update signing key: 7f421ee0ab69461574bb358861dbe77762a4201b'
[    0.482693] Loaded X.509 cert 'CentOS Linux kernel signing key: 61b8e87b841184f62f80d60779ab692a49d83baf'
[    0.482706] registered taskstats version 1
[    0.484126] Key type trusted registered
[    0.485364] Key type encrypted registered
[    0.486502] IMA: No TPM chip found, activating TPM-bypass!
[    0.486701]   Magic number: 14:847:876
[    0.486783] rtc_cmos 00:00: setting system clock to 2018-04-09 08:51:02 UTC (1523263862)
[    0.487260] Freeing unused kernel memory: 1764k freed
[    0.489385] random: systemd: uninitialized urandom read (16 bytes read)
[    0.489598] random: systemd: uninitialized urandom read (16 bytes read)
[    0.489606] random: systemd: uninitialized urandom read (16 bytes read)
[    0.490420] systemd[1]: systemd 219 running in system mode. (+PAM +AUDIT +SELINUX +IMA -APPARMOR +SMACK +SYSVINIT +UTMP +LIBCRYPTSETUP +GCRYPT +GNUTLS +ACL +XZ -LZ4 -SECCOMP +BLKID +ELFUTILS +KMOD +IDN)
[    0.490435] systemd[1]: Detected virtualization kvm.
[    0.490437] systemd[1]: Detected architecture x86-64.
[    0.490439] systemd[1]: Running in initial RAM disk.
[    0.490471] systemd[1]: Set hostname to <ecs-centos74-test.novalocal>.
[    0.508529] random: systemd: uninitialized urandom read (16 bytes read)
[    0.508544] random: systemd: uninitialized urandom read (16 bytes read)
[    0.508564] random: systemd: uninitialized urandom read (16 bytes read)
[    0.508598] random: systemd: uninitialized urandom read (16 bytes read)
[    0.508963] random: systemd: uninitialized urandom read (16 bytes read)
[    0.509043] random: systemd: uninitialized urandom read (16 bytes read)
[    0.509158] random: systemd: uninitialized urandom read (16 bytes read)
[    0.511445] systemd[1]: Reached target Swap.
[    0.511452] systemd[1]: Starting Swap.
[    0.511471] systemd[1]: Reached target Local File Systems.
[    0.511476] systemd[1]: Starting Local File Systems.
[    0.511481] systemd[1]: Reached target Timers.
[    0.511485] systemd[1]: Starting Timers.
[    0.511578] systemd[1]: Created slice Root Slice.
[    0.511583] systemd[1]: Starting Root Slice.
[    0.511629] systemd[1]: Created slice System Slice.
[    0.511634] systemd[1]: Starting System Slice.
[    0.511661] systemd[1]: Listening on udev Control Socket.
[    0.511666] systemd[1]: Starting udev Control Socket.
[    0.511678] systemd[1]: Listening on udev Kernel Socket.
[    0.511682] systemd[1]: Starting udev Kernel Socket.
[    0.511688] systemd[1]: Reached target Slices.
[    0.511691] systemd[1]: Starting Slices.
[    0.511721] systemd[1]: Listening on Journal Socket.
[    0.511726] systemd[1]: Starting Journal Socket.
[    0.512000] systemd[1]: Starting Setup Virtual Console...
[    0.512294] systemd[1]: Starting Journal Service...
[    0.512677] systemd[1]: Starting Apply Kernel Variables...
[    0.512695] systemd[1]: Reached target Sockets.
[    0.512700] systemd[1]: Starting Sockets.
[    0.513031] systemd[1]: Starting Create list of required static device nodes for the current kernel...
[    0.513399] systemd[1]: Starting dracut cmdline hook...
[    0.514358] systemd[1]: Started Apply Kernel Variables.
[    0.515627] systemd[1]: Started Create list of required static device nodes for the current kernel.
[    0.515994] systemd[1]: Starting Create Static Device Nodes in /dev...
[    0.524136] systemd[1]: Started Journal Service.
[    0.628325] libata version 3.00 loaded.
[    0.650720] FDC 0 is a S82078B
[    0.659698] ACPI: PCI Interrupt Link [LNKC] enabled at IRQ 10
[    0.659747] virtio-pci 0000:00:03.0: virtio_pci: leaving for legacy driver
[    0.660426] ata_piix 0000:00:01.1: version 2.13
[    0.667027] [drm] Initialized
[    0.684263] scsi host0: ata_piix
[    0.684434] scsi host1: ata_piix
[    0.684474] ata1: PATA max MWDMA2 cmd 0x1f0 ctl 0x3f6 bmdma 0xc0e0 irq 14
[    0.684475] ata2: PATA max MWDMA2 cmd 0x170 ctl 0x376 bmdma 0xc0e8 irq 15
[    0.705026] virtio-pci 0000:00:04.0: virtio_pci: leaving for legacy driver
[    0.705783] [TTM] Zone  kernel: Available graphics memory: 1940654 kiB
[    0.705785] [TTM] Initializing pool allocator
[    0.705787] [TTM] Initializing DMA pool allocator
[    0.705973] [drm] fb mappable at 0xFC000000
[    0.705974] [drm] vram aper at 0xFC000000
[    0.705975] [drm] size 33554432
[    0.705976] [drm] fb depth is 24
[    0.705977] [drm]    pitch is 3072
[    0.706011] fbcon: cirrusdrmfb (fb0) is primary device
[    0.721533] Console: switching to colour frame buffer device 128x48
[    0.728956] cirrus 0000:00:02.0: fb0: cirrusdrmfb frame buffer device
[    0.732480] [drm] Initialized cirrus 1.0.0 20110418 for 0000:00:02.0 on minor 0
[    0.753670] ACPI: PCI Interrupt Link [LNKA] enabled at IRQ 10
[    0.753699] virtio-pci 0000:00:05.0: virtio_pci: leaving for legacy driver
[    0.774446] ACPI: PCI Interrupt Link [LNKB] enabled at IRQ 11
[    0.774480] virtio-pci 0000:00:06.0: virtio_pci: leaving for legacy driver
[    0.776911] virtio-pci 0000:00:05.0: irq 24 for MSI/MSI-X
[    0.776926] virtio-pci 0000:00:05.0: irq 25 for MSI/MSI-X
[    0.778069]  vda: vda1 vda2
[    0.778984] virtio-pci 0000:00:03.0: irq 26 for MSI/MSI-X
[    0.778999] virtio-pci 0000:00:03.0: irq 27 for MSI/MSI-X
[    0.779011] virtio-pci 0000:00:03.0: irq 28 for MSI/MSI-X
[    0.779023] virtio-pci 0000:00:03.0: irq 29 for MSI/MSI-X
[    0.779038] virtio-pci 0000:00:03.0: irq 30 for MSI/MSI-X
[    0.779713] virtio-pci 0000:00:04.0: irq 31 for MSI/MSI-X
[    0.779726] virtio-pci 0000:00:04.0: irq 32 for MSI/MSI-X
[    0.789468] usb 1-1: new full-speed USB device number 2 using uhci_hcd
[    0.939462] usb 1-1: New USB device found, idVendor=0627, idProduct=0001
[    0.939465] usb 1-1: New USB device strings: Mfr=1, Product=3, SerialNumber=5
[    0.939466] usb 1-1: Product: QEMU USB Tablet
[    0.939467] usb 1-1: Manufacturer: QEMU
[    0.939468] usb 1-1: SerialNumber: 42
[    0.948646] input: QEMU QEMU USB Tablet as /devices/pci0000:00/0000:00:01.2/usb1/1-1/1-1:1.0/input/input4
[    0.948713] hid-generic 0003:0627:0001.0001: input,hidraw0: USB HID v0.01 Pointer [QEMU QEMU USB Tablet] on usb-0000:00:01.2-1/input0
[    1.140671] EXT4-fs (vda2): mounted filesystem with ordered data mode. Opts: (null)
[    1.214888] random: fast init done
[    1.416507] tsc: Refined TSC clocksource calibration: 2593.995 MHz
[    1.790214] systemd-journald[92]: Received SIGTERM from PID 1 (systemd).
[    3.669619] SELinux:  Disabled at runtime.
[    3.669639] SELinux:  Unregistering netfilter hooks
[    3.712468] type=1404 audit(1523263865.725:2): selinux=0 auid=4294967295 ses=4294967295
[    4.666623] ip_tables: (C) 2000-2006 Netfilter Core Team
[    4.666659] systemd[1]: Inserted module 'ip_tables'
[    6.739806] EXT4-fs (vda2): re-mounted. Opts: (null)
[    6.940171] systemd-journald[335]: Received request to flush runtime journal from PID 1
[    7.849655] piix4_smbus 0000:00:01.3: SMBus Host Controller at 0x700, revision 0
[    7.859662] input: PC Speaker as /devices/platform/pcspkr/input/input5
[    7.866398] ppdev: user-space parallel port driver
[    7.964296] AES CTR mode by8 optimization enabled
[    7.966338] alg: No test for __gcm-aes-aesni (__driver-gcm-aes-aesni)
[    7.970147] alg: No test for crc32 (crc32-pclmul)
[    7.995391] EDAC MC: Ver: 3.0.0
[    7.998074] EDAC sbridge: Seeking for: PCI ID 8086:6fa0
[    7.998076] EDAC sbridge:  Ver: 1.1.1 
[    8.235933] EXT4-fs (vda1): mounted filesystem with ordered data mode. Opts: (null)
[   26.337242] random: crng init done
[  465.015383] nr_pdflush_threads exported in /proc is scheduled for removal
