[    0.000000] Initializing cgroup subsys cpuset
[    0.000000] Initializing cgroup subsys cpu
[    0.000000] Initializing cgroup subsys cpuacct
[    0.000000] Linux version 3.10.0-693.2.2.el7.x86_64 (builder@kbuilder.dev.centos.org) (gcc version 4.8.5 20150623 (Red Hat 4.8.5-16) (GCC) ) #1 SMP Tue Sep 12 22:26:13 UTC 2017
[    0.000000] Command line: BOOT_IMAGE=/boot/vmlinuz-3.10.0-693.2.2.el7.x86_64 root=UUID=eb448abb-3012-4d8d-bcde-94434d586a31 ro crashkernel=auto rhgb quiet net.ifnames=0 console=tty0 console=ttyS0,115200n8
[    0.000000] e820: BIOS-provided physical RAM map:
[    0.000000] BIOS-e820: [mem 0x0000000000000000-0x000000000009fbff] usable
[    0.000000] BIOS-e820: [mem 0x000000000009fc00-0x000000000009ffff] reserved
[    0.000000] BIOS-e820: [mem 0x00000000000f0000-0x00000000000fffff] reserved
[    0.000000] BIOS-e820: [mem 0x0000000000100000-0x00000000bffdffff] usable
[    0.000000] BIOS-e820: [mem 0x00000000bffe0000-0x00000000bfffffff] reserved
[    0.000000] BIOS-e820: [mem 0x00000000feffc000-0x00000000feffffff] reserved
[    0.000000] BIOS-e820: [mem 0x00000000fffc0000-0x00000000ffffffff] reserved
[    0.000000] BIOS-e820: [mem 0x0000000100000000-0x000000023fffffff] usable
[    0.000000] NX (Execute Disable) protection: active
[    0.000000] SMBIOS 2.8 present.
[    0.000000] DMI: Alibaba Cloud Alibaba Cloud ECS, BIOS rel-1.7.5-0-ge51488c-20140602_164612-nilsson.home.kraxel.org 04/01/2014
[    0.000000] Hypervisor detected: KVM
[    0.000000] e820: update [mem 0x00000000-0x00000fff] usable ==> reserved
[    0.000000] e820: remove [mem 0x000a0000-0x000fffff] usable
[    0.000000] e820: last_pfn = 0x240000 max_arch_pfn = 0x400000000
[    0.000000] MTRR default type: write-back
[    0.000000] MTRR fixed ranges enabled:
[    0.000000]   00000-9FFFF write-back
[    0.000000]   A0000-BFFFF uncachable
[    0.000000]   C0000-FFFFF write-protect
[    0.000000] MTRR variable ranges enabled:
[    0.000000]   0 base 0000C0000000 mask 3FFFC0000000 uncachable
[    0.000000]   1 disabled
[    0.000000]   2 disabled
[    0.000000]   3 disabled
[    0.000000]   4 disabled
[    0.000000]   5 disabled
[    0.000000]   6 disabled
[    0.000000]   7 disabled
[    0.000000] x86 PAT enabled: cpu 0, old 0x7040600070406, new 0x7010600070106
[    0.000000] e820: last_pfn = 0xbffe0 max_arch_pfn = 0x400000000
[    0.000000] found SMP MP-table at [mem 0x000f0e90-0x000f0e9f] mapped at [ffff8800000f0e90]
[    0.000000] Base memory trampoline at [ffff880000099000] 99000 size 24576
[    0.000000] Using GB pages for direct mapping
[    0.000000] BRK [0x01fe9000, 0x01fe9fff] PGTABLE
[    0.000000] BRK [0x01fea000, 0x01feafff] PGTABLE
[    0.000000] BRK [0x01feb000, 0x01febfff] PGTABLE
[    0.000000] RAMDISK: [mem 0x35e41000-0x36f18fff]
[    0.000000] Early table checksum verification disabled
[    0.000000] ACPI: RSDP 00000000000f0c30 00014 (v00 BOCHS )
[    0.000000] ACPI: RSDT 00000000bffe18a0 00030 (v01 BOCHS  BXPCRSDT 00000001 BXPC 00000001)
[    0.000000] ACPI: FACP 00000000bffe0b52 00074 (v01 BOCHS  BXPCFACP 00000001 BXPC 00000001)
[    0.000000] ACPI: DSDT 00000000bffe0040 00B12 (v01 BOCHS  BXPCDSDT 00000001 BXPC 00000001)
[    0.000000] ACPI: FACS 00000000bffe0000 00040
[    0.000000] ACPI: SSDT 00000000bffe0bc6 00C5A (v01 BOCHS  BXPCSSDT 00000001 BXPC 00000001)
[    0.000000] ACPI: APIC 00000000bffe1820 00080 (v01 BOCHS  BXPCAPIC 00000001 BXPC 00000001)
[    0.000000] ACPI: Local APIC address 0xfee00000
[    0.000000] No NUMA configuration found
[    0.000000] Faking a node at [mem 0x0000000000000000-0x000000023fffffff]
[    0.000000] NODE_DATA(0) allocated [mem 0x23ffd7000-0x23fffdfff]
[    0.000000] Reserving 161MB of memory at 688MB for crashkernel (System RAM: 8191MB)
[    0.000000] kvm-clock: Using msrs 4b564d01 and 4b564d00
[    0.000000] kvm-clock: cpu 0, msr 2:3ff87001, primary cpu clock
[    0.000000] kvm-clock: using sched offset of 7078424497 cycles
[    0.000000] Zone ranges:
[    0.000000]   DMA      [mem 0x00001000-0x00ffffff]
[    0.000000]   DMA32    [mem 0x01000000-0xffffffff]
[    0.000000]   Normal   [mem 0x100000000-0x23fffffff]
[    0.000000] Movable zone start for each node
[    0.000000] Early memory node ranges
[    0.000000]   node   0: [mem 0x00001000-0x0009efff]
[    0.000000]   node   0: [mem 0x00100000-0xbffdffff]
[    0.000000]   node   0: [mem 0x100000000-0x23fffffff]
[    0.000000] Initmem setup node 0 [mem 0x00001000-0x23fffffff]
[    0.000000] On node 0 totalpages: 2097022
[    0.000000]   DMA zone: 64 pages used for memmap
[    0.000000]   DMA zone: 21 pages reserved
[    0.000000]   DMA zone: 3998 pages, LIFO batch:0
[    0.000000]   DMA32 zone: 12224 pages used for memmap
[    0.000000]   DMA32 zone: 782304 pages, LIFO batch:31
[    0.000000]   Normal zone: 20480 pages used for memmap
[    0.000000]   Normal zone: 1310720 pages, LIFO batch:31
[    0.000000] ACPI: PM-Timer IO Port: 0x608
[    0.000000] ACPI: Local APIC address 0xfee00000
[    0.000000] ACPI: LAPIC (acpi_id[0x00] lapic_id[0x00] enabled)
[    0.000000] ACPI: LAPIC (acpi_id[0x01] lapic_id[0x01] enabled)
[    0.000000] ACPI: LAPIC_NMI (acpi_id[0xff] dfl dfl lint[0x1])
[    0.000000] ACPI: IOAPIC (id[0x00] address[0xfec00000] gsi_base[0])
[    0.000000] IOAPIC[0]: apic_id 0, version 17, address 0xfec00000, GSI 0-23
[    0.000000] ACPI: INT_SRC_OVR (bus 0 bus_irq 0 global_irq 2 dfl dfl)
[    0.000000] ACPI: INT_SRC_OVR (bus 0 bus_irq 5 global_irq 5 high level)
[    0.000000] ACPI: INT_SRC_OVR (bus 0 bus_irq 9 global_irq 9 high level)
[    0.000000] ACPI: INT_SRC_OVR (bus 0 bus_irq 10 global_irq 10 high level)
[    0.000000] ACPI: INT_SRC_OVR (bus 0 bus_irq 11 global_irq 11 high level)
[    0.000000] ACPI: IRQ0 used by override.
[    0.000000] ACPI: IRQ5 used by override.
[    0.000000] ACPI: IRQ9 used by override.
[    0.000000] ACPI: IRQ10 used by override.
[    0.000000] ACPI: IRQ11 used by override.
[    0.000000] Using ACPI (MADT) for SMP configuration information
[    0.000000] smpboot: Allowing 2 CPUs, 0 hotplug CPUs
[    0.000000] PM: Registered nosave memory: [mem 0x0009f000-0x0009ffff]
[    0.000000] PM: Registered nosave memory: [mem 0x000a0000-0x000effff]
[    0.000000] PM: Registered nosave memory: [mem 0x000f0000-0x000fffff]
[    0.000000] PM: Registered nosave memory: [mem 0xbffe0000-0xbfffffff]
[    0.000000] PM: Registered nosave memory: [mem 0xc0000000-0xfeffbfff]
[    0.000000] PM: Registered nosave memory: [mem 0xfeffc000-0xfeffffff]
[    0.000000] PM: Registered nosave memory: [mem 0xff000000-0xfffbffff]
[    0.000000] PM: Registered nosave memory: [mem 0xfffc0000-0xffffffff]
[    0.000000] e820: [mem 0xc0000000-0xfeffbfff] available for PCI devices
[    0.000000] Booting paravirtualized kernel on KVM
[    0.000000] setup_percpu: NR_CPUS:5120 nr_cpumask_bits:2 nr_cpu_ids:2 nr_node_ids:1
[    0.000000] PERCPU: Embedded 33 pages/cpu @ffff88023fc00000 s97048 r8192 d29928 u1048576
[    0.000000] pcpu-alloc: s97048 r8192 d29928 u1048576 alloc=1*2097152
[    0.000000] pcpu-alloc: [0] 0 1 
[    0.000000] KVM setup async PF for cpu 0
[    0.000000] kvm-stealtime: cpu 0, msr 23fc0f440
[    0.000000] PV qspinlock hash table entries: 256 (order: 0, 4096 bytes)
[    0.000000] Built 1 zonelists in Zone order, mobility grouping on.  Total pages: 2064233
[    0.000000] Policy zone: Normal
[    0.000000] Kernel command line: BOOT_IMAGE=/boot/vmlinuz-3.10.0-693.2.2.el7.x86_64 root=UUID=eb448abb-3012-4d8d-bcde-94434d586a31 ro crashkernel=auto rhgb quiet net.ifnames=0 console=tty0 console=ttyS0,115200n8
[    0.000000] PID hash table entries: 4096 (order: 3, 32768 bytes)
[    0.000000] x86/fpu: xstate_offset[2]: 0240, xstate_sizes[2]: 0100
[    0.000000] xsave: enabled xstate_bv 0x7, cntxt size 0x340 using standard form
[    0.000000] Memory: 4978256k/9437184k available (6886k kernel code, 1049096k absent, 396664k reserved, 4545k data, 1764k init)
[    0.000000] SLUB: HWalign=64, Order=0-3, MinObjects=0, CPUs=2, Nodes=1
[    0.000000] Hierarchical RCU implementation.
[    0.000000] 	RCU restricting CPUs from NR_CPUS=5120 to nr_cpu_ids=2.
[    0.000000] NR_IRQS:327936 nr_irqs:440 0
[    0.000000] Console: colour VGA+ 80x25
[    0.000000] console [tty0] enabled
[    0.000000] console [ttyS0] enabled
[    0.000000] allocated 33554432 bytes of page_cgroup
[    0.000000] please try 'cgroup_disable=memory' option if you don't want memory cgroups
[    0.000000] tsc: Detected 2494.222 MHz processor
[    0.262223] Calibrating delay loop (skipped) preset value.. 4988.44 BogoMIPS (lpj=2494222)
[    0.262226] pid_max: default: 32768 minimum: 301
[    0.262253] Security Framework initialized
[    0.262260] SELinux:  Initializing.
[    0.262271] SELinux:  Starting in permissive mode
[    0.262272] Yama: becoming mindful.
[    0.262846] Dentry cache hash table entries: 1048576 (order: 11, 8388608 bytes)
[    0.271035] Inode-cache hash table entries: 524288 (order: 10, 4194304 bytes)
[    0.274968] Mount-cache hash table entries: 16384 (order: 5, 131072 bytes)
[    0.274978] Mountpoint-cache hash table entries: 16384 (order: 5, 131072 bytes)
[    0.275541] Initializing cgroup subsys memory
[    0.275547] Initializing cgroup subsys devices
[    0.275549] Initializing cgroup subsys freezer
[    0.275550] Initializing cgroup subsys net_cls
[    0.275552] Initializing cgroup subsys blkio
[    0.275554] Initializing cgroup subsys perf_event
[    0.275555] Initializing cgroup subsys hugetlb
[    0.275556] Initializing cgroup subsys pids
[    0.275557] Initializing cgroup subsys net_prio
[    0.275657] CPU: Physical Processor ID: 0
[    0.275658] CPU: Processor Core ID: 0
[    0.276413] mce: CPU supports 10 MCE banks
[    0.276468] Last level iTLB entries: 4KB 0, 2MB 0, 4MB 0
[    0.276470] Last level dTLB entries: 4KB 64, 2MB 0, 4MB 0
[    0.276471] tlb_flushall_shift: 6
[    0.277932] Freeing SMP alternatives: 24k freed
[    0.283835] ACPI: Core revision 20130517
[    0.284520] ACPI: All ACPI Tables successfully acquired
[    0.284559] ftrace: allocating 26586 entries in 104 pages
[    0.311882] smpboot: Max logical packages: 2
[    0.312119] Enabling x2apic
[    0.312126] Enabled x2apic
[    0.312322] Switched APIC routing to physical x2apic.
[    0.313391] ..TIMER: vector=0x30 apic1=0 pin1=2 apic2=-1 pin2=-1
[    0.313394] smpboot: CPU0: Intel(R) Xeon(R) CPU E5-2682 v4 @ 2.50GHz (fam: 06, model: 4f, stepping: 01)
[    0.313406] TSC deadline timer enabled
[    0.313417] Performance Events: unsupported p6 CPU model 79 no PMU driver, software events only.
[    0.313444] KVM setup paravirtual spinlock
[    0.314980] smpboot: Booting Node   0, Processors  #1 OK
[    0.320805] kvm-clock: cpu 1, msr 2:3ff87041, secondary cpu clock
[    0.323726] Brought up 2 CPUs
[    0.323728] smpboot: Total of 2 processors activated (9976.88 BogoMIPS)
[    0.323731] KVM setup async PF for cpu 1
[    0.323736] kvm-stealtime: cpu 1, msr 23fd0f440
[    0.338649] node 0 initialised, 753292 pages in 14ms
[    0.339005] devtmpfs: initialized
[    0.340763] EVM: security.selinux
[    0.340764] EVM: security.ima
[    0.340765] EVM: security.capability
[    0.341645] atomic64 test passed for x86-64 platform with CX8 and with SSE
[    0.341648] pinctrl core: initialized pinctrl subsystem
[    0.341757] RTC time: 11:11:45, date: 04/10/18
[    0.341896] NET: Registered protocol family 16
[    0.342166] ACPI: bus type PCI registered
[    0.342168] acpiphp: ACPI Hot Plug PCI Controller Driver version: 0.5
[    0.342261] PCI: Using configuration type 1 for base access
[    0.346262] ACPI: Added _OSI(Module Device)
[    0.346265] ACPI: Added _OSI(Processor Device)
[    0.346267] ACPI: Added _OSI(3.0 _SCP Extensions)
[    0.346268] ACPI: Added _OSI(Processor Aggregator Device)
[    0.346770] ACPI: EC: Look up EC in DSDT
[    0.347464] ACPI: Interpreter enabled
[    0.347473] ACPI: (supports S0 S5)
[    0.347474] ACPI: Using IOAPIC for interrupt routing
[    0.347485] PCI: Using host bridge windows from ACPI; if necessary, use "pci=nocrs" and report a bug
[    0.349592] ACPI: PCI Root Bridge [PCI0] (domain 0000 [bus 00-ff])
[    0.349599] acpi PNP0A03:00: _OSC: OS supports [ASPM ClockPM Segments MSI]
[    0.349604] acpi PNP0A03:00: _OSC failed (AE_NOT_FOUND); disabling ASPM
[    0.349643] acpi PNP0A03:00: fail to add MMCONFIG information, can't access extended PCI configuration space under this bridge.
[    0.349852] acpiphp: Slot [3] registered
[    0.349867] acpiphp: Slot [4] registered
[    0.349880] acpiphp: Slot [5] registered
[    0.349894] acpiphp: Slot [6] registered
[    0.349918] acpiphp: Slot [7] registered
[    0.349938] acpiphp: Slot [8] registered
[    0.349953] acpiphp: Slot [9] registered
[    0.349970] acpiphp: Slot [10] registered
[    0.349983] acpiphp: Slot [11] registered
[    0.349997] acpiphp: Slot [12] registered
[    0.350020] acpiphp: Slot [13] registered
[    0.350038] acpiphp: Slot [14] registered
[    0.350051] acpiphp: Slot [15] registered
[    0.350064] acpiphp: Slot [16] registered
[    0.350081] acpiphp: Slot [17] registered
[    0.350095] acpiphp: Slot [18] registered
[    0.350108] acpiphp: Slot [19] registered
[    0.350121] acpiphp: Slot [20] registered
[    0.350134] acpiphp: Slot [21] registered
[    0.350148] acpiphp: Slot [22] registered
[    0.350161] acpiphp: Slot [23] registered
[    0.350177] acpiphp: Slot [24] registered
[    0.350191] acpiphp: Slot [25] registered
[    0.350204] acpiphp: Slot [26] registered
[    0.350217] acpiphp: Slot [27] registered
[    0.350231] acpiphp: Slot [28] registered
[    0.350244] acpiphp: Slot [29] registered
[    0.350257] acpiphp: Slot [30] registered
[    0.350271] acpiphp: Slot [31] registered
[    0.350282] PCI host bridge to bus 0000:00
[    0.350285] pci_bus 0000:00: root bus resource [bus 00-ff]
[    0.350287] pci_bus 0000:00: root bus resource [io  0x0000-0x0cf7 window]
[    0.350288] pci_bus 0000:00: root bus resource [io  0x0d00-0xadff window]
[    0.350289] pci_bus 0000:00: root bus resource [io  0xae0f-0xaeff window]
[    0.350290] pci_bus 0000:00: root bus resource [io  0xaf20-0xafdf window]
[    0.350291] pci_bus 0000:00: root bus resource [io  0xafe4-0xffff window]
[    0.350293] pci_bus 0000:00: root bus resource [mem 0x000a0000-0x000bffff window]
[    0.350294] pci_bus 0000:00: root bus resource [mem 0xc0000000-0xfebfffff window]
[    0.350323] pci 0000:00:00.0: [8086:1237] type 00 class 0x060000
[    0.350608] pci 0000:00:01.0: [8086:7000] type 00 class 0x060100
[    0.350997] pci 0000:00:01.1: [8086:7010] type 00 class 0x010180
[    0.355177] pci 0000:00:01.1: reg 0x20: [io  0xc0c0-0xc0cf]
[    0.356683] pci 0000:00:01.1: legacy IDE quirk: reg 0x10: [io  0x01f0-0x01f7]
[    0.356685] pci 0000:00:01.1: legacy IDE quirk: reg 0x14: [io  0x03f6]
[    0.356686] pci 0000:00:01.1: legacy IDE quirk: reg 0x18: [io  0x0170-0x0177]
[    0.356687] pci 0000:00:01.1: legacy IDE quirk: reg 0x1c: [io  0x0376]
[    0.356803] pci 0000:00:01.2: [8086:7020] type 00 class 0x0c0300
[    0.360546] pci 0000:00:01.2: reg 0x20: [io  0xc040-0xc05f]
[    0.362154] pci 0000:00:01.3: [8086:7113] type 00 class 0x068000
[    0.362443] pci 0000:00:01.3: quirk: [io  0x0600-0x063f] claimed by PIIX4 ACPI
[    0.362451] pci 0000:00:01.3: quirk: [io  0x0700-0x070f] claimed by PIIX4 SMB
[    0.362621] pci 0000:00:02.0: [1013:00b8] type 00 class 0x030000
[    0.384498] pci 0000:00:02.0: reg 0x10: [mem 0xfc000000-0xfdffffff pref]
[    0.386230] pci 0000:00:02.0: reg 0x14: [mem 0xfebd0000-0xfebd0fff]
[    0.394792] pci 0000:00:02.0: reg 0x30: [mem 0xfebc0000-0xfebcffff pref]
[    0.395283] pci 0000:00:03.0: [1af4:1000] type 00 class 0x020000
[    0.396729] pci 0000:00:03.0: reg 0x10: [io  0xc060-0xc07f]
[    0.398117] pci 0000:00:03.0: reg 0x14: [mem 0xfebd1000-0xfebd1fff]
[    0.405097] pci 0000:00:03.0: reg 0x30: [mem 0xfeb80000-0xfebbffff pref]
[    0.405356] pci 0000:00:04.0: [1af4:1003] type 00 class 0x078000
[    0.406820] pci 0000:00:04.0: reg 0x10: [io  0xc080-0xc09f]
[    0.408245] pci 0000:00:04.0: reg 0x14: [mem 0xfebd2000-0xfebd2fff]
[    0.415557] pci 0000:00:05.0: [1af4:1001] type 00 class 0x010000
[    0.416989] pci 0000:00:05.0: reg 0x10: [io  0xc000-0xc03f]
[    0.418414] pci 0000:00:05.0: reg 0x14: [mem 0xfebd3000-0xfebd3fff]
[    0.425779] pci 0000:00:06.0: [1af4:1002] type 00 class 0x00ff00
[    0.426534] pci 0000:00:06.0: reg 0x10: [io  0xc0a0-0xc0bf]
[    0.431577] ACPI: PCI Interrupt Link [LNKA] (IRQs 5 *10 11)
[    0.431677] ACPI: PCI Interrupt Link [LNKB] (IRQs 5 *10 11)
[    0.431744] ACPI: PCI Interrupt Link [LNKC] (IRQs 5 10 *11)
[    0.431813] ACPI: PCI Interrupt Link [LNKD] (IRQs 5 10 *11)
[    0.431848] ACPI: PCI Interrupt Link [LNKS] (IRQs *9)
[    0.432206] ACPI: Enabled 16 GPEs in block 00 to 0F
[    0.432625] vgaarb: device added: PCI:0000:00:02.0,decodes=io+mem,owns=io+mem,locks=none
[    0.432627] vgaarb: loaded
[    0.432628] vgaarb: bridge control possible 0000:00:02.0
[    0.432819] SCSI subsystem initialized
[    0.432862] ACPI: bus type USB registered
[    0.432888] usbcore: registered new interface driver usbfs
[    0.432898] usbcore: registered new interface driver hub
[    0.432961] usbcore: registered new device driver usb
[    0.433255] PCI: Using ACPI for IRQ routing
[    0.433260] PCI: pci_cache_line_size set to 64 bytes
[    0.433397] e820: reserve RAM buffer [mem 0x0009fc00-0x0009ffff]
[    0.433400] e820: reserve RAM buffer [mem 0xbffe0000-0xbfffffff]
[    0.433652] NetLabel: Initializing
[    0.433655] NetLabel:  domain hash size = 128
[    0.433656] NetLabel:  protocols = UNLABELED CIPSOv4
[    0.433688] NetLabel:  unlabeled traffic allowed by default
[    0.433771] amd_nb: Cannot enumerate AMD northbridges
[    0.433821] Switched to clocksource kvm-clock
[    0.444273] pnp: PnP ACPI init
[    0.444283] ACPI: bus type PNP registered
[    0.444365] pnp 00:00: Plug and Play ACPI device, IDs PNP0b00 (active)
[    0.444456] pnp 00:01: Plug and Play ACPI device, IDs PNP0303 (active)
[    0.444494] pnp 00:02: Plug and Play ACPI device, IDs PNP0f13 (active)
[    0.444532] pnp 00:03: [dma 2]
[    0.444549] pnp 00:03: Plug and Play ACPI device, IDs PNP0700 (active)
[    0.444629] pnp 00:04: Plug and Play ACPI device, IDs PNP0501 (active)
[    0.444785] pnp: PnP ACPI: found 5 devices
[    0.444786] ACPI: bus type PNP unregistered
[    0.452830] pci_bus 0000:00: resource 4 [io  0x0000-0x0cf7 window]
[    0.452832] pci_bus 0000:00: resource 5 [io  0x0d00-0xadff window]
[    0.452833] pci_bus 0000:00: resource 6 [io  0xae0f-0xaeff window]
[    0.452835] pci_bus 0000:00: resource 7 [io  0xaf20-0xafdf window]
[    0.452838] pci_bus 0000:00: resource 8 [io  0xafe4-0xffff window]
[    0.452839] pci_bus 0000:00: resource 9 [mem 0x000a0000-0x000bffff window]
[    0.452841] pci_bus 0000:00: resource 10 [mem 0xc0000000-0xfebfffff window]
[    0.452882] NET: Registered protocol family 2
[    0.453204] TCP established hash table entries: 65536 (order: 7, 524288 bytes)
[    0.453662] TCP bind hash table entries: 65536 (order: 8, 1048576 bytes)
[    0.454180] TCP: Hash tables configured (established 65536 bind 65536)
[    0.454270] TCP: reno registered
[    0.454281] UDP hash table entries: 4096 (order: 5, 131072 bytes)
[    0.454362] UDP-Lite hash table entries: 4096 (order: 5, 131072 bytes)
[    0.454484] NET: Registered protocol family 1
[    0.454506] pci 0000:00:00.0: Limiting direct PCI/PCI transfers
[    0.454534] pci 0000:00:01.0: PIIX3: Enabling Passive Release
[    0.454549] pci 0000:00:01.0: Activating ISA DMA hang workarounds
[    0.477503] ACPI: PCI Interrupt Link [LNKD] enabled at IRQ 11
[    0.500504] pci 0000:00:02.0: Boot video device
[    0.500537] PCI: CLS 0 bytes, default 64
[    0.500592] Unpacking initramfs...
[    0.747882] Freeing initrd memory: 17248k freed
[    0.752985] PCI-DMA: Using software bounce buffering for IO (SWIOTLB)
[    0.752988] software IO TLB [mem 0xbbfe0000-0xbffe0000] (64MB) mapped at [ffff8800bbfe0000-ffff8800bffdffff]
[    0.753666] sha1_ssse3: Using AVX optimized SHA-1 implementation
[    0.753784] sha256_ssse3: Using AVX2 optimized SHA-256 implementation
[    0.754165] futex hash table entries: 512 (order: 3, 32768 bytes)
[    0.754205] Initialise system trusted keyring
[    0.754231] audit: initializing netlink socket (disabled)
[    0.754244] type=2000 audit(1523329906.261:1): initialized
[    0.774231] HugeTLB registered 1 GB page size, pre-allocated 0 pages
[    0.774233] HugeTLB registered 2 MB page size, pre-allocated 0 pages
[    0.775346] zpool: loaded
[    0.775349] zbud: loaded
[    0.775495] VFS: Disk quotas dquot_6.5.2
[    0.775517] Dquot-cache hash table entries: 512 (order 0, 4096 bytes)
[    0.775724] msgmni has been set to 15641
[    0.775792] Key type big_key registered
[    0.775796] SELinux:  Registering netfilter hooks
[    0.777210] NET: Registered protocol family 38
[    0.777216] Key type asymmetric registered
[    0.777222] Asymmetric key parser 'x509' registered
[    0.777247] Block layer SCSI generic (bsg) driver version 0.4 loaded (major 250)
[    0.777315] io scheduler noop registered
[    0.777318] io scheduler deadline registered (default)
[    0.777350] io scheduler cfq registered
[    0.777473] pci_hotplug: PCI Hot Plug PCI Core version: 0.5
[    0.777477] pciehp: PCI Express Hot Plug Controller Driver version: 0.4
[    0.777545] intel_idle: does not run on family 6 model 79
[    0.777602] input: Power Button as /devices/LNXSYSTM:00/LNXPWRBN:00/input/input0
[    0.777606] ACPI: Power Button [PWRF]
[    0.777757] GHES: HEST is not enabled!
[    0.777885] Serial: 8250/16550 driver, 4 ports, IRQ sharing enabled
[    0.800540] 00:04: ttyS0 at I/O 0x3f8 (irq = 4) is a 16550A
[    0.801157] Non-volatile memory driver v1.3
[    0.801229] Linux agpgart interface v0.103
[    0.801371] crash memory driver: version 1.1
[    0.801436] rdac: device handler registered
[    0.801502] hp_sw: device handler registered
[    0.801505] emc: device handler registered
[    0.801508] alua: device handler registered
[    0.801535] libphy: Fixed MDIO Bus: probed
[    0.801602] ehci_hcd: USB 2.0 'Enhanced' Host Controller (EHCI) Driver
[    0.801609] ehci-pci: EHCI PCI platform driver
[    0.801619] ohci_hcd: USB 1.1 'Open' Host Controller (OHCI) Driver
[    0.801633] ohci-pci: OHCI PCI platform driver
[    0.801646] uhci_hcd: USB Universal Host Controller Interface driver
[    0.825010] uhci_hcd 0000:00:01.2: UHCI Host Controller
[    0.825091] uhci_hcd 0000:00:01.2: new USB bus registered, assigned bus number 1
[    0.825129] uhci_hcd 0000:00:01.2: detected 2 ports
[    0.825207] uhci_hcd 0000:00:01.2: irq 11, io base 0x0000c040
[    0.825285] usb usb1: New USB device found, idVendor=1d6b, idProduct=0001
[    0.825287] usb usb1: New USB device strings: Mfr=3, Product=2, SerialNumber=1
[    0.825288] usb usb1: Product: UHCI Host Controller
[    0.825289] usb usb1: Manufacturer: Linux 3.10.0-693.2.2.el7.x86_64 uhci_hcd
[    0.825290] usb usb1: SerialNumber: 0000:00:01.2
[    0.825401] hub 1-0:1.0: USB hub found
[    0.825405] hub 1-0:1.0: 2 ports detected
[    0.825570] usbcore: registered new interface driver usbserial
[    0.825578] usbcore: registered new interface driver usbserial_generic
[    0.825584] usbserial: USB Serial support registered for generic
[    0.825609] i8042: PNP: PS/2 Controller [PNP0303:KBD,PNP0f13:MOU] at 0x60,0x64 irq 1,12
[    0.826186] serio: i8042 KBD port at 0x60,0x64 irq 1
[    0.826191] serio: i8042 AUX port at 0x60,0x64 irq 12
[    0.826307] mousedev: PS/2 mouse device common for all mice
[    0.826582] input: AT Translated Set 2 keyboard as /devices/platform/i8042/serio0/input/input1
[    0.827147] input: VirtualPS/2 VMware VMMouse as /devices/platform/i8042/serio1/input/input2
[    0.827246] rtc_cmos 00:00: RTC can wake from S4
[    0.827475] input: VirtualPS/2 VMware VMMouse as /devices/platform/i8042/serio1/input/input3
[    0.827774] rtc_cmos 00:00: rtc core: registered rtc_cmos as rtc0
[    0.827865] rtc_cmos 00:00: alarms up to one day, 114 bytes nvram
[    0.827918] cpuidle: using governor menu
[    0.827984] hidraw: raw HID events driver (C) Jiri Kosina
[    0.828067] usbcore: registered new interface driver usbhid
[    0.828069] usbhid: USB HID core driver
[    0.828131] drop_monitor: Initializing network drop monitor service
[    0.828197] TCP: cubic registered
[    0.828202] Initializing XFRM netlink socket
[    0.828290] NET: Registered protocol family 10
[    0.828579] NET: Registered protocol family 17
[    0.828743] microcode: CPU0 sig=0x406f1, pf=0x1, revision=0x1
[    0.828760] microcode: CPU1 sig=0x406f1, pf=0x1, revision=0x1
[    0.828813] microcode: Microcode Update Driver: v2.01 <tigran@aivazian.fsnet.co.uk>, Peter Oruba
[    0.829009] PM: Hibernation image not present or could not be loaded.
[    0.829012] Loading compiled-in X.509 certificates
[    0.829034] Loaded X.509 cert 'CentOS Linux kpatch signing key: ea0413152cde1d98ebdca3fe6f0230904c9ef717'
[    0.829042] Loaded X.509 cert 'CentOS Linux Driver update signing key: 7f421ee0ab69461574bb358861dbe77762a4201b'
[    0.829416] Loaded X.509 cert 'CentOS Linux kernel signing key: c08b355341760f030a64e3c550e113cd47771ea9'
[    0.829451] registered taskstats version 1
[    0.831863] Key type trusted registered
[    0.833946] Key type encrypted registered
[    0.835628] IMA: No TPM chip found, activating TPM-bypass!
[    0.835903]   Magic number: 14:519:175
[    0.835908] misc network_throughput: hash matches
[    0.835930] acpi device:0b: hash matches
[    0.836028] rtc_cmos 00:00: setting system clock to 2018-04-10 11:11:45 UTC (1523358705)
[    0.836864] Freeing unused kernel memory: 1764k freed
[    0.840582] random: systemd: uninitialized urandom read (16 bytes read)
[    0.841168] random: systemd: uninitialized urandom read (16 bytes read)
[    0.841179] random: systemd: uninitialized urandom read (16 bytes read)
[    0.842409] systemd[1]: systemd 219 running in system mode. (+PAM +AUDIT +SELINUX +IMA -APPARMOR +SMACK +SYSVINIT +UTMP +LIBCRYPTSETUP +GCRYPT +GNUTLS +ACL +XZ -LZ4 -SECCOMP +BLKID +ELFUTILS +KMOD +IDN)
[    0.842439] systemd[1]: Detected virtualization kvm.
[    0.842449] systemd[1]: Detected architecture x86-64.
[    0.842451] systemd[1]: Running in initial RAM disk.
[    0.842498] systemd[1]: Set hostname to <localhost.localdomain>.
[    0.867750] random: systemd: uninitialized urandom read (16 bytes read)
[    0.867766] random: systemd: uninitialized urandom read (16 bytes read)
[    0.867789] random: systemd: uninitialized urandom read (16 bytes read)
[    0.867852] random: systemd: uninitialized urandom read (16 bytes read)
[    0.868304] random: systemd: uninitialized urandom read (16 bytes read)
[    0.868404] random: systemd: uninitialized urandom read (16 bytes read)
[    0.868565] random: systemd: uninitialized urandom read (16 bytes read)
[    0.871527] systemd[1]: Reached target Timers.
[    0.871538] systemd[1]: Starting Timers.
[    0.871550] systemd[1]: Reached target Swap.
[    0.871556] systemd[1]: Starting Swap.
[    0.871679] systemd[1]: Created slice Root Slice.
[    0.871685] systemd[1]: Starting Root Slice.
[    0.871717] systemd[1]: Listening on udev Control Socket.
[    0.871723] systemd[1]: Starting udev Control Socket.
[    0.871740] systemd[1]: Listening on udev Kernel Socket.
[    0.871745] systemd[1]: Starting udev Kernel Socket.
[    0.871755] systemd[1]: Reached target Local File Systems.
[    0.871759] systemd[1]: Starting Local File Systems.
[    0.871859] systemd[1]: Created slice System Slice.
[    0.871867] systemd[1]: Starting System Slice.
[    0.871880] systemd[1]: Reached target Slices.
[    0.871885] systemd[1]: Starting Slices.
[    0.871927] systemd[1]: Listening on Journal Socket.
[    0.871933] systemd[1]: Starting Journal Socket.
[    0.872387] systemd[1]: Starting Create list of required static device nodes for the current kernel...
[    0.872434] systemd[1]: Reached target Sockets.
[    0.872452] systemd[1]: Starting Sockets.
[    0.872994] systemd[1]: Starting Setup Virtual Console...
[    0.873660] systemd[1]: Starting Apply Kernel Variables...
[    0.874428] systemd[1]: Starting dracut cmdline hook...
[    0.875658] systemd[1]: Starting Journal Service...
[    0.876192] systemd[1]: Started Create list of required static device nodes for the current kernel.
[    0.877040] systemd[1]: Started Apply Kernel Variables.
[    0.877780] systemd[1]: Starting Create Static Device Nodes in /dev...
[    0.882021] systemd[1]: Started Create Static Device Nodes in /dev.
[    0.899797] systemd[1]: Started Journal Service.
[    1.107354] FDC 0 is a S82078B
[    1.130708] ACPI: PCI Interrupt Link [LNKC] enabled at IRQ 10
[    1.130790] virtio-pci 0000:00:03.0: virtio_pci: leaving for legacy driver
[    1.155839] usb 1-1: new full-speed USB device number 2 using uhci_hcd
[    1.159863] libata version 3.00 loaded.
[    1.167485] [drm] Initialized
[    1.195738] virtio-pci 0000:00:04.0: virtio_pci: leaving for legacy driver
[    1.199849] ata_piix 0000:00:01.1: version 2.13
[    1.209970] scsi host0: ata_piix
[    1.210102] scsi host1: ata_piix
[    1.210138] ata1: PATA max MWDMA2 cmd 0x1f0 ctl 0x3f6 bmdma 0xc0c0 irq 14
[    1.210139] ata2: PATA max MWDMA2 cmd 0x170 ctl 0x376 bmdma 0xc0c8 irq 15
[    1.246008] ACPI: PCI Interrupt Link [LNKA] enabled at IRQ 10
[    1.246058] virtio-pci 0000:00:05.0: virtio_pci: leaving for legacy driver
[    1.246677] [TTM] Zone  kernel: Available graphics memory: 4005230 kiB
[    1.246684] [TTM] Zone   dma32: Available graphics memory: 2097152 kiB
[    1.246686] [TTM] Initializing pool allocator
[    1.246692] [TTM] Initializing DMA pool allocator
[    1.247041] [drm] fb mappable at 0xFC000000
[    1.247044] [drm] vram aper at 0xFC000000
[    1.247045] [drm] size 33554432
[    1.247046] [drm] fb depth is 24
[    1.247048] [drm]    pitch is 3072
[    1.247119] fbcon: cirrusdrmfb (fb0) is primary device
[    1.272481] Console: switching to colour frame buffer device 128x48
[    1.281983] cirrus 0000:00:02.0: fb0: cirrusdrmfb frame buffer device
[    1.292852] [drm] Initialized cirrus 1.0.0 20110418 for 0000:00:02.0 on minor 0
[    1.315160] usb 1-1: New USB device found, idVendor=0627, idProduct=0001
[    1.315164] usb 1-1: New USB device strings: Mfr=1, Product=3, SerialNumber=5
[    1.315167] usb 1-1: Product: QEMU USB Tablet
[    1.315169] usb 1-1: Manufacturer: QEMU
[    1.315170] usb 1-1: SerialNumber: 42
[    1.324364] input: QEMU QEMU USB Tablet as /devices/pci0000:00/0000:00:01.2/usb1/1-1/1-1:1.0/input/input4
[    1.324569] hid-generic 0003:0627:0001.0001: input,hidraw0: USB HID v0.01 Pointer [QEMU QEMU USB Tablet] on usb-0000:00:01.2-1/input0
[    1.337633] ACPI: PCI Interrupt Link [LNKB] enabled at IRQ 11
[    1.337666] virtio-pci 0000:00:06.0: virtio_pci: leaving for legacy driver
[    1.341953] virtio-pci 0000:00:05.0: irq 24 for MSI/MSI-X
[    1.341983] virtio-pci 0000:00:05.0: irq 25 for MSI/MSI-X
[    1.343111]  vda: vda1
[    1.345066] virtio-pci 0000:00:03.0: irq 26 for MSI/MSI-X
[    1.345090] virtio-pci 0000:00:03.0: irq 27 for MSI/MSI-X
[    1.345116] virtio-pci 0000:00:03.0: irq 28 for MSI/MSI-X
[    1.348112] virtio-pci 0000:00:04.0: irq 29 for MSI/MSI-X
[    1.348138] virtio-pci 0000:00:04.0: irq 30 for MSI/MSI-X
[    1.450801] random: fast init done
[    1.498161] EXT4-fs (vda1): mounted filesystem with ordered data mode. Opts: (null)
[    1.754872] tsc: Refined TSC clocksource calibration: 2494.190 MHz
[    1.769462] systemd-journald[96]: Received SIGTERM from PID 1 (systemd).
[    2.171020] SELinux:  Disabled at runtime.
[    2.171041] SELinux:  Unregistering netfilter hooks
[    2.212833] type=1404 audit(1523358706.876:2): selinux=0 auid=4294967295 ses=4294967295
[    2.244911] systemd[1]: RTC configured in localtime, applying delta of 480 minutes to system time.
[    2.477719] ip_tables: (C) 2000-2006 Netfilter Core Team
[    2.477774] systemd[1]: Inserted module 'ip_tables'
[    3.933685] EXT4-fs (vda1): re-mounted. Opts: (null)
[    4.064800] systemd-journald[336]: Received request to flush runtime journal from PID 1
[    4.389241] input: PC Speaker as /devices/platform/pcspkr/input/input5
[    4.406315] piix4_smbus 0000:00:01.3: SMBus Host Controller at 0x700, revision 0
[    4.435053] ppdev: user-space parallel port driver
[    4.497548] AES CTR mode by8 optimization enabled
[    4.501157] alg: No test for __gcm-aes-aesni (__driver-gcm-aes-aesni)
[    4.517834] alg: No test for crc32 (crc32-pclmul)
[    4.640529] EDAC MC: Ver: 3.0.0
[    4.651341] EDAC sbridge: Seeking for: PCI ID 8086:6fa0
[    4.651345] EDAC sbridge:  Ver: 1.1.1 
[    4.664890] type=1305 audit(1523329909.327:3): audit_pid=454 old=0 auid=4294967295 ses=4294967295 res=1
[   38.614677] random: crng init done
[ 1199.525312] nr_pdflush_threads exported in /proc is scheduled for removal
