[    0.000000] Initializing cgroup subsys cpuset
[    0.000000] Initializing cgroup subsys cpu
[    0.000000] Initializing cgroup subsys cpuacct
[    0.000000] Linux version 3.10.0-693.11.1.el7.x86_64 (builder@kbuilder.dev.centos.org) (gcc version 4.8.5 20150623 (Red Hat 4.8.5-16) (GCC) ) #1 SMP Mon Dec 4 23:52:40 UTC 2017
[    0.000000] Command line: BOOT_IMAGE=/vmlinuz-3.10.0-693.11.1.el7.x86_64 root=UUID=27f9be47-838b-4155-b20b-e4c5e013cdf3 ro crashkernel=auto rhgb quiet LANG=en_US.UTF-8
[    0.000000] e820: BIOS-provided physical RAM map:
[    0.000000] BIOS-e820: [mem 0x0000000000000000-0x000000000009fbff] usable
[    0.000000] BIOS-e820: [mem 0x000000000009fc00-0x000000000009ffff] reserved
[    0.000000] BIOS-e820: [mem 0x00000000000f0000-0x00000000000fffff] reserved
[    0.000000] BIOS-e820: [mem 0x0000000000100000-0x00000000bff7ffff] usable
[    0.000000] BIOS-e820: [mem 0x00000000bff80000-0x00000000bfffffff] reserved
[    0.000000] BIOS-e820: [mem 0x00000000feffc000-0x00000000feffffff] reserved
[    0.000000] BIOS-e820: [mem 0x00000000fffc0000-0x00000000ffffffff] reserved
[    0.000000] BIOS-e820: [mem 0x0000000100000000-0x000000013fffffff] usable
[    0.000000] NX (Execute Disable) protection: active
[    0.000000] SMBIOS 2.8 present.
[    0.000000] DMI: OpenStack Foundation OpenStack Nova, BIOS rel-1.10.2-0-g5f4c7b1-20171204_045449-build10b184b49b19 04/01/2014
[    0.000000] Hypervisor detected: KVM
[    0.000000] e820: update [mem 0x00000000-0x00000fff] usable ==> reserved
[    0.000000] e820: remove [mem 0x000a0000-0x000fffff] usable
[    0.000000] e820: last_pfn = 0x140000 max_arch_pfn = 0x400000000
[    0.000000] MTRR default type: write-back
[    0.000000] MTRR fixed ranges enabled:
[    0.000000]   00000-9FFFF write-back
[    0.000000]   A0000-BFFFF uncachable
[    0.000000]   C0000-FFFFF write-protect
[    0.000000] MTRR variable ranges enabled:
[    0.000000]   0 base 000C0000000 mask 3FFC0000000 uncachable
[    0.000000]   1 disabled
[    0.000000]   2 disabled
[    0.000000]   3 disabled
[    0.000000]   4 disabled
[    0.000000]   5 disabled
[    0.000000]   6 disabled
[    0.000000]   7 disabled
[    0.000000] x86 PAT enabled: cpu 0, old 0x7040600070406, new 0x7010600070106
[    0.000000] e820: last_pfn = 0xbff80 max_arch_pfn = 0x400000000
[    0.000000] found SMP MP-table at [mem 0x000f6aa0-0x000f6aaf] mapped at [ffff8800000f6aa0]
[    0.000000] Base memory trampoline at [ffff880000099000] 99000 size 24576
[    0.000000] Using GB pages for direct mapping
[    0.000000] BRK [0x01fe9000, 0x01fe9fff] PGTABLE
[    0.000000] BRK [0x01fea000, 0x01feafff] PGTABLE
[    0.000000] BRK [0x01feb000, 0x01febfff] PGTABLE
[    0.000000] RAMDISK: [mem 0x35e30000-0x36f0ffff]
[    0.000000] Early table checksum verification disabled
[    0.000000] ACPI: RSDP 00000000000f6850 00014 (v00 BOCHS )
[    0.000000] ACPI: RSDT 00000000bffe199f 00030 (v01 BOCHS  BXPCRSDT 00000001 BXPC 00000001)
[    0.000000] ACPI: FACP 00000000bffe17e3 00074 (v01 BOCHS  BXPCFACP 00000001 BXPC 00000001)
[    0.000000] ACPI: DSDT 00000000bffe0040 017A3 (v01 BOCHS  BXPCDSDT 00000001 BXPC 00000001)
[    0.000000] ACPI: FACS 00000000bffe0000 00040
[    0.000000] ACPI: APIC 00000000bffe1857 00080 (v01 BOCHS  BXPCAPIC 00000001 BXPC 00000001)
[    0.000000] ACPI: SRAT 00000000bffe18d7 000C8 (v01 BOCHS  BXPCSRAT 00000001 BXPC 00000001)
[    0.000000] ACPI: Local APIC address 0xfee00000
[    0.000000] SRAT: PXM 0 -> APIC 0x00 -> Node 0
[    0.000000] SRAT: PXM 0 -> APIC 0x01 -> Node 0
[    0.000000] SRAT: Node 0 PXM 0 [mem 0x00000000-0x0009ffff]
[    0.000000] SRAT: Node 0 PXM 0 [mem 0x00100000-0xbfffffff]
[    0.000000] SRAT: Node 0 PXM 0 [mem 0x100000000-0x13fffffff]
[    0.000000] NUMA: Node 0 [mem 0x00000000-0x0009ffff] + [mem 0x00100000-0xbfffffff] -> [mem 0x00000000-0xbfffffff]
[    0.000000] NUMA: Node 0 [mem 0x00000000-0xbfffffff] + [mem 0x100000000-0x13fffffff] -> [mem 0x00000000-0x13fffffff]
[    0.000000] NODE_DATA(0) allocated [mem 0x13ffd7000-0x13fffdfff]
[    0.000000] Reserving 161MB of memory at 688MB for crashkernel (System RAM: 4095MB)
[    0.000000] kvm-clock: Using msrs 4b564d01 and 4b564d00
[    0.000000] kvm-clock: cpu 0, msr 1:3ff87001, primary cpu clock
[    0.000000] kvm-clock: using sched offset of 7814979851 cycles
[    0.000000] Zone ranges:
[    0.000000]   DMA      [mem 0x00001000-0x00ffffff]
[    0.000000]   DMA32    [mem 0x01000000-0xffffffff]
[    0.000000]   Normal   [mem 0x100000000-0x13fffffff]
[    0.000000] Movable zone start for each node
[    0.000000] Early memory node ranges
[    0.000000]   node   0: [mem 0x00001000-0x0009efff]
[    0.000000]   node   0: [mem 0x00100000-0xbff7ffff]
[    0.000000]   node   0: [mem 0x100000000-0x13fffffff]
[    0.000000] Initmem setup node 0 [mem 0x00001000-0x13fffffff]
[    0.000000] On node 0 totalpages: 1048350
[    0.000000]   DMA zone: 64 pages used for memmap
[    0.000000]   DMA zone: 21 pages reserved
[    0.000000]   DMA zone: 3998 pages, LIFO batch:0
[    0.000000]   DMA32 zone: 12222 pages used for memmap
[    0.000000]   DMA32 zone: 782208 pages, LIFO batch:31
[    0.000000]   Normal zone: 4096 pages used for memmap
[    0.000000]   Normal zone: 262144 pages, LIFO batch:31
[    0.000000] ACPI: PM-Timer IO Port: 0x608
[    0.000000] ACPI: Local APIC address 0xfee00000
[    0.000000] ACPI: LAPIC (acpi_id[0x00] lapic_id[0x00] enabled)
[    0.000000] ACPI: LAPIC (acpi_id[0x01] lapic_id[0x01] enabled)
[    0.000000] ACPI: LAPIC_NMI (acpi_id[0xff] dfl dfl lint[0x1])
[    0.000000] ACPI: IOAPIC (id[0x00] address[0xfec00000] gsi_base[0])
[    0.000000] IOAPIC[0]: apic_id 0, version 17, address 0xfec00000, GSI 0-23
[    0.000000] ACPI: INT_SRC_OVR (bus 0 bus_irq 0 global_irq 2 dfl dfl)
[    0.000000] ACPI: INT_SRC_OVR (bus 0 bus_irq 5 global_irq 5 high level)
[    0.000000] ACPI: INT_SRC_OVR (bus 0 bus_irq 9 global_irq 9 high level)
[    0.000000] ACPI: INT_SRC_OVR (bus 0 bus_irq 10 global_irq 10 high level)
[    0.000000] ACPI: INT_SRC_OVR (bus 0 bus_irq 11 global_irq 11 high level)
[    0.000000] ACPI: IRQ0 used by override.
[    0.000000] ACPI: IRQ5 used by override.
[    0.000000] ACPI: IRQ9 used by override.
[    0.000000] ACPI: IRQ10 used by override.
[    0.000000] ACPI: IRQ11 used by override.
[    0.000000] Using ACPI (MADT) for SMP configuration information
[    0.000000] smpboot: Allowing 2 CPUs, 0 hotplug CPUs
[    0.000000] PM: Registered nosave memory: [mem 0x0009f000-0x0009ffff]
[    0.000000] PM: Registered nosave memory: [mem 0x000a0000-0x000effff]
[    0.000000] PM: Registered nosave memory: [mem 0x000f0000-0x000fffff]
[    0.000000] PM: Registered nosave memory: [mem 0xbff80000-0xbfffffff]
[    0.000000] PM: Registered nosave memory: [mem 0xc0000000-0xfeffbfff]
[    0.000000] PM: Registered nosave memory: [mem 0xfeffc000-0xfeffffff]
[    0.000000] PM: Registered nosave memory: [mem 0xff000000-0xfffbffff]
[    0.000000] PM: Registered nosave memory: [mem 0xfffc0000-0xffffffff]
[    0.000000] e820: [mem 0xc0000000-0xfeffbfff] available for PCI devices
[    0.000000] Booting paravirtualized kernel on KVM
[    0.000000] setup_percpu: NR_CPUS:5120 nr_cpumask_bits:2 nr_cpu_ids:2 nr_node_ids:1
[    0.000000] PERCPU: Embedded 33 pages/cpu @ffff88013fc00000 s97048 r8192 d29928 u1048576
[    0.000000] pcpu-alloc: s97048 r8192 d29928 u1048576 alloc=1*2097152
[    0.000000] pcpu-alloc: [0] 0 1 
[    0.000000] KVM setup async PF for cpu 0
[    0.000000] kvm-stealtime: cpu 0, msr 13fc0f440
[    0.000000] PV qspinlock hash table entries: 256 (order: 0, 4096 bytes)
[    0.000000] Built 1 zonelists in Node order, mobility grouping on.  Total pages: 1031947
[    0.000000] Policy zone: Normal
[    0.000000] Kernel command line: BOOT_IMAGE=/vmlinuz-3.10.0-693.11.1.el7.x86_64 root=UUID=27f9be47-838b-4155-b20b-e4c5e013cdf3 ro crashkernel=auto rhgb quiet LANG=en_US.UTF-8
[    0.000000] PID hash table entries: 4096 (order: 3, 32768 bytes)
[    0.000000] x86/fpu: xstate_offset[2]: 0240, xstate_sizes[2]: 0100
[    0.000000] xsave: enabled xstate_bv 0x7, cntxt size 0x340 using standard form
[    0.000000] Memory: 3862240k/5242880k available (6886k kernel code, 1049480k absent, 331160k reserved, 4545k data, 1764k init)
[    0.000000] SLUB: HWalign=64, Order=0-3, MinObjects=0, CPUs=2, Nodes=1
[    0.000000] Hierarchical RCU implementation.
[    0.000000] 	RCU restricting CPUs from NR_CPUS=5120 to nr_cpu_ids=2.
[    0.000000] NR_IRQS:327936 nr_irqs:440 0
[    0.000000] Console: colour VGA+ 80x25
[    0.000000] console [tty0] enabled
[    0.000000] allocated 16777216 bytes of page_cgroup
[    0.000000] please try 'cgroup_disable=memory' option if you don't want memory cgroups
[    0.000000] tsc: Detected 2394.454 MHz processor
[    0.079050] Calibrating delay loop (skipped) preset value.. 4788.90 BogoMIPS (lpj=2394454)
[    0.079053] pid_max: default: 32768 minimum: 301
[    0.079070] Security Framework initialized
[    0.079076] SELinux:  Initializing.
[    0.079085] SELinux:  Starting in permissive mode
[    0.079085] Yama: becoming mindful.
[    0.079338] Dentry cache hash table entries: 524288 (order: 10, 4194304 bytes)
[    0.080004] Inode-cache hash table entries: 262144 (order: 9, 2097152 bytes)
[    0.080270] Mount-cache hash table entries: 8192 (order: 4, 65536 bytes)
[    0.080274] Mountpoint-cache hash table entries: 8192 (order: 4, 65536 bytes)
[    0.080431] Initializing cgroup subsys memory
[    0.080436] Initializing cgroup subsys devices
[    0.080438] Initializing cgroup subsys freezer
[    0.080439] Initializing cgroup subsys net_cls
[    0.080440] Initializing cgroup subsys blkio
[    0.080441] Initializing cgroup subsys perf_event
[    0.080442] Initializing cgroup subsys hugetlb
[    0.080443] Initializing cgroup subsys pids
[    0.080444] Initializing cgroup subsys net_prio
[    0.080495] CPU: Physical Processor ID: 0
[    0.081252] mce: CPU supports 10 MCE banks
[    0.081300] Last level iTLB entries: 4KB 0, 2MB 0, 4MB 0
[    0.081302] Last level dTLB entries: 4KB 0, 2MB 0, 4MB 0
[    0.081303] tlb_flushall_shift: 6
[    0.082789] Freeing SMP alternatives: 24k freed
[    0.088857] ACPI: Core revision 20130517
[    0.089432] ACPI: All ACPI Tables successfully acquired
[    0.089462] ftrace: allocating 26586 entries in 104 pages
[    0.115778] smpboot: Max logical packages: 2
[    0.115969] Enabling x2apic
[    0.115976] Enabled x2apic
[    0.116181] Switched APIC routing to physical x2apic.
[    0.117118] ..TIMER: vector=0x30 apic1=0 pin1=2 apic2=-1 pin2=-1
[    0.117120] smpboot: CPU0: Intel(R) Xeon(R) CPU E5-2680 v4 @ 2.40GHz (fam: 06, model: 4f, stepping: 01)
[    0.117131] TSC deadline timer enabled
[    0.117138] Performance Events: 16-deep LBR, Broadwell events, Intel PMU driver.
[    0.117180] ... version:                2
[    0.117181] ... bit width:              48
[    0.117182] ... generic registers:      4
[    0.117183] ... value mask:             0000ffffffffffff
[    0.117183] ... max period:             000000007fffffff
[    0.117184] ... fixed-purpose events:   3
[    0.117185] ... event mask:             000000070000000f
[    0.117202] KVM setup paravirtual spinlock
[    0.118293] smpboot: Booting Node   0, Processors  #1 OK
[    0.118496] kvm-clock: cpu 1, msr 1:3ff87041, secondary cpu clock
[    0.121397] Brought up 2 CPUs
[    0.121399] smpboot: Total of 2 processors activated (9577.81 BogoMIPS)
[    0.121400] KVM setup async PF for cpu 1
[    0.121405] kvm-stealtime: cpu 1, msr 13fd0f440
[    0.121983] devtmpfs: initialized
[    0.123583] EVM: security.selinux
[    0.123584] EVM: security.ima
[    0.123585] EVM: security.capability
[    0.124291] atomic64 test passed for x86-64 platform with CX8 and with SSE
[    0.124293] pinctrl core: initialized pinctrl subsystem
[    0.124373] RTC time:  1:35:37, date: 04/08/18
[    0.124463] NET: Registered protocol family 16
[    0.124639] ACPI: bus type PCI registered
[    0.124640] acpiphp: ACPI Hot Plug PCI Controller Driver version: 0.5
[    0.124729] PCI: Using configuration type 1 for base access
[    0.128677] ACPI: Added _OSI(Module Device)
[    0.128679] ACPI: Added _OSI(Processor Device)
[    0.128680] ACPI: Added _OSI(3.0 _SCP Extensions)
[    0.128681] ACPI: Added _OSI(Processor Aggregator Device)
[    0.129075] ACPI: EC: Look up EC in DSDT
[    0.131000] ACPI: Interpreter enabled
[    0.131011] ACPI: (supports S0 S3 S4 S5)
[    0.131012] ACPI: Using IOAPIC for interrupt routing
[    0.131021] PCI: Using host bridge windows from ACPI; if necessary, use "pci=nocrs" and report a bug
[    0.132946] ACPI: PCI Root Bridge [PCI0] (domain 0000 [bus 00-ff])
[    0.132950] acpi PNP0A03:00: _OSC: OS supports [ASPM ClockPM Segments MSI]
[    0.132953] acpi PNP0A03:00: _OSC failed (AE_NOT_FOUND); disabling ASPM
[    0.132962] acpi PNP0A03:00: fail to add MMCONFIG information, can't access extended PCI configuration space under this bridge.
[    0.133150] acpiphp: Slot [3] registered
[    0.133164] acpiphp: Slot [4] registered
[    0.133178] acpiphp: Slot [5] registered
[    0.133191] acpiphp: Slot [6] registered
[    0.133205] acpiphp: Slot [7] registered
[    0.133218] acpiphp: Slot [8] registered
[    0.133230] acpiphp: Slot [9] registered
[    0.133249] acpiphp: Slot [10] registered
[    0.133263] acpiphp: Slot [11] registered
[    0.133276] acpiphp: Slot [12] registered
[    0.133289] acpiphp: Slot [13] registered
[    0.133302] acpiphp: Slot [14] registered
[    0.133317] acpiphp: Slot [15] registered
[    0.133330] acpiphp: Slot [16] registered
[    0.133346] acpiphp: Slot [17] registered
[    0.133360] acpiphp: Slot [18] registered
[    0.133373] acpiphp: Slot [19] registered
[    0.133385] acpiphp: Slot [20] registered
[    0.133398] acpiphp: Slot [21] registered
[    0.133411] acpiphp: Slot [22] registered
[    0.133424] acpiphp: Slot [23] registered
[    0.133440] acpiphp: Slot [24] registered
[    0.133453] acpiphp: Slot [25] registered
[    0.133466] acpiphp: Slot [26] registered
[    0.133479] acpiphp: Slot [27] registered
[    0.133492] acpiphp: Slot [28] registered
[    0.133505] acpiphp: Slot [29] registered
[    0.133518] acpiphp: Slot [30] registered
[    0.133533] acpiphp: Slot [31] registered
[    0.133543] PCI host bridge to bus 0000:00
[    0.133545] pci_bus 0000:00: root bus resource [bus 00-ff]
[    0.133547] pci_bus 0000:00: root bus resource [io  0x0000-0x0cf7 window]
[    0.133548] pci_bus 0000:00: root bus resource [io  0x0d00-0xffff window]
[    0.133549] pci_bus 0000:00: root bus resource [mem 0x000a0000-0x000bffff window]
[    0.133551] pci_bus 0000:00: root bus resource [mem 0xc0000000-0xfebfffff window]
[    0.133579] pci 0000:00:00.0: [8086:1237] type 00 class 0x060000
[    0.133874] pci 0000:00:01.0: [8086:7000] type 00 class 0x060100
[    0.134283] pci 0000:00:01.1: [8086:7010] type 00 class 0x010180
[    0.141276] pci 0000:00:01.1: reg 0x20: [io  0xc100-0xc10f]
[    0.143769] pci 0000:00:01.1: legacy IDE quirk: reg 0x10: [io  0x01f0-0x01f7]
[    0.143771] pci 0000:00:01.1: legacy IDE quirk: reg 0x14: [io  0x03f6]
[    0.143772] pci 0000:00:01.1: legacy IDE quirk: reg 0x18: [io  0x0170-0x0177]
[    0.143773] pci 0000:00:01.1: legacy IDE quirk: reg 0x1c: [io  0x0376]
[    0.143990] pci 0000:00:01.2: [8086:7020] type 00 class 0x0c0300
[    0.149469] pci 0000:00:01.2: reg 0x20: [io  0xc0c0-0xc0df]
[    0.152142] pci 0000:00:01.3: [8086:7113] type 00 class 0x068000
[    0.152443] pci 0000:00:01.3: quirk: [io  0x0600-0x063f] claimed by PIIX4 ACPI
[    0.152451] pci 0000:00:01.3: quirk: [io  0x0700-0x070f] claimed by PIIX4 SMB
[    0.152613] pci 0000:00:02.0: [1013:00b8] type 00 class 0x030000
[    0.155374] pci 0000:00:02.0: reg 0x10: [mem 0xfc000000-0xfdffffff pref]
[    0.158795] pci 0000:00:02.0: reg 0x14: [mem 0xfebd0000-0xfebd0fff]
[    0.171416] pci 0000:00:02.0: reg 0x30: [mem 0xfebc0000-0xfebcffff pref]
[    0.171830] pci 0000:00:03.0: [1af4:1000] type 00 class 0x020000
[    0.174884] pci 0000:00:03.0: reg 0x10: [io  0xc000-0xc03f]
[    0.177875] pci 0000:00:03.0: reg 0x14: [mem 0xfebd1000-0xfebd1fff]
[    0.188536] pci 0000:00:03.0: reg 0x20: [mem 0xfe000000-0xfe003fff 64bit pref]
[    0.191826] pci 0000:00:03.0: reg 0x30: [mem 0xfeb80000-0xfebbffff pref]
[    0.192506] pci 0000:00:04.0: [1af4:1003] type 00 class 0x078000
[    0.195508] pci 0000:00:04.0: reg 0x10: [io  0xc040-0xc07f]
[    0.198507] pci 0000:00:04.0: reg 0x14: [mem 0xfebd2000-0xfebd2fff]
[    0.208794] pci 0000:00:04.0: reg 0x20: [mem 0xfe004000-0xfe007fff 64bit pref]
[    0.212803] pci 0000:00:05.0: [1af4:1001] type 00 class 0x010000
[    0.215820] pci 0000:00:05.0: reg 0x10: [io  0xc080-0xc0bf]
[    0.218776] pci 0000:00:05.0: reg 0x14: [mem 0xfebd3000-0xfebd3fff]
[    0.229071] pci 0000:00:05.0: reg 0x20: [mem 0xfe008000-0xfe00bfff 64bit pref]
[    0.233041] pci 0000:00:06.0: [1af4:1002] type 00 class 0x00ff00
[    0.235159] pci 0000:00:06.0: reg 0x10: [io  0xc0e0-0xc0ff]
[    0.243469] pci 0000:00:06.0: reg 0x20: [mem 0xfe00c000-0xfe00ffff 64bit pref]
[    0.247660] ACPI: PCI Interrupt Link [LNKA] (IRQs 5 *10 11)
[    0.247734] ACPI: PCI Interrupt Link [LNKB] (IRQs 5 *10 11)
[    0.247803] ACPI: PCI Interrupt Link [LNKC] (IRQs 5 10 *11)
[    0.247871] ACPI: PCI Interrupt Link [LNKD] (IRQs 5 10 *11)
[    0.247905] ACPI: PCI Interrupt Link [LNKS] (IRQs *9)
[    0.248060] ACPI: Enabled 3 GPEs in block 00 to 0F
[    0.248191] vgaarb: device added: PCI:0000:00:02.0,decodes=io+mem,owns=io+mem,locks=none
[    0.248193] vgaarb: loaded
[    0.248194] vgaarb: bridge control possible 0000:00:02.0
[    0.248263] SCSI subsystem initialized
[    0.248284] ACPI: bus type USB registered
[    0.248298] usbcore: registered new interface driver usbfs
[    0.248303] usbcore: registered new interface driver hub
[    0.248328] usbcore: registered new device driver usb
[    0.248422] PCI: Using ACPI for IRQ routing
[    0.248424] PCI: pci_cache_line_size set to 64 bytes
[    0.248549] e820: reserve RAM buffer [mem 0x0009fc00-0x0009ffff]
[    0.248551] e820: reserve RAM buffer [mem 0xbff80000-0xbfffffff]
[    0.248635] NetLabel: Initializing
[    0.248636] NetLabel:  domain hash size = 128
[    0.248637] NetLabel:  protocols = UNLABELED CIPSOv4
[    0.248649] NetLabel:  unlabeled traffic allowed by default
[    0.248677] amd_nb: Cannot enumerate AMD northbridges
[    0.248696] Switched to clocksource kvm-clock
[    0.252878] pnp: PnP ACPI init
[    0.252885] ACPI: bus type PNP registered
[    0.252940] pnp 00:00: Plug and Play ACPI device, IDs PNP0b00 (active)
[    0.252976] pnp 00:01: Plug and Play ACPI device, IDs PNP0303 (active)
[    0.253009] pnp 00:02: Plug and Play ACPI device, IDs PNP0f13 (active)
[    0.253027] pnp 00:03: [dma 2]
[    0.253035] pnp 00:03: Plug and Play ACPI device, IDs PNP0700 (active)
[    0.253103] pnp 00:04: Plug and Play ACPI device, IDs PNP0501 (active)
[    0.253240] pnp: PnP ACPI: found 5 devices
[    0.253241] ACPI: bus type PNP unregistered
[    0.259402] pci_bus 0000:00: resource 4 [io  0x0000-0x0cf7 window]
[    0.259404] pci_bus 0000:00: resource 5 [io  0x0d00-0xffff window]
[    0.259405] pci_bus 0000:00: resource 6 [mem 0x000a0000-0x000bffff window]
[    0.259406] pci_bus 0000:00: resource 7 [mem 0xc0000000-0xfebfffff window]
[    0.259430] NET: Registered protocol family 2
[    0.259593] TCP established hash table entries: 32768 (order: 6, 262144 bytes)
[    0.259655] TCP bind hash table entries: 32768 (order: 7, 524288 bytes)
[    0.259731] TCP: Hash tables configured (established 32768 bind 32768)
[    0.259763] TCP: reno registered
[    0.259769] UDP hash table entries: 2048 (order: 4, 65536 bytes)
[    0.259781] UDP-Lite hash table entries: 2048 (order: 4, 65536 bytes)
[    0.259824] NET: Registered protocol family 1
[    0.259834] pci 0000:00:00.0: Limiting direct PCI/PCI transfers
[    0.259855] pci 0000:00:01.0: PIIX3: Enabling Passive Release
[    0.259872] pci 0000:00:01.0: Activating ISA DMA hang workarounds
[    0.282622] ACPI: PCI Interrupt Link [LNKD] enabled at IRQ 11
[    0.305862] pci 0000:00:02.0: Boot video device
[    0.305897] PCI: CLS 0 bytes, default 64
[    0.305927] Unpacking initramfs...
[    0.504227] Freeing initrd memory: 17280k freed
[    0.507568] PCI-DMA: Using software bounce buffering for IO (SWIOTLB)
[    0.507571] software IO TLB [mem 0xbbf80000-0xbff80000] (64MB) mapped at [ffff8800bbf80000-ffff8800bff7ffff]
[    0.507612] RAPL PMU: API unit is 2^-32 Joules, 4 fixed counters, 10737418240 ms ovfl timer
[    0.507613] RAPL PMU: hw unit of domain pp0-core 2^-0 Joules
[    0.507614] RAPL PMU: hw unit of domain package 2^-0 Joules
[    0.507615] RAPL PMU: hw unit of domain dram 2^-0 Joules
[    0.507615] RAPL PMU: hw unit of domain pp1-gpu 2^-0 Joules
[    0.507997] sha1_ssse3: Using AVX optimized SHA-1 implementation
[    0.508045] sha256_ssse3: Using AVX2 optimized SHA-256 implementation
[    0.508257] futex hash table entries: 512 (order: 3, 32768 bytes)
[    0.508268] Initialise system trusted keyring
[    0.508286] audit: initializing netlink socket (disabled)
[    0.508295] type=2000 audit(1523151339.063:1): initialized
[    0.527648] HugeTLB registered 1 GB page size, pre-allocated 0 pages
[    0.527650] HugeTLB registered 2 MB page size, pre-allocated 0 pages
[    0.528437] zpool: loaded
[    0.528439] zbud: loaded
[    0.528563] VFS: Disk quotas dquot_6.5.2
[    0.528583] Dquot-cache hash table entries: 512 (order 0, 4096 bytes)
[    0.528733] msgmni has been set to 7577
[    0.528775] Key type big_key registered
[    0.528778] SELinux:  Registering netfilter hooks
[    0.529462] NET: Registered protocol family 38
[    0.529466] Key type asymmetric registered
[    0.529468] Asymmetric key parser 'x509' registered
[    0.529490] Block layer SCSI generic (bsg) driver version 0.4 loaded (major 250)
[    0.529516] io scheduler noop registered
[    0.529518] io scheduler deadline registered (default)
[    0.529545] io scheduler cfq registered
[    0.529631] pci_hotplug: PCI Hot Plug PCI Core version: 0.5
[    0.529635] pciehp: PCI Express Hot Plug Controller Driver version: 0.4
[    0.529686] intel_idle: does not run on family 6 model 79
[    0.529746] input: Power Button as /devices/LNXSYSTM:00/LNXPWRBN:00/input/input0
[    0.529749] ACPI: Power Button [PWRF]
[    0.529890] GHES: HEST is not enabled!
[    0.529939] Serial: 8250/16550 driver, 4 ports, IRQ sharing enabled
[    0.553987] 00:04: ttyS0 at I/O 0x3f8 (irq = 4) is a 16550A
[    0.554345] Non-volatile memory driver v1.3
[    0.554370] Linux agpgart interface v0.103
[    0.554475] crash memory driver: version 1.1
[    0.554518] rdac: device handler registered
[    0.554548] hp_sw: device handler registered
[    0.554550] emc: device handler registered
[    0.554552] alua: device handler registered
[    0.554577] libphy: Fixed MDIO Bus: probed
[    0.554606] ehci_hcd: USB 2.0 'Enhanced' Host Controller (EHCI) Driver
[    0.554611] ehci-pci: EHCI PCI platform driver
[    0.554617] ohci_hcd: USB 1.1 'Open' Host Controller (OHCI) Driver
[    0.554621] ohci-pci: OHCI PCI platform driver
[    0.554632] uhci_hcd: USB Universal Host Controller Interface driver
[    0.577881] uhci_hcd 0000:00:01.2: UHCI Host Controller
[    0.577924] uhci_hcd 0000:00:01.2: new USB bus registered, assigned bus number 1
[    0.577942] uhci_hcd 0000:00:01.2: detected 2 ports
[    0.578020] uhci_hcd 0000:00:01.2: irq 11, io base 0x0000c0c0
[    0.578086] usb usb1: New USB device found, idVendor=1d6b, idProduct=0001
[    0.578087] usb usb1: New USB device strings: Mfr=3, Product=2, SerialNumber=1
[    0.578088] usb usb1: Product: UHCI Host Controller
[    0.578089] usb usb1: Manufacturer: Linux 3.10.0-693.11.1.el7.x86_64 uhci_hcd
[    0.578091] usb usb1: SerialNumber: 0000:00:01.2
[    0.578178] hub 1-0:1.0: USB hub found
[    0.578183] hub 1-0:1.0: 2 ports detected
[    0.578287] usbcore: registered new interface driver usbserial
[    0.578291] usbcore: registered new interface driver usbserial_generic
[    0.578295] usbserial: USB Serial support registered for generic
[    0.578319] i8042: PNP: PS/2 Controller [PNP0303:KBD,PNP0f13:MOU] at 0x60,0x64 irq 1,12
[    0.578901] serio: i8042 KBD port at 0x60,0x64 irq 1
[    0.578906] serio: i8042 AUX port at 0x60,0x64 irq 12
[    0.578982] mousedev: PS/2 mouse device common for all mice
[    0.579200] input: AT Translated Set 2 keyboard as /devices/platform/i8042/serio0/input/input1
[    0.579464] rtc_cmos 00:00: RTC can wake from S4
[    0.579863] input: VirtualPS/2 VMware VMMouse as /devices/platform/i8042/serio1/input/input2
[    0.579978] rtc_cmos 00:00: rtc core: registered rtc_cmos as rtc0
[    0.580095] rtc_cmos 00:00: alarms up to one day, y3k, 114 bytes nvram
[    0.580145] input: VirtualPS/2 VMware VMMouse as /devices/platform/i8042/serio1/input/input3
[    0.580149] cpuidle: using governor menu
[    0.580211] hidraw: raw HID events driver (C) Jiri Kosina
[    0.580293] usbcore: registered new interface driver usbhid
[    0.580294] usbhid: USB HID core driver
[    0.580316] drop_monitor: Initializing network drop monitor service
[    0.580371] TCP: cubic registered
[    0.580375] Initializing XFRM netlink socket
[    0.580441] NET: Registered protocol family 10
[    0.580620] NET: Registered protocol family 17
[    0.580747] microcode: CPU0 sig=0x406f1, pf=0x1, revision=0x1
[    0.580752] microcode: CPU1 sig=0x406f1, pf=0x1, revision=0x1
[    0.580780] microcode: Microcode Update Driver: v2.01 <tigran@aivazian.fsnet.co.uk>, Peter Oruba
[    0.580876] PM: Hibernation image not present or could not be loaded.
[    0.580878] Loading compiled-in X.509 certificates
[    0.580893] Loaded X.509 cert 'CentOS Linux kpatch signing key: ea0413152cde1d98ebdca3fe6f0230904c9ef717'
[    0.580901] Loaded X.509 cert 'CentOS Linux Driver update signing key: 7f421ee0ab69461574bb358861dbe77762a4201b'
[    0.581271] Loaded X.509 cert 'CentOS Linux kernel signing key: 61b8e87b841184f62f80d60779ab692a49d83baf'
[    0.581284] registered taskstats version 1
[    0.582787] Key type trusted registered
[    0.584146] Key type encrypted registered
[    0.585390] IMA: No TPM chip found, activating TPM-bypass!
[    0.585733]   Magic number: 14:718:558
[    0.585744] misc vga_arbiter: hash matches
[    0.585824] rtc_cmos 00:00: setting system clock to 2018-04-08 01:35:38 UTC (1523151338)
[    0.586352] Freeing unused kernel memory: 1764k freed
[    0.588596] random: systemd: uninitialized urandom read (16 bytes read)
[    0.588819] random: systemd: uninitialized urandom read (16 bytes read)
[    0.588828] random: systemd: uninitialized urandom read (16 bytes read)
[    0.589731] systemd[1]: systemd 219 running in system mode. (+PAM +AUDIT +SELINUX +IMA -APPARMOR +SMACK +SYSVINIT +UTMP +LIBCRYPTSETUP +GCRYPT +GNUTLS +ACL +XZ -LZ4 -SECCOMP +BLKID +ELFUTILS +KMOD +IDN)
[    0.589747] systemd[1]: Detected virtualization kvm.
[    0.589750] systemd[1]: Detected architecture x86-64.
[    0.589752] systemd[1]: Running in initial RAM disk.
[    0.589772] systemd[1]: Set hostname to <ecs-centos74-test.novalocal>.
[    0.609441] random: systemd: uninitialized urandom read (16 bytes read)
[    0.609456] random: systemd: uninitialized urandom read (16 bytes read)
[    0.609481] random: systemd: uninitialized urandom read (16 bytes read)
[    0.609520] random: systemd: uninitialized urandom read (16 bytes read)
[    0.609931] random: systemd: uninitialized urandom read (16 bytes read)
[    0.610020] random: systemd: uninitialized urandom read (16 bytes read)
[    0.610143] random: systemd: uninitialized urandom read (16 bytes read)
[    0.612656] systemd[1]: Reached target Swap.
[    0.612665] systemd[1]: Starting Swap.
[    0.612673] systemd[1]: Reached target Timers.
[    0.612677] systemd[1]: Starting Timers.
[    0.612684] systemd[1]: Reached target Local File Systems.
[    0.612688] systemd[1]: Starting Local File Systems.
[    0.612803] systemd[1]: Created slice Root Slice.
[    0.612808] systemd[1]: Starting Root Slice.
[    0.612866] systemd[1]: Created slice System Slice.
[    0.612872] systemd[1]: Starting System Slice.
[    0.612912] systemd[1]: Listening on Journal Socket.
[    0.612918] systemd[1]: Starting Journal Socket.
[    0.613283] systemd[1]: Starting Journal Service...
[    0.613608] systemd[1]: Starting Create list of required static device nodes for the current kernel...
[    0.613924] systemd[1]: Starting Setup Virtual Console...
[    0.613939] systemd[1]: Reached target Slices.
[    0.613947] systemd[1]: Starting Slices.
[    0.613983] systemd[1]: Listening on udev Control Socket.
[    0.613988] systemd[1]: Starting udev Control Socket.
[    0.614009] systemd[1]: Listening on udev Kernel Socket.
[    0.614013] systemd[1]: Starting udev Kernel Socket.
[    0.614022] systemd[1]: Reached target Sockets.
[    0.614026] systemd[1]: Starting Sockets.
[    0.614378] systemd[1]: Starting dracut cmdline hook...
[    0.614675] systemd[1]: Starting Apply Kernel Variables...
[    0.618394] systemd[1]: Started Create list of required static device nodes for the current kernel.
[    0.618825] systemd[1]: Starting Create Static Device Nodes in /dev...
[    0.619655] systemd[1]: Started Apply Kernel Variables.
[    0.625613] systemd[1]: Started Journal Service.
[    0.729522] FDC 0 is a S82078B
[    0.752004] libata version 3.00 loaded.
[    0.755792] [drm] Initialized
[    0.784825] ACPI: PCI Interrupt Link [LNKC] enabled at IRQ 10
[    0.786405] ata_piix 0000:00:01.1: version 2.13
[    0.787579] scsi host0: ata_piix
[    0.787631] scsi host1: ata_piix
[    0.787650] ata1: PATA max MWDMA2 cmd 0x1f0 ctl 0x3f6 bmdma 0xc100 irq 14
[    0.787651] ata2: PATA max MWDMA2 cmd 0x170 ctl 0x376 bmdma 0xc108 irq 15
[    0.787763] [TTM] Zone  kernel: Available graphics memory: 1940654 kiB
[    0.787763] [TTM] Initializing pool allocator
[    0.787765] [TTM] Initializing DMA pool allocator
[    0.788003] [drm] fb mappable at 0xFC000000
[    0.788003] [drm] vram aper at 0xFC000000
[    0.788004] [drm] size 33554432
[    0.788004] [drm] fb depth is 24
[    0.788004] [drm]    pitch is 3072
[    0.809065] fbcon: cirrusdrmfb (fb0) is primary device
[    0.827406] Console: switching to colour frame buffer device 128x48
[    0.836580] cirrus 0000:00:02.0: fb0: cirrusdrmfb frame buffer device
[    0.846719] [drm] Initialized cirrus 1.0.0 20110418 for 0000:00:02.0 on minor 0
[    0.880719] usb 1-1: new full-speed USB device number 2 using uhci_hcd
[    0.911793] ACPI: PCI Interrupt Link [LNKA] enabled at IRQ 10
[    0.935115] ACPI: PCI Interrupt Link [LNKB] enabled at IRQ 11
[    0.938574] virtio-pci 0000:00:05.0: irq 24 for MSI/MSI-X
[    0.938591] virtio-pci 0000:00:05.0: irq 25 for MSI/MSI-X
[    0.939973]  vda: vda1 vda2
[    0.942767] virtio-pci 0000:00:04.0: irq 26 for MSI/MSI-X
[    0.942806] virtio-pci 0000:00:04.0: irq 27 for MSI/MSI-X
[    0.944755] virtio-pci 0000:00:03.0: irq 28 for MSI/MSI-X
[    0.944776] virtio-pci 0000:00:03.0: irq 29 for MSI/MSI-X
[    0.944819] virtio-pci 0000:00:03.0: irq 30 for MSI/MSI-X
[    0.944835] virtio-pci 0000:00:03.0: irq 31 for MSI/MSI-X
[    0.944881] virtio-pci 0000:00:03.0: irq 32 for MSI/MSI-X
[    1.030582] usb 1-1: New USB device found, idVendor=0627, idProduct=0001
[    1.030585] usb 1-1: New USB device strings: Mfr=1, Product=3, SerialNumber=5
[    1.030587] usb 1-1: Product: QEMU USB Tablet
[    1.030588] usb 1-1: Manufacturer: QEMU
[    1.030589] usb 1-1: SerialNumber: 42
[    1.039755] input: QEMU QEMU USB Tablet as /devices/pci0000:00/0000:00:01.2/usb1/1-1/1-1:1.0/input/input4
[    1.039836] hid-generic 0003:0627:0001.0001: input,hidraw0: USB HID v0.01 Pointer [QEMU QEMU USB Tablet] on usb-0000:00:01.2-1/input0
[    1.378826] random: fast init done
[    1.381182] EXT4-fs (vda2): mounted filesystem with ordered data mode. Opts: (null)
[    1.507787] tsc: Refined TSC clocksource calibration: 2394.432 MHz
[    2.328049] systemd-journald[91]: Received SIGTERM from PID 1 (systemd).
[    5.247375] SELinux:  Disabled at runtime.
[    5.247396] SELinux:  Unregistering netfilter hooks
[    5.288707] type=1404 audit(1523151343.202:2): selinux=0 auid=4294967295 ses=4294967295
[    7.073455] ip_tables: (C) 2000-2006 Netfilter Core Team
[    7.073492] systemd[1]: Inserted module 'ip_tables'
[    9.895089] EXT4-fs (vda2): re-mounted. Opts: (null)
[    9.973575] systemd-journald[336]: Received request to flush runtime journal from PID 1
[   11.430415] ppdev: user-space parallel port driver
[   11.451135] piix4_smbus 0000:00:01.3: SMBus Host Controller at 0x700, revision 0
[   11.509744] input: PC Speaker as /devices/platform/pcspkr/input/input5
[   11.620002] EXT4-fs (vda1): mounted filesystem with ordered data mode. Opts: (null)
[   11.720271] AES CTR mode by8 optimization enabled
[   11.722089] alg: No test for __gcm-aes-aesni (__driver-gcm-aes-aesni)
[   11.726026] alg: No test for crc32 (crc32-pclmul)
[   11.738901] EDAC MC: Ver: 3.0.0
[   11.741547] EDAC sbridge: Seeking for: PCI ID 8086:6fa0
[   11.741550] EDAC sbridge:  Ver: 1.1.1 
[   38.340197] random: crng init done
[93784.840496] nr_pdflush_threads exported in /proc is scheduled for removal
