[    0.000000] Initializing cgroup subsys cpuset
[    0.000000] Initializing cgroup subsys cpu
[    0.000000] Initializing cgroup subsys cpuacct
[    0.000000] Linux version 3.10.0-693.11.1.el7.x86_64 (builder@kbuilder.dev.centos.org) (gcc version 4.8.5 20150623 (Red Hat 4.8.5-16) (GCC) ) #1 SMP Mon Dec 4 23:52:40 UTC 2017
[    0.000000] Command line: BOOT_IMAGE=/vmlinuz-3.10.0-693.11.1.el7.x86_64 root=UUID=27f9be47-838b-4155-b20b-e4c5e013cdf3 ro crashkernel=auto rhgb quiet LANG=en_US.UTF-8
[    0.000000] e820: BIOS-provided physical RAM map:
[    0.000000] BIOS-e820: [mem 0x0000000000000000-0x000000000009fbff] usable
[    0.000000] BIOS-e820: [mem 0x000000000009fc00-0x000000000009ffff] reserved
[    0.000000] BIOS-e820: [mem 0x00000000000f0000-0x00000000000fffff] reserved
[    0.000000] BIOS-e820: [mem 0x0000000000100000-0x00000000bff7ffff] usable
[    0.000000] BIOS-e820: [mem 0x00000000bff80000-0x00000000bfffffff] reserved
[    0.000000] BIOS-e820: [mem 0x00000000feffc000-0x00000000feffffff] reserved
[    0.000000] BIOS-e820: [mem 0x00000000fffc0000-0x00000000ffffffff] reserved
[    0.000000] BIOS-e820: [mem 0x0000000100000000-0x000000083fffffff] usable
[    0.000000] NX (Execute Disable) protection: active
[    0.000000] SMBIOS 2.8 present.
[    0.000000] DMI: OpenStack Foundation OpenStack Nova, BIOS rel-1.10.2-0-g5f4c7b1-20171204_045449-build10b184b49b19 04/01/2014
[    0.000000] Hypervisor detected: KVM
[    0.000000] e820: update [mem 0x00000000-0x00000fff] usable ==> reserved
[    0.000000] e820: remove [mem 0x000a0000-0x000fffff] usable
[    0.000000] e820: last_pfn = 0x840000 max_arch_pfn = 0x400000000
[    0.000000] MTRR default type: write-back
[    0.000000] MTRR fixed ranges enabled:
[    0.000000]   00000-9FFFF write-back
[    0.000000]   A0000-BFFFF uncachable
[    0.000000]   C0000-FFFFF write-protect
[    0.000000] MTRR variable ranges enabled:
[    0.000000]   0 base 000C0000000 mask 3FFC0000000 uncachable
[    0.000000]   1 disabled
[    0.000000]   2 disabled
[    0.000000]   3 disabled
[    0.000000]   4 disabled
[    0.000000]   5 disabled
[    0.000000]   6 disabled
[    0.000000]   7 disabled
[    0.000000] x86 PAT enabled: cpu 0, old 0x7040600070406, new 0x7010600070106
[    0.000000] e820: last_pfn = 0xbff80 max_arch_pfn = 0x400000000
[    0.000000] found SMP MP-table at [mem 0x000f6a80-0x000f6a8f] mapped at [ffff8800000f6a80]
[    0.000000] Base memory trampoline at [ffff880000099000] 99000 size 24576
[    0.000000] Using GB pages for direct mapping
[    0.000000] BRK [0x01fe9000, 0x01fe9fff] PGTABLE
[    0.000000] BRK [0x01fea000, 0x01feafff] PGTABLE
[    0.000000] BRK [0x01feb000, 0x01febfff] PGTABLE
[    0.000000] RAMDISK: [mem 0x35e30000-0x36f0ffff]
[    0.000000] Early table checksum verification disabled
[    0.000000] ACPI: RSDP 00000000000f67f0 00014 (v00 BOCHS )
[    0.000000] ACPI: RSDT 00000000bffe1a87 00030 (v01 BOCHS  BXPCRSDT 00000001 BXPC 00000001)
[    0.000000] ACPI: FACP 00000000bffe189b 00074 (v01 BOCHS  BXPCFACP 00000001 BXPC 00000001)
[    0.000000] ACPI: DSDT 00000000bffe0040 0185B (v01 BOCHS  BXPCDSDT 00000001 BXPC 00000001)
[    0.000000] ACPI: FACS 00000000bffe0000 00040
[    0.000000] ACPI: APIC 00000000bffe190f 00090 (v01 BOCHS  BXPCAPIC 00000001 BXPC 00000001)
[    0.000000] ACPI: SRAT 00000000bffe199f 000E8 (v01 BOCHS  BXPCSRAT 00000001 BXPC 00000001)
[    0.000000] ACPI: Local APIC address 0xfee00000
[    0.000000] SRAT: PXM 0 -> APIC 0x00 -> Node 0
[    0.000000] SRAT: PXM 0 -> APIC 0x01 -> Node 0
[    0.000000] SRAT: PXM 0 -> APIC 0x02 -> Node 0
[    0.000000] SRAT: PXM 0 -> APIC 0x03 -> Node 0
[    0.000000] SRAT: Node 0 PXM 0 [mem 0x00000000-0x0009ffff]
[    0.000000] SRAT: Node 0 PXM 0 [mem 0x00100000-0xbfffffff]
[    0.000000] SRAT: Node 0 PXM 0 [mem 0x100000000-0x83fffffff]
[    0.000000] NUMA: Node 0 [mem 0x00000000-0x0009ffff] + [mem 0x00100000-0xbfffffff] -> [mem 0x00000000-0xbfffffff]
[    0.000000] NUMA: Node 0 [mem 0x00000000-0xbfffffff] + [mem 0x100000000-0x83fffffff] -> [mem 0x00000000-0x83fffffff]
[    0.000000] NODE_DATA(0) allocated [mem 0x83ffd7000-0x83fffdfff]
[    0.000000] Reserving 162MB of memory at 688MB for crashkernel (System RAM: 32767MB)
[    0.000000] kvm-clock: Using msrs 4b564d01 and 4b564d00
[    0.000000] kvm-clock: cpu 0, msr 8:3ff87001, primary cpu clock
[    0.000000] kvm-clock: using sched offset of 13693824594 cycles
[    0.000000] Zone ranges:
[    0.000000]   DMA      [mem 0x00001000-0x00ffffff]
[    0.000000]   DMA32    [mem 0x01000000-0xffffffff]
[    0.000000]   Normal   [mem 0x100000000-0x83fffffff]
[    0.000000] Movable zone start for each node
[    0.000000] Early memory node ranges
[    0.000000]   node   0: [mem 0x00001000-0x0009efff]
[    0.000000]   node   0: [mem 0x00100000-0xbff7ffff]
[    0.000000]   node   0: [mem 0x100000000-0x83fffffff]
[    0.000000] Initmem setup node 0 [mem 0x00001000-0x83fffffff]
[    0.000000] On node 0 totalpages: 8388382
[    0.000000]   DMA zone: 64 pages used for memmap
[    0.000000]   DMA zone: 21 pages reserved
[    0.000000]   DMA zone: 3998 pages, LIFO batch:0
[    0.000000]   DMA32 zone: 12222 pages used for memmap
[    0.000000]   DMA32 zone: 782208 pages, LIFO batch:31
[    0.000000]   Normal zone: 118784 pages used for memmap
[    0.000000]   Normal zone: 7602176 pages, LIFO batch:31
[    0.000000] ACPI: PM-Timer IO Port: 0x608
[    0.000000] ACPI: Local APIC address 0xfee00000
[    0.000000] ACPI: LAPIC (acpi_id[0x00] lapic_id[0x00] enabled)
[    0.000000] ACPI: LAPIC (acpi_id[0x01] lapic_id[0x01] enabled)
[    0.000000] ACPI: LAPIC (acpi_id[0x02] lapic_id[0x02] enabled)
[    0.000000] ACPI: LAPIC (acpi_id[0x03] lapic_id[0x03] enabled)
[    0.000000] ACPI: LAPIC_NMI (acpi_id[0xff] dfl dfl lint[0x1])
[    0.000000] ACPI: IOAPIC (id[0x00] address[0xfec00000] gsi_base[0])
[    0.000000] IOAPIC[0]: apic_id 0, version 17, address 0xfec00000, GSI 0-23
[    0.000000] ACPI: INT_SRC_OVR (bus 0 bus_irq 0 global_irq 2 dfl dfl)
[    0.000000] ACPI: INT_SRC_OVR (bus 0 bus_irq 5 global_irq 5 high level)
[    0.000000] ACPI: INT_SRC_OVR (bus 0 bus_irq 9 global_irq 9 high level)
[    0.000000] ACPI: INT_SRC_OVR (bus 0 bus_irq 10 global_irq 10 high level)
[    0.000000] ACPI: INT_SRC_OVR (bus 0 bus_irq 11 global_irq 11 high level)
[    0.000000] ACPI: IRQ0 used by override.
[    0.000000] ACPI: IRQ5 used by override.
[    0.000000] ACPI: IRQ9 used by override.
[    0.000000] ACPI: IRQ10 used by override.
[    0.000000] ACPI: IRQ11 used by override.
[    0.000000] Using ACPI (MADT) for SMP configuration information
[    0.000000] smpboot: Allowing 4 CPUs, 0 hotplug CPUs
[    0.000000] PM: Registered nosave memory: [mem 0x0009f000-0x0009ffff]
[    0.000000] PM: Registered nosave memory: [mem 0x000a0000-0x000effff]
[    0.000000] PM: Registered nosave memory: [mem 0x000f0000-0x000fffff]
[    0.000000] PM: Registered nosave memory: [mem 0xbff80000-0xbfffffff]
[    0.000000] PM: Registered nosave memory: [mem 0xc0000000-0xfeffbfff]
[    0.000000] PM: Registered nosave memory: [mem 0xfeffc000-0xfeffffff]
[    0.000000] PM: Registered nosave memory: [mem 0xff000000-0xfffbffff]
[    0.000000] PM: Registered nosave memory: [mem 0xfffc0000-0xffffffff]
[    0.000000] e820: [mem 0xc0000000-0xfeffbfff] available for PCI devices
[    0.000000] Booting paravirtualized kernel on KVM
[    0.000000] setup_percpu: NR_CPUS:5120 nr_cpumask_bits:4 nr_cpu_ids:4 nr_node_ids:1
[    0.000000] PERCPU: Embedded 33 pages/cpu @ffff88083fc00000 s97048 r8192 d29928 u524288
[    0.000000] pcpu-alloc: s97048 r8192 d29928 u524288 alloc=1*2097152
[    0.000000] pcpu-alloc: [0] 0 1 2 3 
[    0.000000] KVM setup async PF for cpu 0
[    0.000000] kvm-stealtime: cpu 0, msr 83fc0f440
[    0.000000] PV qspinlock hash table entries: 256 (order: 0, 4096 bytes)
[    0.000000] Built 1 zonelists in Zone order, mobility grouping on.  Total pages: 8257291
[    0.000000] Policy zone: Normal
[    0.000000] Kernel command line: BOOT_IMAGE=/vmlinuz-3.10.0-693.11.1.el7.x86_64 root=UUID=27f9be47-838b-4155-b20b-e4c5e013cdf3 ro crashkernel=auto rhgb quiet LANG=en_US.UTF-8
[    0.000000] PID hash table entries: 4096 (order: 3, 32768 bytes)
[    0.000000] x86/fpu: xstate_offset[2]: 0240, xstate_sizes[2]: 0100
[    0.000000] xsave: enabled xstate_bv 0x7, cntxt size 0x340 using standard form
[    0.000000] Memory: 4976816k/34603008k available (6886k kernel code, 1049480k absent, 791212k reserved, 4545k data, 1764k init)
[    0.000000] SLUB: HWalign=64, Order=0-3, MinObjects=0, CPUs=4, Nodes=1
[    0.000000] Hierarchical RCU implementation.
[    0.000000] 	RCU restricting CPUs from NR_CPUS=5120 to nr_cpu_ids=4.
[    0.000000] NR_IRQS:327936 nr_irqs:456 0
[    0.000000] Console: colour VGA+ 80x25
[    0.000000] console [tty0] enabled
[    0.000000] allocated 134217728 bytes of page_cgroup
[    0.000000] please try 'cgroup_disable=memory' option if you don't want memory cgroups
[    0.000000] tsc: Detected 2593.992 MHz processor
[    0.182290] Calibrating delay loop (skipped) preset value.. 5187.98 BogoMIPS (lpj=2593992)
[    0.182293] pid_max: default: 32768 minimum: 301
[    0.182311] Security Framework initialized
[    0.182317] SELinux:  Initializing.
[    0.182326] SELinux:  Starting in permissive mode
[    0.182326] Yama: becoming mindful.
[    0.184070] Dentry cache hash table entries: 4194304 (order: 13, 33554432 bytes)
[    0.189115] Inode-cache hash table entries: 2097152 (order: 12, 16777216 bytes)
[    0.191424] Mount-cache hash table entries: 65536 (order: 7, 524288 bytes)
[    0.191452] Mountpoint-cache hash table entries: 65536 (order: 7, 524288 bytes)
[    0.191737] Initializing cgroup subsys memory
[    0.191743] Initializing cgroup subsys devices
[    0.191745] Initializing cgroup subsys freezer
[    0.191746] Initializing cgroup subsys net_cls
[    0.191747] Initializing cgroup subsys blkio
[    0.191748] Initializing cgroup subsys perf_event
[    0.191749] Initializing cgroup subsys hugetlb
[    0.191750] Initializing cgroup subsys pids
[    0.191751] Initializing cgroup subsys net_prio
[    0.191803] CPU: Physical Processor ID: 0
[    0.191804] CPU: Processor Core ID: 0
[    0.192585] mce: CPU supports 10 MCE banks
[    0.192630] Last level iTLB entries: 4KB 0, 2MB 0, 4MB 0
[    0.192631] Last level dTLB entries: 4KB 0, 2MB 0, 4MB 0
[    0.192633] tlb_flushall_shift: 6
[    0.193993] Freeing SMP alternatives: 24k freed
[    0.199510] ACPI: Core revision 20130517
[    0.200044] ACPI: All ACPI Tables successfully acquired
[    0.200081] ftrace: allocating 26586 entries in 104 pages
[    0.224186] smpboot: Max logical packages: 2
[    0.224354] Enabling x2apic
[    0.224359] Enabled x2apic
[    0.224549] Switched APIC routing to physical x2apic.
[    0.225423] ..TIMER: vector=0x30 apic1=0 pin1=2 apic2=-1 pin2=-1
[    0.225424] smpboot: CPU0: Intel(R) Xeon(R) CPU E5-2690 v4 @ 2.60GHz (fam: 06, model: 4f, stepping: 01)
[    0.225434] TSC deadline timer enabled
[    0.225441] Performance Events: 16-deep LBR, Broadwell events, Intel PMU driver.
[    0.225479] ... version:                2
[    0.225479] ... bit width:              48
[    0.225480] ... generic registers:      4
[    0.225481] ... value mask:             0000ffffffffffff
[    0.225481] ... max period:             000000007fffffff
[    0.225482] ... fixed-purpose events:   3
[    0.225483] ... event mask:             000000070000000f
[    0.225500] KVM setup paravirtual spinlock
[    0.226743] kvm-clock: cpu 1, msr 8:3ff87041, secondary cpu clock
[    0.229658] KVM setup async PF for cpu 1
[    0.229663] kvm-stealtime: cpu 1, msr 83fc8f440
[    0.229900] kvm-clock: cpu 2, msr 8:3ff87081, secondary cpu clock
[    0.232806] KVM setup async PF for cpu 2
[    0.232811] kvm-stealtime: cpu 2, msr 83fd0f440
[    0.226543] smpboot: Booting Node   0, Processors  #1 #2 #3 OK
[    0.233051] kvm-clock: cpu 3, msr 8:3ff870c1, secondary cpu clock
[    0.235950] Brought up 4 CPUs
[    0.235952] smpboot: Total of 4 processors activated (20751.93 BogoMIPS)
[    0.235956] KVM setup async PF for cpu 3
[    0.235963] kvm-stealtime: cpu 3, msr 83fd8f440
[    0.337253] node 0 initialised, 6946375 pages in 100ms
[    0.337488] devtmpfs: initialized
[    0.340286] EVM: security.selinux
[    0.340287] EVM: security.ima
[    0.340288] EVM: security.capability
[    0.341025] atomic64 test passed for x86-64 platform with CX8 and with SSE
[    0.341028] pinctrl core: initialized pinctrl subsystem
[    0.341121] RTC time:  9:34:59, date: 04/09/18
[    0.341203] NET: Registered protocol family 16
[    0.341404] ACPI: bus type PCI registered
[    0.341406] acpiphp: ACPI Hot Plug PCI Controller Driver version: 0.5
[    0.341494] PCI: Using configuration type 1 for base access
[    0.344898] ACPI: Added _OSI(Module Device)
[    0.344900] ACPI: Added _OSI(Processor Device)
[    0.344901] ACPI: Added _OSI(3.0 _SCP Extensions)
[    0.344902] ACPI: Added _OSI(Processor Aggregator Device)
[    0.345268] ACPI: EC: Look up EC in DSDT
[    0.348796] ACPI: Interpreter enabled
[    0.348806] ACPI: (supports S0 S3 S4 S5)
[    0.348807] ACPI: Using IOAPIC for interrupt routing
[    0.348815] PCI: Using host bridge windows from ACPI; if necessary, use "pci=nocrs" and report a bug
[    0.350674] ACPI: PCI Root Bridge [PCI0] (domain 0000 [bus 00-ff])
[    0.350678] acpi PNP0A03:00: _OSC: OS supports [ASPM ClockPM Segments MSI]
[    0.350681] acpi PNP0A03:00: _OSC failed (AE_NOT_FOUND); disabling ASPM
[    0.350690] acpi PNP0A03:00: fail to add MMCONFIG information, can't access extended PCI configuration space under this bridge.
[    0.350883] acpiphp: Slot [3] registered
[    0.350898] acpiphp: Slot [4] registered
[    0.350910] acpiphp: Slot [5] registered
[    0.350921] acpiphp: Slot [6] registered
[    0.350932] acpiphp: Slot [7] registered
[    0.350945] acpiphp: Slot [8] registered
[    0.350959] acpiphp: Slot [9] registered
[    0.350971] acpiphp: Slot [10] registered
[    0.350982] acpiphp: Slot [11] registered
[    0.350993] acpiphp: Slot [12] registered
[    0.351004] acpiphp: Slot [13] registered
[    0.351014] acpiphp: Slot [14] registered
[    0.351026] acpiphp: Slot [15] registered
[    0.351038] acpiphp: Slot [16] registered
[    0.351049] acpiphp: Slot [17] registered
[    0.351060] acpiphp: Slot [18] registered
[    0.351070] acpiphp: Slot [19] registered
[    0.351081] acpiphp: Slot [20] registered
[    0.351092] acpiphp: Slot [21] registered
[    0.351103] acpiphp: Slot [22] registered
[    0.351116] acpiphp: Slot [23] registered
[    0.351127] acpiphp: Slot [24] registered
[    0.351138] acpiphp: Slot [25] registered
[    0.351149] acpiphp: Slot [26] registered
[    0.351159] acpiphp: Slot [27] registered
[    0.351171] acpiphp: Slot [28] registered
[    0.351182] acpiphp: Slot [29] registered
[    0.351195] acpiphp: Slot [30] registered
[    0.351206] acpiphp: Slot [31] registered
[    0.351215] PCI host bridge to bus 0000:00
[    0.351217] pci_bus 0000:00: root bus resource [bus 00-ff]
[    0.351218] pci_bus 0000:00: root bus resource [io  0x0000-0x0cf7 window]
[    0.351220] pci_bus 0000:00: root bus resource [io  0x0d00-0xffff window]
[    0.351221] pci_bus 0000:00: root bus resource [mem 0x000a0000-0x000bffff window]
[    0.351222] pci_bus 0000:00: root bus resource [mem 0xc0000000-0xfebfffff window]
[    0.351247] pci 0000:00:00.0: [8086:1237] type 00 class 0x060000
[    0.351506] pci 0000:00:01.0: [8086:7000] type 00 class 0x060100
[    0.351874] pci 0000:00:01.1: [8086:7010] type 00 class 0x010180
[    0.367033] pci 0000:00:01.1: reg 0x20: [io  0xc200-0xc20f]
[    0.372870] pci 0000:00:01.1: legacy IDE quirk: reg 0x10: [io  0x01f0-0x01f7]
[    0.372872] pci 0000:00:01.1: legacy IDE quirk: reg 0x14: [io  0x03f6]
[    0.372873] pci 0000:00:01.1: legacy IDE quirk: reg 0x18: [io  0x0170-0x0177]
[    0.372875] pci 0000:00:01.1: legacy IDE quirk: reg 0x1c: [io  0x0376]
[    0.373011] pci 0000:00:01.2: [8086:7020] type 00 class 0x0c0300
[    0.387257] pci 0000:00:01.2: reg 0x20: [io  0xc1c0-0xc1df]
[    0.393242] pci 0000:00:01.3: [8086:7113] type 00 class 0x068000
[    0.393674] pci 0000:00:01.3: quirk: [io  0x0600-0x063f] claimed by PIIX4 ACPI
[    0.393680] pci 0000:00:01.3: quirk: [io  0x0700-0x070f] claimed by PIIX4 SMB
[    0.393831] pci 0000:00:02.0: [1013:00b8] type 00 class 0x030000
[    0.399364] pci 0000:00:02.0: reg 0x10: [mem 0xfc000000-0xfdffffff pref]
[    0.405316] pci 0000:00:02.0: reg 0x14: [mem 0xfebd0000-0xfebd0fff]
[    0.435054] pci 0000:00:02.0: reg 0x30: [mem 0xfebc0000-0xfebcffff pref]
[    0.435728] pci 0000:00:03.0: [1af4:1000] type 00 class 0x020000
[    0.443140] pci 0000:00:03.0: reg 0x10: [io  0xc000-0xc03f]
[    0.451757] pci 0000:00:03.0: reg 0x14: [mem 0xfebd1000-0xfebd1fff]
[    0.475553] pci 0000:00:03.0: reg 0x20: [mem 0xfe000000-0xfe003fff 64bit pref]
[    0.483585] pci 0000:00:03.0: reg 0x30: [mem 0xfeb80000-0xfebbffff pref]
[    0.484509] pci 0000:00:04.0: [1af4:1004] type 00 class 0x010000
[    0.491898] pci 0000:00:04.0: reg 0x10: [io  0xc040-0xc07f]
[    0.500477] pci 0000:00:04.0: reg 0x14: [mem 0xfebd2000-0xfebd2fff]
[    0.524411] pci 0000:00:04.0: reg 0x20: [mem 0xfe004000-0xfe007fff 64bit pref]
[    0.533442] pci 0000:00:05.0: [1af4:1004] type 00 class 0x010000
[    0.540907] pci 0000:00:05.0: reg 0x10: [io  0xc080-0xc0bf]
[    0.549883] pci 0000:00:05.0: reg 0x14: [mem 0xfebd3000-0xfebd3fff]
[    0.574689] pci 0000:00:05.0: reg 0x20: [mem 0xfe008000-0xfe00bfff 64bit pref]
[    0.584062] pci 0000:00:06.0: [1af4:1004] type 00 class 0x010000
[    0.591940] pci 0000:00:06.0: reg 0x10: [io  0xc0c0-0xc0ff]
[    0.600800] pci 0000:00:06.0: reg 0x14: [mem 0xfebd4000-0xfebd4fff]
[    0.626019] pci 0000:00:06.0: reg 0x20: [mem 0xfe00c000-0xfe00ffff 64bit pref]
[    0.635719] pci 0000:00:07.0: [1af4:1004] type 00 class 0x010000
[    0.643381] pci 0000:00:07.0: reg 0x10: [io  0xc100-0xc13f]
[    0.652106] pci 0000:00:07.0: reg 0x14: [mem 0xfebd5000-0xfebd5fff]
[    0.677233] pci 0000:00:07.0: reg 0x20: [mem 0xfe010000-0xfe013fff 64bit pref]
[    0.686552] pci 0000:00:08.0: [1af4:1003] type 00 class 0x078000
[    0.694364] pci 0000:00:08.0: reg 0x10: [io  0xc140-0xc17f]
[    0.703087] pci 0000:00:08.0: reg 0x14: [mem 0xfebd6000-0xfebd6fff]
[    0.728030] pci 0000:00:08.0: reg 0x20: [mem 0xfe014000-0xfe017fff 64bit pref]
[    0.737240] pci 0000:00:09.0: [1af4:1001] type 00 class 0x010000
[    0.745136] pci 0000:00:09.0: reg 0x10: [io  0xc180-0xc1bf]
[    0.753882] pci 0000:00:09.0: reg 0x14: [mem 0xfebd7000-0xfebd7fff]
[    0.782746] pci 0000:00:09.0: reg 0x20: [mem 0xfe018000-0xfe01bfff 64bit pref]
[    0.791766] pci 0000:00:0a.0: [1af4:1002] type 00 class 0x00ff00
[    0.796964] pci 0000:00:0a.0: reg 0x10: [io  0xc1e0-0xc1ff]
[    0.820191] pci 0000:00:0a.0: reg 0x20: [mem 0xfe01c000-0xfe01ffff 64bit pref]
[    0.826950] ACPI: PCI Interrupt Link [LNKA] (IRQs 5 *10 11)
[    0.827017] ACPI: PCI Interrupt Link [LNKB] (IRQs 5 *10 11)
[    0.827069] ACPI: PCI Interrupt Link [LNKC] (IRQs 5 10 *11)
[    0.827121] ACPI: PCI Interrupt Link [LNKD] (IRQs 5 10 *11)
[    0.827149] ACPI: PCI Interrupt Link [LNKS] (IRQs *9)
[    0.827337] ACPI: Enabled 3 GPEs in block 00 to 0F
[    0.827459] vgaarb: device added: PCI:0000:00:02.0,decodes=io+mem,owns=io+mem,locks=none
[    0.827461] vgaarb: loaded
[    0.827462] vgaarb: bridge control possible 0000:00:02.0
[    0.827537] SCSI subsystem initialized
[    0.827563] ACPI: bus type USB registered
[    0.827578] usbcore: registered new interface driver usbfs
[    0.827582] usbcore: registered new interface driver hub
[    0.827611] usbcore: registered new device driver usb
[    0.827731] PCI: Using ACPI for IRQ routing
[    0.827732] PCI: pci_cache_line_size set to 64 bytes
[    0.827911] e820: reserve RAM buffer [mem 0x0009fc00-0x0009ffff]
[    0.827913] e820: reserve RAM buffer [mem 0xbff80000-0xbfffffff]
[    0.827996] NetLabel: Initializing
[    0.827997] NetLabel:  domain hash size = 128
[    0.827998] NetLabel:  protocols = UNLABELED CIPSOv4
[    0.828007] NetLabel:  unlabeled traffic allowed by default
[    0.828039] amd_nb: Cannot enumerate AMD northbridges
[    0.828064] Switched to clocksource kvm-clock
[    0.832155] pnp: PnP ACPI init
[    0.832171] ACPI: bus type PNP registered
[    0.832222] pnp 00:00: Plug and Play ACPI device, IDs PNP0b00 (active)
[    0.832253] pnp 00:01: Plug and Play ACPI device, IDs PNP0303 (active)
[    0.832282] pnp 00:02: Plug and Play ACPI device, IDs PNP0f13 (active)
[    0.832297] pnp 00:03: [dma 2]
[    0.832305] pnp 00:03: Plug and Play ACPI device, IDs PNP0700 (active)
[    0.832367] pnp 00:04: Plug and Play ACPI device, IDs PNP0501 (active)
[    0.832490] pnp: PnP ACPI: found 5 devices
[    0.832491] ACPI: bus type PNP unregistered
[    0.838554] pci_bus 0000:00: resource 4 [io  0x0000-0x0cf7 window]
[    0.838556] pci_bus 0000:00: resource 5 [io  0x0d00-0xffff window]
[    0.838557] pci_bus 0000:00: resource 6 [mem 0x000a0000-0x000bffff window]
[    0.838558] pci_bus 0000:00: resource 7 [mem 0xc0000000-0xfebfffff window]
[    0.838585] NET: Registered protocol family 2
[    0.838845] TCP established hash table entries: 262144 (order: 9, 2097152 bytes)
[    0.839199] TCP bind hash table entries: 65536 (order: 8, 1048576 bytes)
[    0.839343] TCP: Hash tables configured (established 262144 bind 65536)
[    0.839374] TCP: reno registered
[    0.839403] UDP hash table entries: 16384 (order: 7, 524288 bytes)
[    0.839498] UDP-Lite hash table entries: 16384 (order: 7, 524288 bytes)
[    0.839607] NET: Registered protocol family 1
[    0.839617] pci 0000:00:00.0: Limiting direct PCI/PCI transfers
[    0.839633] pci 0000:00:01.0: PIIX3: Enabling Passive Release
[    0.839647] pci 0000:00:01.0: Activating ISA DMA hang workarounds
[    0.860230] ACPI: PCI Interrupt Link [LNKD] enabled at IRQ 11
[    0.882183] pci 0000:00:02.0: Boot video device
[    0.882236] PCI: CLS 0 bytes, default 64
[    0.882273] Unpacking initramfs...
[    1.063229] Freeing initrd memory: 17280k freed
[    1.067023] PCI-DMA: Using software bounce buffering for IO (SWIOTLB)
[    1.067027] software IO TLB [mem 0xbbf80000-0xbff80000] (64MB) mapped at [ffff8800bbf80000-ffff8800bff7ffff]
[    1.067071] RAPL PMU: API unit is 2^-32 Joules, 4 fixed counters, 10737418240 ms ovfl timer
[    1.067073] RAPL PMU: hw unit of domain pp0-core 2^-0 Joules
[    1.067073] RAPL PMU: hw unit of domain package 2^-0 Joules
[    1.067074] RAPL PMU: hw unit of domain dram 2^-0 Joules
[    1.067075] RAPL PMU: hw unit of domain pp1-gpu 2^-0 Joules
[    1.067576] sha1_ssse3: Using AVX optimized SHA-1 implementation
[    1.067624] sha256_ssse3: Using AVX2 optimized SHA-256 implementation
[    1.067826] futex hash table entries: 1024 (order: 4, 65536 bytes)
[    1.067838] Initialise system trusted keyring
[    1.067863] audit: initializing netlink socket (disabled)
[    1.067873] type=2000 audit(1523266499.464:1): initialized
[    1.085490] HugeTLB registered 1 GB page size, pre-allocated 0 pages
[    1.085491] HugeTLB registered 2 MB page size, pre-allocated 0 pages
[    1.086299] zpool: loaded
[    1.086302] zbud: loaded
[    1.086419] VFS: Disk quotas dquot_6.5.2
[    1.086439] Dquot-cache hash table entries: 512 (order 0, 4096 bytes)
[    1.086574] msgmni has been set to 32768
[    1.086612] Key type big_key registered
[    1.086615] SELinux:  Registering netfilter hooks
[    1.087398] NET: Registered protocol family 38
[    1.087402] Key type asymmetric registered
[    1.087404] Asymmetric key parser 'x509' registered
[    1.087423] Block layer SCSI generic (bsg) driver version 0.4 loaded (major 250)
[    1.087467] io scheduler noop registered
[    1.087469] io scheduler deadline registered (default)
[    1.087493] io scheduler cfq registered
[    1.087579] pci_hotplug: PCI Hot Plug PCI Core version: 0.5
[    1.087583] pciehp: PCI Express Hot Plug Controller Driver version: 0.4
[    1.087638] intel_idle: does not run on family 6 model 79
[    1.087685] input: Power Button as /devices/LNXSYSTM:00/LNXPWRBN:00/input/input0
[    1.087688] ACPI: Power Button [PWRF]
[    1.087835] GHES: HEST is not enabled!
[    1.087893] Serial: 8250/16550 driver, 4 ports, IRQ sharing enabled
[    1.110714] 00:04: ttyS0 at I/O 0x3f8 (irq = 4) is a 16550A
[    1.111087] Non-volatile memory driver v1.3
[    1.111108] Linux agpgart interface v0.103
[    1.111218] crash memory driver: version 1.1
[    1.111260] rdac: device handler registered
[    1.111297] hp_sw: device handler registered
[    1.111299] emc: device handler registered
[    1.111301] alua: device handler registered
[    1.111322] libphy: Fixed MDIO Bus: probed
[    1.111355] ehci_hcd: USB 2.0 'Enhanced' Host Controller (EHCI) Driver
[    1.111358] ehci-pci: EHCI PCI platform driver
[    1.111365] ohci_hcd: USB 1.1 'Open' Host Controller (OHCI) Driver
[    1.111368] ohci-pci: OHCI PCI platform driver
[    1.111373] uhci_hcd: USB Universal Host Controller Interface driver
[    1.133567] uhci_hcd 0000:00:01.2: UHCI Host Controller
[    1.133613] uhci_hcd 0000:00:01.2: new USB bus registered, assigned bus number 1
[    1.133630] uhci_hcd 0000:00:01.2: detected 2 ports
[    1.133700] uhci_hcd 0000:00:01.2: irq 11, io base 0x0000c1c0
[    1.133764] usb usb1: New USB device found, idVendor=1d6b, idProduct=0001
[    1.133765] usb usb1: New USB device strings: Mfr=3, Product=2, SerialNumber=1
[    1.133766] usb usb1: Product: UHCI Host Controller
[    1.133768] usb usb1: Manufacturer: Linux 3.10.0-693.11.1.el7.x86_64 uhci_hcd
[    1.133769] usb usb1: SerialNumber: 0000:00:01.2
[    1.133842] hub 1-0:1.0: USB hub found
[    1.133846] hub 1-0:1.0: 2 ports detected
[    1.133974] usbcore: registered new interface driver usbserial
[    1.133978] usbcore: registered new interface driver usbserial_generic
[    1.133982] usbserial: USB Serial support registered for generic
[    1.134000] i8042: PNP: PS/2 Controller [PNP0303:KBD,PNP0f13:MOU] at 0x60,0x64 irq 1,12
[    1.134529] serio: i8042 KBD port at 0x60,0x64 irq 1
[    1.134533] serio: i8042 AUX port at 0x60,0x64 irq 12
[    1.134623] mousedev: PS/2 mouse device common for all mice
[    1.134822] input: AT Translated Set 2 keyboard as /devices/platform/i8042/serio0/input/input1
[    1.135157] rtc_cmos 00:00: RTC can wake from S4
[    1.135388] input: VirtualPS/2 VMware VMMouse as /devices/platform/i8042/serio1/input/input2
[    1.135463] rtc_cmos 00:00: rtc core: registered rtc_cmos as rtc0
[    1.135537] rtc_cmos 00:00: alarms up to one day, y3k, 114 bytes nvram
[    1.135576] cpuidle: using governor menu
[    1.135601] input: VirtualPS/2 VMware VMMouse as /devices/platform/i8042/serio1/input/input3
[    1.135637] hidraw: raw HID events driver (C) Jiri Kosina
[    1.135702] usbcore: registered new interface driver usbhid
[    1.135703] usbhid: USB HID core driver
[    1.135723] drop_monitor: Initializing network drop monitor service
[    1.135779] TCP: cubic registered
[    1.135783] Initializing XFRM netlink socket
[    1.135865] NET: Registered protocol family 10
[    1.136081] NET: Registered protocol family 17
[    1.136215] microcode: CPU0 sig=0x406f1, pf=0x1, revision=0x1
[    1.136229] microcode: CPU1 sig=0x406f1, pf=0x1, revision=0x1
[    1.136244] microcode: CPU2 sig=0x406f1, pf=0x1, revision=0x1
[    1.136249] microcode: CPU3 sig=0x406f1, pf=0x1, revision=0x1
[    1.136272] microcode: Microcode Update Driver: v2.01 <tigran@aivazian.fsnet.co.uk>, Peter Oruba
[    1.136361] PM: Hibernation image not present or could not be loaded.
[    1.136363] Loading compiled-in X.509 certificates
[    1.136379] Loaded X.509 cert 'CentOS Linux kpatch signing key: ea0413152cde1d98ebdca3fe6f0230904c9ef717'
[    1.136385] Loaded X.509 cert 'CentOS Linux Driver update signing key: 7f421ee0ab69461574bb358861dbe77762a4201b'
[    1.136724] Loaded X.509 cert 'CentOS Linux kernel signing key: 61b8e87b841184f62f80d60779ab692a49d83baf'
[    1.136737] registered taskstats version 1
[    1.138226] Key type trusted registered
[    1.139427] Key type encrypted registered
[    1.140589] IMA: No TPM chip found, activating TPM-bypass!
[    1.141126]   Magic number: 14:644:575
[    1.141149]  workqueue: hash matches
[    1.141241] rtc_cmos 00:00: setting system clock to 2018-04-09 09:34:59 UTC (1523266499)
[    1.141728] Freeing unused kernel memory: 1764k freed
[    1.143970] random: systemd: uninitialized urandom read (16 bytes read)
[    1.144187] random: systemd: uninitialized urandom read (16 bytes read)
[    1.144196] random: systemd: uninitialized urandom read (16 bytes read)
[    1.145007] systemd[1]: systemd 219 running in system mode. (+PAM +AUDIT +SELINUX +IMA -APPARMOR +SMACK +SYSVINIT +UTMP +LIBCRYPTSETUP +GCRYPT +GNUTLS +ACL +XZ -LZ4 -SECCOMP +BLKID +ELFUTILS +KMOD +IDN)
[    1.145022] systemd[1]: Detected virtualization kvm.
[    1.145025] systemd[1]: Detected architecture x86-64.
[    1.145026] systemd[1]: Running in initial RAM disk.
[    1.145048] systemd[1]: Set hostname to <ecs-centos74-test.novalocal>.
[    1.163512] random: systemd: uninitialized urandom read (16 bytes read)
[    1.163528] random: systemd: uninitialized urandom read (16 bytes read)
[    1.163547] random: systemd: uninitialized urandom read (16 bytes read)
[    1.163582] random: systemd: uninitialized urandom read (16 bytes read)
[    1.163952] random: systemd: uninitialized urandom read (16 bytes read)
[    1.164036] random: systemd: uninitialized urandom read (16 bytes read)
[    1.164170] random: systemd: uninitialized urandom read (16 bytes read)
[    1.166531] systemd[1]: Reached target Timers.
[    1.166538] systemd[1]: Starting Timers.
[    1.166546] systemd[1]: Reached target Swap.
[    1.166550] systemd[1]: Starting Swap.
[    1.166644] systemd[1]: Created slice Root Slice.
[    1.166649] systemd[1]: Starting Root Slice.
[    1.166686] systemd[1]: Listening on Journal Socket.
[    1.166692] systemd[1]: Starting Journal Socket.
[    1.166744] systemd[1]: Created slice System Slice.
[    1.166750] systemd[1]: Starting System Slice.
[    1.166770] systemd[1]: Listening on udev Control Socket.
[    1.166774] systemd[1]: Starting udev Control Socket.
[    1.166780] systemd[1]: Reached target Slices.
[    1.166784] systemd[1]: Starting Slices.
[    1.167169] systemd[1]: Starting Create list of required static device nodes for the current kernel...
[    1.167198] systemd[1]: Listening on udev Kernel Socket.
[    1.167207] systemd[1]: Starting udev Kernel Socket.
[    1.167216] systemd[1]: Reached target Sockets.
[    1.167220] systemd[1]: Starting Sockets.
[    1.167501] systemd[1]: Starting Setup Virtual Console...
[    1.167542] systemd[1]: Reached target Local File Systems.
[    1.167547] systemd[1]: Starting Local File Systems.
[    1.167842] systemd[1]: Starting Journal Service...
[    1.168160] systemd[1]: Starting Apply Kernel Variables...
[    1.169703] systemd[1]: Starting dracut cmdline hook...
[    1.169985] systemd[1]: Started Create list of required static device nodes for the current kernel.
[    1.170589] systemd[1]: Started Apply Kernel Variables.
[    1.171088] systemd[1]: Starting Create Static Device Nodes in /dev...
[    1.172623] systemd[1]: Started Create Static Device Nodes in /dev.
[    1.179505] systemd[1]: Started Journal Service.
[    1.265333] libata version 3.00 loaded.
[    1.266838] ata_piix 0000:00:01.1: version 2.13
[    1.269601] scsi host0: ata_piix
[    1.269672] scsi host1: ata_piix
[    1.269690] ata1: PATA max MWDMA2 cmd 0x1f0 ctl 0x3f6 bmdma 0xc200 irq 14
[    1.269691] ata2: PATA max MWDMA2 cmd 0x170 ctl 0x376 bmdma 0xc208 irq 15
[    1.272237] FDC 0 is a S82078B
[    1.275089] [drm] Initialized
[    1.292453] ACPI: PCI Interrupt Link [LNKC] enabled at IRQ 10
[    1.295050] [TTM] Zone  kernel: Available graphics memory: 16390692 kiB
[    1.295051] [TTM] Zone   dma32: Available graphics memory: 2097152 kiB
[    1.295052] [TTM] Initializing pool allocator
[    1.295055] [TTM] Initializing DMA pool allocator
[    1.295255] [drm] fb mappable at 0xFC000000
[    1.295256] [drm] vram aper at 0xFC000000
[    1.295257] [drm] size 33554432
[    1.295257] [drm] fb depth is 24
[    1.295258] [drm]    pitch is 3072
[    1.295297] fbcon: cirrusdrmfb (fb0) is primary device
[    1.313241] Console: switching to colour frame buffer device 128x48
[    1.321271] cirrus 0000:00:02.0: fb0: cirrusdrmfb frame buffer device
[    1.325081] [drm] Initialized cirrus 1.0.0 20110418 for 0000:00:02.0 on minor 0
[    1.367056] ACPI: PCI Interrupt Link [LNKA] enabled at IRQ 10
[    1.388230] ACPI: PCI Interrupt Link [LNKB] enabled at IRQ 11
[    1.436073] usb 1-1: new full-speed USB device number 2 using uhci_hcd
[    1.482352] virtio-pci 0000:00:09.0: irq 24 for MSI/MSI-X
[    1.482367] virtio-pci 0000:00:09.0: irq 25 for MSI/MSI-X
[    1.482797] virtio-pci 0000:00:04.0: irq 26 for MSI/MSI-X
[    1.482974] virtio-pci 0000:00:04.0: irq 27 for MSI/MSI-X
[    1.483004] virtio-pci 0000:00:04.0: irq 28 for MSI/MSI-X
[    1.483027] virtio-pci 0000:00:04.0: irq 29 for MSI/MSI-X
[    1.483673] scsi host2: Virtio SCSI HBA
[    1.483765]  vda: vda1 vda2
[    1.484386] virtio-pci 0000:00:05.0: irq 30 for MSI/MSI-X
[    1.484402] virtio-pci 0000:00:05.0: irq 31 for MSI/MSI-X
[    1.484416] virtio-pci 0000:00:05.0: irq 32 for MSI/MSI-X
[    1.484430] virtio-pci 0000:00:05.0: irq 33 for MSI/MSI-X
[    1.484470] virtio-pci 0000:00:08.0: irq 34 for MSI/MSI-X
[    1.484485] virtio-pci 0000:00:08.0: irq 35 for MSI/MSI-X
[    1.485501] scsi 2:0:0:0: Direct-Access     HGST     HUC101818CS4200  A902 PQ: 0 ANSI: 6
[    1.485508] scsi host3: Virtio SCSI HBA
[    1.486277] virtio-pci 0000:00:06.0: irq 36 for MSI/MSI-X
[    1.486307] virtio-pci 0000:00:06.0: irq 37 for MSI/MSI-X
[    1.486356] virtio-pci 0000:00:06.0: irq 38 for MSI/MSI-X
[    1.486402] virtio-pci 0000:00:06.0: irq 39 for MSI/MSI-X
[    1.487456] scsi host4: Virtio SCSI HBA
[    1.488778] virtio-pci 0000:00:07.0: irq 40 for MSI/MSI-X
[    1.488838] virtio-pci 0000:00:07.0: irq 41 for MSI/MSI-X
[    1.488907] virtio-pci 0000:00:07.0: irq 42 for MSI/MSI-X
[    1.488922] virtio-pci 0000:00:07.0: irq 43 for MSI/MSI-X
[    1.489208] virtio-pci 0000:00:03.0: irq 44 for MSI/MSI-X
[    1.489275] virtio-pci 0000:00:03.0: irq 45 for MSI/MSI-X
[    1.489351] virtio-pci 0000:00:03.0: irq 46 for MSI/MSI-X
[    1.489394] virtio-pci 0000:00:03.0: irq 47 for MSI/MSI-X
[    1.489411] virtio-pci 0000:00:03.0: irq 48 for MSI/MSI-X
[    1.489518] virtio-pci 0000:00:03.0: irq 49 for MSI/MSI-X
[    1.489582] virtio-pci 0000:00:03.0: irq 50 for MSI/MSI-X
[    1.489652] virtio-pci 0000:00:03.0: irq 51 for MSI/MSI-X
[    1.489669] virtio-pci 0000:00:03.0: irq 52 for MSI/MSI-X
[    1.490497] scsi host5: Virtio SCSI HBA
[    1.491372] random: fast init done
[    1.523457] scsi 2:0:0:1: Direct-Access     HGST     HUC101818CS4200  A902 PQ: 0 ANSI: 6
[    1.555709] sd 2:0:0:0: [sda] 3516328368 512-byte logical blocks: (1.80 TB/1.63 TiB)
[    1.555711] sd 2:0:0:0: [sda] 4096-byte physical blocks
[    1.557676] sd 2:0:0:0: [sda] Write Protect is off
[    1.557679] sd 2:0:0:0: [sda] Mode Sense: f7 00 10 08
[    1.560300] sd 2:0:0:0: [sda] Write cache: enabled, read cache: enabled, supports DPO and FUA
[    1.563981] sd 2:0:0:1: [sdb] 3516328368 512-byte logical blocks: (1.80 TB/1.63 TiB)
[    1.563984] sd 2:0:0:1: [sdb] 4096-byte physical blocks
[    1.570934] sd 2:0:0:1: [sdb] Write Protect is off
[    1.570937] sd 2:0:0:1: [sdb] Mode Sense: f7 00 10 08
[    1.573542] sd 2:0:0:1: [sdb] Write cache: enabled, read cache: enabled, supports DPO and FUA
[    1.584723] sd 2:0:0:0: [sda] Attached SCSI disk
[    1.587079] usb 1-1: New USB device found, idVendor=0627, idProduct=0001
[    1.587082] usb 1-1: New USB device strings: Mfr=1, Product=3, SerialNumber=5
[    1.587083] usb 1-1: Product: QEMU USB Tablet
[    1.587084] usb 1-1: Manufacturer: QEMU
[    1.587085] usb 1-1: SerialNumber: 42
[    1.596239] input: QEMU QEMU USB Tablet as /devices/pci0000:00/0000:00:01.2/usb1/1-1/1-1:1.0/input/input4
[    1.596349] hid-generic 0003:0627:0001.0001: input,hidraw0: USB HID v0.01 Pointer [QEMU QEMU USB Tablet] on usb-0000:00:01.2-1/input0
[    1.598079] sd 2:0:0:1: [sdb] Attached SCSI disk
[    1.997015] EXT4-fs (vda2): mounted filesystem with ordered data mode. Opts: (null)
[    2.069122] tsc: Refined TSC clocksource calibration: 2593.994 MHz
[    3.010938] systemd-journald[105]: Received SIGTERM from PID 1 (systemd).
[    4.295315] SELinux:  Disabled at runtime.
[    4.295335] SELinux:  Unregistering netfilter hooks
[    4.337076] type=1404 audit(1523266502.695:2): selinux=0 auid=4294967295 ses=4294967295
[    6.211234] ip_tables: (C) 2000-2006 Netfilter Core Team
[    6.211282] systemd[1]: Inserted module 'ip_tables'
[    8.120502] EXT4-fs (vda2): re-mounted. Opts: (null)
[    8.178742] systemd-journald[370]: Received request to flush runtime journal from PID 1
[    9.850787] ppdev: user-space parallel port driver
[    9.866938] piix4_smbus 0000:00:01.3: SMBus Host Controller at 0x700, revision 0
[    9.940246] input: PC Speaker as /devices/platform/pcspkr/input/input5
[    9.946165] sd 2:0:0:0: Attached scsi generic sg0 type 0
[    9.946199] sd 2:0:0:1: Attached scsi generic sg1 type 0
[    9.978156] random: crng init done
[   10.131922] AES CTR mode by8 optimization enabled
[   10.133542] alg: No test for __gcm-aes-aesni (__driver-gcm-aes-aesni)
[   10.137421] alg: No test for crc32 (crc32-pclmul)
[   10.146374] EDAC MC: Ver: 3.0.0
[   10.149130] EDAC sbridge: Seeking for: PCI ID 8086:6fa0
[   10.149133] EDAC sbridge:  Ver: 1.1.1 
[   10.162347] EXT4-fs (vda1): mounted filesystem with ordered data mode. Opts: (null)
[  700.763890] nr_pdflush_threads exported in /proc is scheduled for removal
